Last login: Mon Jun 19 10:58:23 on console
SongYoungMinui-Mac-mini:~ songyoungmin$  ssh mswbingo@work.doubleubingo.com
mswbingo@work.doubleubingo.com's password: 
Last login: Sun Jun 18 17:55:40 2017 from 61.74.84.1
[mswbingo@localhost ~]$ sudo su
[sudo] password for mswbingo: 
[root@localhost mswbingo]# cd ..
[root@localhost home]# cd ..
[root@localhost /]# cd wbingo
[root@localhost wbingo]# cd WBingo_GCMServer/
[root@localhost WBingo_GCMServer]# 
[root@localhost WBingo_GCMServer]# 
[root@localhost WBingo_GCMServer]# ll -lat
합계 484028
drwxrwxr-x  4 wadmin   dub_server       4096 2017-06-14 12:22 .
-rwxr-xr-x  1 root     root           347024 2017-06-14 12:22 GEngine_GCM
-rwxrwxr-x  1 wadmin   dub_server      62875 2017-06-14 12:22 main.cpp
-rw-r--r--  1 mswbingo dub_server       2664 2017-06-14 11:58 main_gengine.cpp
drwxrwxr-x  2 wadmin   dub_server      12288 2017-06-14 00:27 log
-rw-------  1 mswbingo dub_server 1195319296 2017-06-13 14:19 core.3988
-rw-------  1 mswbingo dub_server   82750517 2017-06-13 13:46 nohup.out
drwxrwxr-x 10 wadmin   dub_server       4096 2017-04-06 23:24 ..
drwxrwxr-x  2 wadmin   dub_server       4096 2016-03-11 19:09 conf
-rw-------  1 mswbingo dub_server 1121906688 2016-03-10 14:54 core.14289
-rw-------  1 mswbingo dub_server 1124941824 2016-03-10 14:45 core.10744
-rw-------  1 mswbingo dub_server 1131835392 2016-03-10 12:40 core.8730
-rw-------  1 mswbingo dub_server 1128513536 2016-03-09 12:40 core.3153
-rwxrwxr-x  1 wadmin   dub_server      12987 2016-03-09 12:13 DBPool.cpp
-rwxrwxr-x  1 wadmin   dub_server       1256 2016-03-09 12:05 MiscUtil.h
-rwxrwxr-x  1 wadmin   dub_server       8975 2016-03-09 12:05 MiscUtil.cpp
-rwxrwxr-x  1 wadmin   dub_server        476 2016-03-09 12:03 header.h
-rwxrwxr-x  1 wadmin   dub_server      90747 2016-03-09 12:03 emoji.cpp
-rwxrwxr-x  1 wadmin   dub_server       1100 2016-03-09 12:03 DBPool.h
-rwxrwxr-x  1 wadmin   dub_server        823 2015-03-19 12:50 Makefile
-rwxrwxr-x  1 wadmin   dub_server        128 2015-03-19 12:50 go.sh
-rwxrwxr-x  1 wadmin   dub_server         92 2015-03-19 12:50 GEngine_GCM.sh
-rwxrwxr-x  1 wadmin   dub_server         34 2015-03-19 12:50 emoji.h
[root@localhost WBingo_GCMServer]# 
[root@localhost WBingo_GCMServer]# 
[root@localhost WBingo_GCMServer]# 
[root@localhost WBingo_GCMServer]# pa aux | grep GEngine_GCM
bash: pa: command not found
[root@localhost WBingo_GCMServer]# ps aux | grep GEngine_GCM
root     17976  0.0  0.0 107472   960 pts/4    S+   11:42   0:00 grep GEngine_GCM
[root@localhost WBingo_GCMServer]# 
[root@localhost WBingo_GCMServer]# 
[root@localhost WBingo_GCMServer]# 
[root@localhost WBingo_GCMServer]# 
[root@localhost WBingo_GCMServer]# packet_write_wait: Connection to 116.122.38.134: Broken pipe
SongYoungMinui-Mac-mini:~ songyoungmin$ 
SongYoungMinui-Mac-mini:~ songyoungmin$ 
SongYoungMinui-Mac-mini:~ songyoungmin$  ssh mswbingo@work.doubleubingo.com
mswbingo@work.doubleubingo.com's password: 
Permission denied, please try again.
mswbingo@work.doubleubingo.com's password: 
Permission denied, please try again.
mswbingo@work.doubleubingo.com's password: 
Last login: Mon Jun 19 11:40:21 2017 from 61.74.84.1
[mswbingo@localhost ~]$ sudo su
[sudo] password for mswbingo: 
[root@localhost mswbingo]# cd ..
[root@localhost home]# cd ..
[root@localhost /]# cd wbingo
[root@localhost wbingo]# cd WBingo_GCMServer/
[root@localhost WBingo_GCMServer]# 
[root@localhost WBingo_GCMServer]# 
[root@localhost WBingo_GCMServer]# 
[root@localhost WBingo_GCMServer]# ll -lat
합계 484028
drwxrwxr-x  4 wadmin   dub_server       4096 2017-06-14 12:22 .
-rwxr-xr-x  1 root     root           347024 2017-06-14 12:22 GEngine_GCM
-rwxrwxr-x  1 wadmin   dub_server      62875 2017-06-14 12:22 main.cpp
-rw-r--r--  1 mswbingo dub_server       2664 2017-06-14 11:58 main_gengine.cpp
drwxrwxr-x  2 wadmin   dub_server      12288 2017-06-14 00:27 log
-rw-------  1 mswbingo dub_server 1195319296 2017-06-13 14:19 core.3988
-rw-------  1 mswbingo dub_server   82750517 2017-06-13 13:46 nohup.out
drwxrwxr-x 10 wadmin   dub_server       4096 2017-04-06 23:24 ..
drwxrwxr-x  2 wadmin   dub_server       4096 2016-03-11 19:09 conf
-rw-------  1 mswbingo dub_server 1121906688 2016-03-10 14:54 core.14289
-rw-------  1 mswbingo dub_server 1124941824 2016-03-10 14:45 core.10744
-rw-------  1 mswbingo dub_server 1131835392 2016-03-10 12:40 core.8730
-rw-------  1 mswbingo dub_server 1128513536 2016-03-09 12:40 core.3153
-rwxrwxr-x  1 wadmin   dub_server      12987 2016-03-09 12:13 DBPool.cpp
-rwxrwxr-x  1 wadmin   dub_server       1256 2016-03-09 12:05 MiscUtil.h
-rwxrwxr-x  1 wadmin   dub_server       8975 2016-03-09 12:05 MiscUtil.cpp
-rwxrwxr-x  1 wadmin   dub_server        476 2016-03-09 12:03 header.h
-rwxrwxr-x  1 wadmin   dub_server      90747 2016-03-09 12:03 emoji.cpp
-rwxrwxr-x  1 wadmin   dub_server       1100 2016-03-09 12:03 DBPool.h
-rwxrwxr-x  1 wadmin   dub_server        823 2015-03-19 12:50 Makefile
-rwxrwxr-x  1 wadmin   dub_server        128 2015-03-19 12:50 go.sh
-rwxrwxr-x  1 wadmin   dub_server         92 2015-03-19 12:50 GEngine_GCM.sh
-rwxrwxr-x  1 wadmin   dub_server         34 2015-03-19 12:50 emoji.h
[root@localhost WBingo_GCMServer]# make
g++ -Wall -g -c -D_REENTRANT -D_LARGEFILE_SOURCE -D_FILE_OFFSET_BITS=64 -I/usr/include/mysql MiscUtil.cpp
g++ -Wall -g -c -D_REENTRANT -D_LARGEFILE_SOURCE -D_FILE_OFFSET_BITS=64 -I/usr/include/mysql DBPool.cpp
g++ -Wall -g -c -D_REENTRANT -D_LARGEFILE_SOURCE -D_FILE_OFFSET_BITS=64 -I/usr/include/mysql emoji.cpp
g++ -Wall -g -c -D_REENTRANT -D_LARGEFILE_SOURCE -D_FILE_OFFSET_BITS=64 -I/usr/include/mysql main.cpp
main.cpp: In function ‘void* push_neworder_thread(void*)’:
main.cpp:1774: warning: unknown conversion type character ‘'’ in format
main.cpp:1786: warning: format ‘%s’ expects type ‘char*’, but argument 3 has type ‘char (*)[100]’
main.cpp:1825: warning: format ‘%lld’ expects type ‘long long int’, but argument 4 has type ‘int’
main.cpp: In function ‘void* push_newjoin_thread(void*)’:
main.cpp:1915: warning: unused variable ‘res_ptr’
main.cpp:1916: warning: unused variable ‘sqlrow’
main.cpp:1917: warning: unused variable ‘sql’
main.cpp:1918: warning: unused variable ‘res_ptr2’
main.cpp:1919: warning: unused variable ‘sqlrow2’
main.cpp: In function ‘void* push_bonusdaily_thread(void*)’:
main.cpp:1956: warning: unused variable ‘res_ptr’
main.cpp:1957: warning: unused variable ‘sqlrow’
main.cpp:1958: warning: unused variable ‘sql’
main.cpp:1959: warning: unused variable ‘res_ptr2’
main.cpp:1960: warning: unused variable ‘sqlrow2’
main.cpp: In function ‘void* push_2weekshigh_thread(void*)’:
main.cpp:1997: warning: unused variable ‘res_ptr’
main.cpp:1998: warning: unused variable ‘sqlrow’
main.cpp:1999: warning: unused variable ‘sql’
main.cpp:2000: warning: unused variable ‘res_ptr2’
main.cpp:2001: warning: unused variable ‘sqlrow2’
main.cpp: In function ‘void* push_2weekslow_thread(void*)’:
main.cpp:2038: warning: unused variable ‘res_ptr’
main.cpp:2039: warning: unused variable ‘sqlrow’
main.cpp:2040: warning: unused variable ‘sql’
main.cpp:2041: warning: unused variable ‘res_ptr2’
main.cpp:2042: warning: unused variable ‘sqlrow2’
g++ -Wall -g -o GEngine_GCM -D_REENTRANT -D_LARGEFILE_SOURCE -D_FILE_OFFSET_BITS=64 MiscUtil.o DBPool.o emoji.o main.o -lpthread -lmysqlclient_r -lcurl -ljson -lrt  -L/usr/lib64/mysql
rm -f MiscUtil.o DBPool.o emoji.o main.o
[root@localhost WBingo_GCMServer]# killall GEngine_GCM
GEngine_GCM: no process killed
[root@localhost WBingo_GCMServer]# killall GEngine_GCM
GEngine_GCM: no process killed
[root@localhost WBingo_GCMServer]# 
[root@localhost WBingo_GCMServer]# 
[root@localhost WBingo_GCMServer]# nohup ./GEngine_GCM &
[1] 23130
[root@localhost WBingo_GCMServer]# nohup: ignoring input and appending output to `nohup.out'

[root@localhost WBingo_GCMServer]# 
[root@localhost WBingo_GCMServer]# 
[root@localhost WBingo_GCMServer]# 
[root@localhost WBingo_GCMServer]# 
[root@localhost WBingo_GCMServer]# 
[root@localhost WBingo_GCMServer]# *** longjmp causes uninitialized stack frame ***: ./GEngine_GCM terminated
======= Backtrace: =========
/lib64/libc.so.6(__fortify_fail+0x37)[0x7f1037e5a6d7]
/lib64/libc.so.6(+0x102669)[0x7f1037e5a669]
/lib64/libc.so.6(__longjmp_chk+0x33)[0x7f1037e5a5d3]
/usr/lib64/libcurl.so.4(+0xf425)[0x7f1038ca4425]
/lib64/libpthread.so.0(+0xf7e0)[0x7f10393d87e0]
/lib64/libc.so.6(nanosleep+0x2d)[0x7f1037e04bdd]
/lib64/libc.so.6(sleep+0xe0)[0x7f1037e04a50]
./GEngine_GCM[0x41233e]
/lib64/libc.so.6(__libc_start_main+0xfd)[0x7f1037d76d1d]
./GEngine_GCM[0x402809]
======= Memory map: ========
00400000-00420000 r-xp 00000000 08:01 265060                             /wbingo/WBingo_GCMServer/GEngine_GCM
0061f000-00621000 rw-p 0001f000 08:01 265060                             /wbingo/WBingo_GCMServer/GEngine_GCM
012d3000-01399000 rw-p 00000000 00:00 0                                  [heap]
30c9c00000-30c9c15000 r-xp 00000000 08:01 1182312                        /lib64/libz.so.1.2.3
30c9c15000-30c9e14000 ---p 00015000 08:01 1182312                        /lib64/libz.so.1.2.3
30c9e14000-30c9e15000 r--p 00014000 08:01 1182312                        /lib64/libz.so.1.2.3
30c9e15000-30c9e16000 rw-p 00015000 08:01 1182312                        /lib64/libz.so.1.2.3
30cfc00000-30cfc32000 r-xp 00000000 08:01 1182327                        /lib64/libidn.so.11.6.1
30cfc32000-30cfe31000 ---p 00032000 08:01 1182327                        /lib64/libidn.so.11.6.1
30cfe31000-30cfe32000 rw-p 00031000 08:01 1182327                        /lib64/libidn.so.11.6.1
7f0f6efd8000-7f0f6efd9000 ---p 00000000 00:00 0 
7f0f6efd9000-7f0f6f9d9000 rw-p 00000000 00:00 0 
7f0f6f9d9000-7f0f6f9da000 ---p 00000000 00:00 0 
7f0f6f9da000-7f0f703da000 rw-p 00000000 00:00 0 
7f0f703da000-7f0f703db000 ---p 00000000 00:00 0 
7f0f703db000-7f0f70ddb000 rw-p 00000000 00:00 0 
7f0f70ddb000-7f0f70ddc000 ---p 00000000 00:00 0 
7f0f70ddc000-7f0f717dc000 rw-p 00000000 00:00 0 
7f0f717dc000-7f0f717dd000 ---p 00000000 00:00 0 
7f0f717dd000-7f0f721dd000 rw-p 00000000 00:00 0 
7f0f721dd000-7f0f721de000 ---p 00000000 00:00 0 
7f0f721de000-7f0f72bde000 rw-p 00000000 00:00 0 
7f0f72bde000-7f0f72bdf000 ---p 00000000 00:00 0 
7f0f72bdf000-7f0f735df000 rw-p 00000000 00:00 0 
7f0f735df000-7f0f735e0000 ---p 00000000 00:00 0 
7f0f735e0000-7f0f73fe0000 rw-p 00000000 00:00 0 
7f0f73fe0000-7f0f73fe1000 ---p 00000000 00:00 0 
7f0f73fe1000-7f0f749e1000 rw-p 00000000 00:00 0 
7f0f749e1000-7f0f749e2000 ---p 00000000 00:00 0 
7f0f749e2000-7f0f753e2000 rw-p 00000000 00:00 0 
7f0f753e2000-7f0f753e3000 ---p 00000000 00:00 0 
7f0f753e3000-7f0f75de3000 rw-p 00000000 00:00 0 
7f0f75de3000-7f0f75de4000 ---p 00000000 00:00 0 
7f0f75de4000-7f0f767e4000 rw-p 00000000 00:00 0 
7f0f767e4000-7f0f767e5000 ---p 00000000 00:00 0 
7f0f767e5000-7f0f771e5000 rw-p 00000000 00:00 0 
7f0f771e5000-7f0f771e6000 ---p 00000000 00:00 0 
7f0f771e6000-7f0f77be6000 rw-p 00000000 00:00 0 
7f0f77be6000-7f0f77be7000 ---p 00000000 00:00 0 
7f0f77be7000-7f0f785e7000 rw-p 00000000 00:00 0 
7f0f785e7000-7f0f785e8000 ---p 00000000 00:00 0 
7f0f785e8000-7f0f78fe8000 rw-p 00000000 00:00 0 
7f0f78fe8000-7f0f78fe9000 ---p 00000000 00:00 0 
7f0f78fe9000-7f0f799e9000 rw-p 00000000 00:00 0 
7f0f799e9000-7f0f799ea000 ---p 00000000 00:00 0 
7f0f799ea000-7f0f7a3ea000 rw-p 00000000 00:00 0 
7f0f7a3ea000-7f0f7a3eb000 ---p 00000000 00:00 0 
7f0f7a3eb000-7f0f7adeb000 rw-p 00000000 00:00 0 
7f0f7adeb000-7f0f7adec000 ---p 00000000 00:00 0 
7f0f7adec000-7f0f7b7ec000 rw-p 00000000 00:00 0 
7f0f7b7ec000-7f0f7b7ed000 ---p 00000000 00:00 0 
7f0f7b7ed000-7f0f7c1ed000 rw-p 00000000 00:00 0 
7f0f7c1ed000-7f0f7c1ee000 ---p 00000000 00:00 0 
7f0f7c1ee000-7f0f7cbee000 rw-p 00000000 00:00 0 
7f0f7cbee000-7f0f7cbef000 ---p 00000000 00:00 0 
7f0f7cbef000-7f0f7d5ef000 rw-p 00000000 00:00 0 
7f0f7d5ef000-7f0f7d5f0000 ---p 00000000 00:00 0 
7f0f7d5f0000-7f0f7dff0000 rw-p 00000000 00:00 0 
7f0f7dff0000-7f0f7dff1000 ---p 00000000 00:00 0 
7f0f7dff1000-7f0f7e9f1000 rw-p 00000000 00:00 0 
7f0f7e9f1000-7f0f7e9f2000 ---p 00000000 00:00 0 
7f0f7e9f2000-7f0f7f3f2000 rw-p 00000000 00:00 0 
7f0f7f3f2000-7f0f7f3f3000 ---p 00000000 00:00 0 
7f0f7f3f3000-7f0f7fdf3000 rw-p 00000000 00:00 0 
7f0f7fdf3000-7f0f7fdf4000 ---p 00000000 00:00 0 
7f0f7fdf4000-7f0f807f4000 rw-p 00000000 00:00 0 
7f0f807f4000-7f0f807f5000 ---p 00000000 00:00 0 
7f0f807f5000-7f0f811f5000 rw-p 00000000 00:00 0 
7f0f811f5000-7f0f811f6000 ---p 00000000 00:00 0 
7f0f811f6000-7f0f81bf6000 rw-p 00000000 00:00 0 
7f0f81bf6000-7f0f81bf7000 ---p 00000000 00:00 0 
7f0f81bf7000-7f0f825f7000 rw-p 00000000 00:00 0 
7f0f825f7000-7f0f825f8000 ---p 00000000 00:00 0 
7f0f825f8000-7f0f82ff8000 rw-p 00000000 00:00 0 
7f0f82ff8000-7f0f82ff9000 ---p 00000000 00:00 0 
7f0f82ff9000-7f0f839f9000 rw-p 00000000 00:00 0 
7f0f839f9000-7f0f839fa000 ---p 00000000 00:00 0 
7f0f839fa000-7f0f843fa000 rw-p 00000000 00:00 0 
7f0f843fa000-7f0f843fb000 ---p 00000000 00:00 0 
7f0f843fb000-7f0f84dfb000 rw-p 00000000 00:00 0 
7f0f84dfb000-7f0f84dfc000 ---p 00000000 00:00 0 
7f0f84dfc000-7f0f857fc000 rw-p 00000000 00:00 0 
7f0f857fc000-7f0f857fd000 ---p 00000000 00:00 0 
7f0f857fd000-7f0f861fd000 rw-p 00000000 00:00 0 
7f0f861fd000-7f0f861fe000 ---p 00000000 00:00 0 
7f0f861fe000-7f0f86bfe000 rw-p 00000000 00:00 0 
7f0f86bfe000-7f0f86bff000 ---p 00000000 00:00 0 
7f0f86bff000-7f0f875ff000 rw-p 00000000 00:00 0 
7f0f875ff000-7f0f87600000 ---p 00000000 00:00 0 
7f0f87600000-7f0f88000000 rw-p 00000000 00:00 0 
7f0f88000000-7f0f88021000 rw-p 00000000 00:00 0 
7f0f88021000-7f0f8c000000 ---p 00000000 00:00 0 
7f0f8c000000-7f0f8c021000 rw-p 00000000 00:00 0 
7f0f8c021000-7f0f90000000 ---p 00000000 00:00 0 
7f0f90000000-7f0f90021000 rw-p 00000000 00:00 0 
7f0f90021000-7f0f94000000 ---p 00000000 00:00 0 
7f0f94000000-7f0f94021000 rw-p 00000000 00:00 0 
7f0f94021000-7f0f98000000 ---p 00000000 00:00 0 
7f0f983fa000-7f0f983fb000 ---p 00000000 00:00 0 
7f0f983fb000-7f0f98dfb000 rw-p 00000000 00:00 0 
7f0f98dfb000-7f0f98dfc000 ---p 00000000 00:00 0 
7f0f98dfc000-7f0f997fc000 rw-p 00000000 00:00 0 
7f0f997fc000-7f0f997fd000 ---p 00000000 00:00 0 
7f0f997fd000-7f0f9a1fd000 rw-p 00000000 00:00 0 
7f0f9a1fd000-7f0f9a1fe000 ---p 00000000 00:00 0 
7f0f9a1fe000-7f0f9abfe000 rw-p 00000000 00:00 0 
7f0f9abfe000-7f0f9abff000 ---p 00000000 00:00 0 
7f0f9abff000-7f0f9b5ff000 rw-p 00000000 00:00 0 
7f0f9b5ff000-7f0f9b600000 ---p 00000000 00:00 0 
7f0f9b600000-7f0f9c000000 rw-p 00000000 00:00 0 
7f0f9c000000-7f0f9c021000 rw-p 00000000 00:00 0 
7f0f9c021000-7f0fa0000000 ---p 00000000 00:00 0 
7f0fa0000000-7f0fa0021000 rw-p 00000000 00:00 0 
7f0fa0021000-7f0fa4000000 ---p 00000000 00:00 0 
7f0fa4000000-7f0fa4021000 rw-p 00000000 00:00 0 
7f0fa4021000-7f0fa8000000 ---p 00000000 00:00 0 
7f0fa83fa000-7f0fa83fb000 ---p 00000000 00:00 0 
7f0fa83fb000-7f0fa8dfb000 rw-p 00000000 00:00 0 
7f0fa8dfb000-7f0fa8dfc000 ---p 00000000 00:00 0 
7f0fa8dfc000-7f0fa97fc000 rw-p 00000000 00:00 0 
7f0fa97fc000-7f0fa97fd000 ---p 00000000 00:00 0 
7f0fa97fd000-7f0faa1fd000 rw-p 00000000 00:00 0 
7f0faa1fd000-7f0faa1fe000 ---p 00000000 00:00 0 
7f0faa1fe000-7f0faabfe000 rw-p 00000000 00:00 0 
7f0faabfe000-7f0faabff000 ---p 00000000 00:00 0 
7f0faabff000-7f0fab5ff000 rw-p 00000000 00:00 0 
7f0fab5ff000-7f0fab600000 ---p 00000000 00:00 0 
[1]+  중지됨               (core dumped) nohup ./GEngine_GCM
[root@localhost WBingo_GCMServer]# 
[root@localhost WBingo_GCMServer]# 
[root@localhost WBingo_GCMServer]# 
[root@localhost WBingo_GCMServer]# 
[root@localhost WBingo_GCMServer]# 
[root@localhost WBingo_GCMServer]# 
[root@localhost WBingo_GCMServer]# 
[root@localhost WBingo_GCMServer]# 
[root@localhost WBingo_GCMServer]# 
[root@localhost WBingo_GCMServer]# 
[root@localhost WBingo_GCMServer]# ll -lat
합계 579484
-rwxrwxr-x  1 wadmin   dub_server      62871 2017-06-19 13:59 main.cpp
-rw-------  1 root     root       1192845312 2017-06-19 13:56 core.23130
drwxrwxr-x  4 wadmin   dub_server       4096 2017-06-19 13:56 .
-rw-------  1 mswbingo dub_server   82757443 2017-06-19 13:56 nohup.out
drwxrwxr-x  2 wadmin   dub_server      12288 2017-06-19 13:56 log
-rwxr-xr-x  1 root     root           347024 2017-06-19 13:55 GEngine_GCM
-rw-r--r--  1 mswbingo dub_server       2664 2017-06-14 11:58 main_gengine.cpp
-rw-------  1 mswbingo dub_server 1195319296 2017-06-13 14:19 core.3988
drwxrwxr-x 10 wadmin   dub_server       4096 2017-04-06 23:24 ..
drwxrwxr-x  2 wadmin   dub_server       4096 2016-03-11 19:09 conf
-rw-------  1 mswbingo dub_server 1121906688 2016-03-10 14:54 core.14289
-rw-------  1 mswbingo dub_server 1124941824 2016-03-10 14:45 core.10744
-rw-------  1 mswbingo dub_server 1131835392 2016-03-10 12:40 core.8730
-rw-------  1 mswbingo dub_server 1128513536 2016-03-09 12:40 core.3153
-rwxrwxr-x  1 wadmin   dub_server      12987 2016-03-09 12:13 DBPool.cpp
-rwxrwxr-x  1 wadmin   dub_server       1256 2016-03-09 12:05 MiscUtil.h
-rwxrwxr-x  1 wadmin   dub_server       8975 2016-03-09 12:05 MiscUtil.cpp
-rwxrwxr-x  1 wadmin   dub_server        476 2016-03-09 12:03 header.h
-rwxrwxr-x  1 wadmin   dub_server      90747 2016-03-09 12:03 emoji.cpp
-rwxrwxr-x  1 wadmin   dub_server       1100 2016-03-09 12:03 DBPool.h
-rwxrwxr-x  1 wadmin   dub_server        823 2015-03-19 12:50 Makefile
-rwxrwxr-x  1 wadmin   dub_server        128 2015-03-19 12:50 go.sh
-rwxrwxr-x  1 wadmin   dub_server         92 2015-03-19 12:50 GEngine_GCM.sh
-rwxrwxr-x  1 wadmin   dub_server         34 2015-03-19 12:50 emoji.h
[root@localhost WBingo_GCMServer]# make
g++ -Wall -g -c -D_REENTRANT -D_LARGEFILE_SOURCE -D_FILE_OFFSET_BITS=64 -I/usr/include/mysql MiscUtil.cpp
g++ -Wall -g -c -D_REENTRANT -D_LARGEFILE_SOURCE -D_FILE_OFFSET_BITS=64 -I/usr/include/mysql DBPool.cpp
g++ -Wall -g -c -D_REENTRANT -D_LARGEFILE_SOURCE -D_FILE_OFFSET_BITS=64 -I/usr/include/mysql emoji.cpp
g++ -Wall -g -c -D_REENTRANT -D_LARGEFILE_SOURCE -D_FILE_OFFSET_BITS=64 -I/usr/include/mysql main.cpp
main.cpp: In function ‘void* push_neworder_thread(void*)’:
main.cpp:1774: warning: unknown conversion type character ‘'’ in format
main.cpp:1786: warning: format ‘%s’ expects type ‘char*’, but argument 3 has type ‘char (*)[100]’
main.cpp:1825: warning: format ‘%lld’ expects type ‘long long int’, but argument 4 has type ‘int’
main.cpp: In function ‘void* push_newjoin_thread(void*)’:
main.cpp:1915: warning: unused variable ‘res_ptr’
main.cpp:1916: warning: unused variable ‘sqlrow’
main.cpp:1917: warning: unused variable ‘sql’
main.cpp:1918: warning: unused variable ‘res_ptr2’
main.cpp:1919: warning: unused variable ‘sqlrow2’
main.cpp: In function ‘void* push_bonusdaily_thread(void*)’:
main.cpp:1956: warning: unused variable ‘res_ptr’
main.cpp:1957: warning: unused variable ‘sqlrow’
main.cpp:1958: warning: unused variable ‘sql’
main.cpp:1959: warning: unused variable ‘res_ptr2’
main.cpp:1960: warning: unused variable ‘sqlrow2’
main.cpp: In function ‘void* push_2weekshigh_thread(void*)’:
main.cpp:1997: warning: unused variable ‘res_ptr’
main.cpp:1998: warning: unused variable ‘sqlrow’
main.cpp:1999: warning: unused variable ‘sql’
main.cpp:2000: warning: unused variable ‘res_ptr2’
main.cpp:2001: warning: unused variable ‘sqlrow2’
main.cpp: In function ‘void* push_2weekslow_thread(void*)’:
main.cpp:2038: warning: unused variable ‘res_ptr’
main.cpp:2039: warning: unused variable ‘sqlrow’
main.cpp:2040: warning: unused variable ‘sql’
main.cpp:2041: warning: unused variable ‘res_ptr2’
main.cpp:2042: warning: unused variable ‘sqlrow2’
g++ -Wall -g -o GEngine_GCM -D_REENTRANT -D_LARGEFILE_SOURCE -D_FILE_OFFSET_BITS=64 MiscUtil.o DBPool.o emoji.o main.o -lpthread -lmysqlclient_r -lcurl -ljson -lrt  -L/usr/lib64/mysql
rm -f MiscUtil.o DBPool.o emoji.o main.o
[root@localhost WBingo_GCMServer]# killall -9 GEngine_GCM
GEngine_GCM: no process killed
[root@localhost WBingo_GCMServer]# killall -9 GEngine_GCM
GEngine_GCM: no process killed
[root@localhost WBingo_GCMServer]# ./GEngine_GCM









sql : SELECT t4.useridx, t4.userid, t4.credit, t4.level, t4.nickname, DATE_FORMAT(t3.logindate, '%H') AS login_hour_min FROM (SELECT t1.useridx, t2.logindate, t1.writedate FROM tbl_product_order t1 JOIN tbl_user_ext t2 ON t1.useridx = t2.useridx WHERE t1.useridx > 10090 AND t1.status = 1 GROUP BY t1.useridx HAVING COUNT(t1.useridx)=1) t3 JOIN tbl_user t4 ON t3.useridx = t4.useridx WHERE DATE_ADD(t3.writedate, INTERVAL 12 HOUR) < NOW() AND t3.writedate >  DATE_SUB(NOW(), INTERVAL 30 DAY ) AND t3.useridx NOT IN (SELECT useridx FROM tbl_user_guest) AND t3.useridx NOT IN (SELECT useridx FROM tbl_user_delete WHERE `status` = 1 ) 
NOTI COUNT : 0
useridx : 10369  userid: 100000597867474   usercredit : 4416735  userlevel : 221 
tbl_user_notification_info : SELECT m.uuid, m.os_type, m.push_enabled FROM tbl_user_mobile AS m JOIN tbl_user_notification_info AS i ON m.useridx = i.useridx WHERE i.useridx = 10369 AND NOW() > IFNULL(DATE_ADD(lastpushdate, INTERVAL 1 DAY),0) AND pushcount <= 7 
useridx   : 10369  os_type : 2 push_enabled : 1 uuid : APA91bEtkZrqTZpTyT0Re9fDLNIoDwltalcEn10IZe7R3Tddzhm31qKJtu0uE7PxKG1Zoc_WVW5mfgqCW8eyua3gZ9yvRobF-L_58IdHigkrBKUJqjbxRWlyE3nPn4PL4Cl3B4HAz2-n 
useridx   : 10369  insert tbl_android_idx ----  INSERT INTO tbl_android_idx(type, writedate) VALUES(90, NOW()) 
useridx   : 10369  select tbl_android_idx ----  SELECT MAX(messageidx) FROM tbl_android_idx WHERE type = 90 
useridx   : 10369  tbl_user_inbox ----  INSERT INTO tbl_user_inbox(useridx, sender_useridx, sender_name, sender_photourl, imageurl, category, title, gift, status, writedate) VALUES(10369, 0, 'Tina Scott', 'http://graph.facebook.com/100004597905307/picture?type=square', '', 6, Congratulations 'YM'! Play now and win 770 Credits at no condition! Dont miss out!, 770, 0, NOW())  
NOTI COUNT : 0
NOTI COUNT : 0
NOTI COUNT : 0
sql : SELECT t4.useridx, t4.userid, t4.credit, t4.level, t4.nickname, DATE_FORMAT(t3.logindate, '%H') AS login_hour_min FROM (SELECT t1.useridx, t2.logindate, t1.writedate FROM tbl_product_order t1 JOIN tbl_user_ext t2 ON t1.useridx = t2.useridx WHERE t1.useridx > 10090 AND t1.status = 1 GROUP BY t1.useridx HAVING COUNT(t1.useridx)=1) t3 JOIN tbl_user t4 ON t3.useridx = t4.useridx WHERE DATE_ADD(t3.writedate, INTERVAL 12 HOUR) < NOW() AND t3.writedate >  DATE_SUB(NOW(), INTERVAL 30 DAY ) AND t3.useridx NOT IN (SELECT useridx FROM tbl_user_guest) AND t3.useridx NOT IN (SELECT useridx FROM tbl_user_delete WHERE `status` = 1 ) 
useridx : 10369  userid: 100000597867474   usercredit : 4416735  userlevel : 221 
tbl_user_notification_info : SELECT m.uuid, m.os_type, m.push_enabled FROM tbl_user_mobile AS m JOIN tbl_user_notification_info AS i ON m.useridx = i.useridx WHERE i.useridx = 10369 AND NOW() > IFNULL(DATE_ADD(lastpushdate, INTERVAL 1 DAY),0) AND pushcount <= 7 
useridx   : 10369  os_type : 2 push_enabled : 1 uuid : APA91bEtkZrqTZpTyT0Re9fDLNIoDwltalcEn10IZe7R3Tddzhm31qKJtu0uE7PxKG1Zoc_WVW5mfgqCW8eyua3gZ9yvRobF-L_58IdHigkrBKUJqjbxRWlyE3nPn4PL4Cl3B4HAz2-n 
useridx   : 10369  insert tbl_android_idx ----  INSERT INTO tbl_android_idx(type, writedate) VALUES(90, NOW()) 
useridx   : 10369  select tbl_android_idx ----  SELECT MAX(messageidx) FROM tbl_android_idx WHERE type = 90 
useridx   : 10369  tbl_user_inbox ----  INSERT INTO tbl_user_inbox(useridx, sender_useridx, sender_name, sender_photourl, imageurl, category, title, gift, status, writedate) VALUES(10369, 0, 'Tina Scott', 'http://graph.facebook.com/100004597905307/picture?type=square', '', 6, Congratulations 'YM'! Play now and win 770 Credits at no condition! Dont miss out!, 770, 0, NOW())  
NOTI COUNT : 0
NOTI COUNT : 0
NOTI COUNT : 0
sql : SELECT t4.useridx, t4.userid, t4.credit, t4.level, t4.nickname, DATE_FORMAT(t3.logindate, '%H') AS login_hour_min FROM (SELECT t1.useridx, t2.logindate, t1.writedate FROM tbl_product_order t1 JOIN tbl_user_ext t2 ON t1.useridx = t2.useridx WHERE t1.useridx > 10090 AND t1.status = 1 GROUP BY t1.useridx HAVING COUNT(t1.useridx)=1) t3 JOIN tbl_user t4 ON t3.useridx = t4.useridx WHERE DATE_ADD(t3.writedate, INTERVAL 12 HOUR) < NOW() AND t3.writedate >  DATE_SUB(NOW(), INTERVAL 30 DAY ) AND t3.useridx NOT IN (SELECT useridx FROM tbl_user_guest) AND t3.useridx NOT IN (SELECT useridx FROM tbl_user_delete WHERE `status` = 1 ) 
useridx : 10369  userid: 100000597867474   usercredit : 4416735  userlevel : 221 
tbl_user_notification_info : SELECT m.uuid, m.os_type, m.push_enabled FROM tbl_user_mobile AS m JOIN tbl_user_notification_info AS i ON m.useridx = i.useridx WHERE i.useridx = 10369 AND NOW() > IFNULL(DATE_ADD(lastpushdate, INTERVAL 1 DAY),0) AND pushcount <= 7 
NOTI COUNT : 0
NOTI COUNT : 0
NOTI COUNT : 0
sql : SELECT t4.useridx, t4.userid, t4.credit, t4.level, t4.nickname, DATE_FORMAT(t3.logindate, '%H') AS login_hour_min FROM (SELECT t1.useridx, t2.logindate, t1.writedate FROM tbl_product_order t1 JOIN tbl_user_ext t2 ON t1.useridx = t2.useridx WHERE t1.useridx > 10090 AND t1.status = 1 GROUP BY t1.useridx HAVING COUNT(t1.useridx)=1) t3 JOIN tbl_user t4 ON t3.useridx = t4.useridx WHERE DATE_ADD(t3.writedate, INTERVAL 12 HOUR) < NOW() AND t3.writedate >  DATE_SUB(NOW(), INTERVAL 30 DAY ) AND t3.useridx NOT IN (SELECT useridx FROM tbl_user_guest) AND t3.useridx NOT IN (SELECT useridx FROM tbl_user_delete WHERE `status` = 1 ) 
useridx : 10369  userid: 100000597867474   usercredit : 4416735  userlevel : 221 
tbl_user_notification_info : SELECT m.uuid, m.os_type, m.push_enabled FROM tbl_user_mobile AS m JOIN tbl_user_notification_info AS i ON m.useridx = i.useridx WHERE i.useridx = 10369 AND NOW() > IFNULL(DATE_ADD(lastpushdate, INTERVAL 1 DAY),0) AND pushcount <= 7 
NOTI COUNT : 0
^Z
[1]+  Stopped                 ./GEngine_GCM
[root@localhost WBingo_GCMServer]# packet_write_wait: Connection to 116.122.38.134: Broken pipe
SongYoungMinui-Mac-mini:~ songyoungmin$  ssh mswbingo@work.doubleubingo.com
mswbingo@work.doubleubingo.com's password: 
Last login: Mon Jun 19 13:55:33 2017 from 61.74.84.1
[mswbingo@localhost ~]$ sudo su
[sudo] password for mswbingo: 
[root@localhost mswbingo]# cd ..
[root@localhost home]# cd ..
[root@localhost /]# cd wbingo
[root@localhost wbingo]# cd WBingo_GCMServer/
[root@localhost WBingo_GCMServer]# 
[root@localhost WBingo_GCMServer]# 
[root@localhost WBingo_GCMServer]# ll -lat
합계 579484
-rwxrwxr-x  1 wadmin   dub_server      62971 2017-06-19 15:24 main.cpp
drwxrwxr-x  4 wadmin   dub_server       4096 2017-06-19 13:59 .
-rwxr-xr-x  1 root     root           347192 2017-06-19 13:59 GEngine_GCM
-rw-------  1 root     root       1192845312 2017-06-19 13:56 core.23130
-rw-------  1 mswbingo dub_server   82757443 2017-06-19 13:56 nohup.out
drwxrwxr-x  2 wadmin   dub_server      12288 2017-06-19 13:56 log
-rw-r--r--  1 mswbingo dub_server       2664 2017-06-14 11:58 main_gengine.cpp
-rw-------  1 mswbingo dub_server 1195319296 2017-06-13 14:19 core.3988
drwxrwxr-x 10 wadmin   dub_server       4096 2017-04-06 23:24 ..
drwxrwxr-x  2 wadmin   dub_server       4096 2016-03-11 19:09 conf
-rw-------  1 mswbingo dub_server 1121906688 2016-03-10 14:54 core.14289
-rw-------  1 mswbingo dub_server 1124941824 2016-03-10 14:45 core.10744
-rw-------  1 mswbingo dub_server 1131835392 2016-03-10 12:40 core.8730
-rw-------  1 mswbingo dub_server 1128513536 2016-03-09 12:40 core.3153
-rwxrwxr-x  1 wadmin   dub_server      12987 2016-03-09 12:13 DBPool.cpp
-rwxrwxr-x  1 wadmin   dub_server       1256 2016-03-09 12:05 MiscUtil.h
-rwxrwxr-x  1 wadmin   dub_server       8975 2016-03-09 12:05 MiscUtil.cpp
-rwxrwxr-x  1 wadmin   dub_server        476 2016-03-09 12:03 header.h
-rwxrwxr-x  1 wadmin   dub_server      90747 2016-03-09 12:03 emoji.cpp
-rwxrwxr-x  1 wadmin   dub_server       1100 2016-03-09 12:03 DBPool.h
-rwxrwxr-x  1 wadmin   dub_server        823 2015-03-19 12:50 Makefile
-rwxrwxr-x  1 wadmin   dub_server        128 2015-03-19 12:50 go.sh
-rwxrwxr-x  1 wadmin   dub_server         92 2015-03-19 12:50 GEngine_GCM.sh
-rwxrwxr-x  1 wadmin   dub_server         34 2015-03-19 12:50 emoji.h
[root@localhost WBingo_GCMServer]# make
g++ -Wall -g -c -D_REENTRANT -D_LARGEFILE_SOURCE -D_FILE_OFFSET_BITS=64 -I/usr/include/mysql MiscUtil.cpp
g++ -Wall -g -c -D_REENTRANT -D_LARGEFILE_SOURCE -D_FILE_OFFSET_BITS=64 -I/usr/include/mysql DBPool.cpp
g++ -Wall -g -c -D_REENTRANT -D_LARGEFILE_SOURCE -D_FILE_OFFSET_BITS=64 -I/usr/include/mysql emoji.cpp
g++ -Wall -g -c -D_REENTRANT -D_LARGEFILE_SOURCE -D_FILE_OFFSET_BITS=64 -I/usr/include/mysql main.cpp
main.cpp: In function ‘void* push_neworder_thread(void*)’:
main.cpp:1774: warning: unknown conversion type character ‘'’ in format
main.cpp:1786: warning: format ‘%s’ expects type ‘char*’, but argument 3 has type ‘char (*)[100]’
main.cpp:1825: warning: format ‘%lld’ expects type ‘long long int’, but argument 4 has type ‘int’
main.cpp: In function ‘void* push_newjoin_thread(void*)’:
main.cpp:1915: warning: unused variable ‘res_ptr’
main.cpp:1916: warning: unused variable ‘sqlrow’
main.cpp:1917: warning: unused variable ‘sql’
main.cpp:1918: warning: unused variable ‘res_ptr2’
main.cpp:1919: warning: unused variable ‘sqlrow2’
main.cpp: In function ‘void* push_bonusdaily_thread(void*)’:
main.cpp:1956: warning: unused variable ‘res_ptr’
main.cpp:1957: warning: unused variable ‘sqlrow’
main.cpp:1958: warning: unused variable ‘sql’
main.cpp:1959: warning: unused variable ‘res_ptr2’
main.cpp:1960: warning: unused variable ‘sqlrow2’
main.cpp: In function ‘void* push_2weekshigh_thread(void*)’:
main.cpp:1997: warning: unused variable ‘res_ptr’
main.cpp:1998: warning: unused variable ‘sqlrow’
main.cpp:1999: warning: unused variable ‘sql’
main.cpp:2000: warning: unused variable ‘res_ptr2’
main.cpp:2001: warning: unused variable ‘sqlrow2’
main.cpp: In function ‘void* push_2weekslow_thread(void*)’:
main.cpp:2038: warning: unused variable ‘res_ptr’
main.cpp:2039: warning: unused variable ‘sqlrow’
main.cpp:2040: warning: unused variable ‘sql’
main.cpp:2041: warning: unused variable ‘res_ptr2’
main.cpp:2042: warning: unused variable ‘sqlrow2’
g++ -Wall -g -o GEngine_GCM -D_REENTRANT -D_LARGEFILE_SOURCE -D_FILE_OFFSET_BITS=64 MiscUtil.o DBPool.o emoji.o main.o -lpthread -lmysqlclient_r -lcurl -ljson -lrt  -L/usr/lib64/mysql
rm -f MiscUtil.o DBPool.o emoji.o main.o
[root@localhost WBingo_GCMServer]# ./GEngine_GCM
./GEngine_GCM process already running.
[root@localhost WBingo_GCMServer]# 
[root@localhost WBingo_GCMServer]# 
[root@localhost WBingo_GCMServer]# killall WB
WB: no process killed
[root@localhost WBingo_GCMServer]# killall GEngine_GCM
[root@localhost WBingo_GCMServer]# killall GEngine_GCM
[root@localhost WBingo_GCMServer]# 
[root@localhost WBingo_GCMServer]# ./GEngine_GCM
./GEngine_GCM process already running.
[root@localhost WBingo_GCMServer]# 
[root@localhost WBingo_GCMServer]# 
[root@localhost WBingo_GCMServer]# 
[root@localhost WBingo_GCMServer]# ps aux | grep GEngine_GCM
root     23363  0.0  1.9 3270188 74648 pts/4   Tl   13:59   0:00 ./GEngine_GCM
root     26396  0.0  0.0 107476   964 pts/5    S+   15:27   0:00 grep GEngine_GCM
[root@localhost WBingo_GCMServer]# 
[root@localhost WBingo_GCMServer]# 
[root@localhost WBingo_GCMServer]# 
[root@localhost WBingo_GCMServer]# killall -9 GEngine_GCM
[root@localhost WBingo_GCMServer]# killall -9 GEngine_GCM
GEngine_GCM: no process killed
[root@localhost WBingo_GCMServer]# ./GEngine_GCM




NOTI COUNT : 0
useridx : 10369  userid: 100000597867474   usercredit : 4416735  userlevel : 221 
tbl_user_notification_info : SELECT m.uuid, m.os_type, m.push_enabled FROM tbl_user_mobile AS m JOIN tbl_user_notification_info AS i ON m.useridx = i.useridx WHERE i.useridx = 10369 AND NOW() > IFNULL(DATE_ADD(lastpushdate, INTERVAL 1 DAY),0) AND pushcount <= 7 
useridx   : 10369  os_type : 0 push_enabled : 0 uuid :  


NOTI COUNT : 0
NOTI COUNT : 0
NOTI COUNT : 0
useridx : 10369  userid: 100000597867474   usercredit : 4416735  userlevel : 221 
tbl_user_notification_info : SELECT m.uuid, m.os_type, m.push_enabled FROM tbl_user_mobile AS m JOIN tbl_user_notification_info AS i ON m.useridx = i.useridx WHERE i.useridx = 10369 AND NOW() > IFNULL(DATE_ADD(lastpushdate, INTERVAL 1 DAY),0) AND pushcount <= 7 
useridx   : 10369  os_type : 0 push_enabled : 0 uuid :  
NOTI COUNT : 0
NOTI COUNT : 0
NOTI COUNT : 0
useridx : 10369  userid: 100000597867474   usercredit : 4416735  userlevel : 221 
tbl_user_notification_info : SELECT m.uuid, m.os_type, m.push_enabled FROM tbl_user_mobile AS m JOIN tbl_user_notification_info AS i ON m.useridx = i.useridx WHERE i.useridx = 10369 AND NOW() > IFNULL(DATE_ADD(lastpushdate, INTERVAL 1 DAY),0) AND pushcount <= 7 
useridx   : 10369  os_type : 2 push_enabled : 1 uuid : APA91bEtkZrqTZpTyT0Re9fDLNIoDwltalcEn10IZe7R3Tddzhm31qKJtu0uE7PxKG1Zoc_WVW5mfgqCW8eyua3gZ9yvRobF-L_58IdHigkrBKUJqjbxRWlyE3nPn4PL4Cl3B4HAz2-n 
useridx   : 10369  os_type : 2 push_enabled : 1 uuid : APA91bEtkZrqTZpTyT0Re9fDLNIoDwltalcEn10IZe7R3Tddzhm31qKJtu0uE7PxKG1Zoc_WVW5mfgqCW8eyua3gZ9yvRobF-L_58IdHigkrBKUJqjbxRWlyE3nPn4PL4Cl3B4HAz2-n 
useridx   : 10369  tbl_user_notification_android_new ----  INSERT IGNORE INTO tbl_user_notification_android_new(uuid, messageidx, message, eventcode, push_type, createdate)  VALUES ('APA91bEtkZrqTZpTyT0Re9fDLNIoDwltalcEn10IZe7R3Tddzhm31qKJtu0uE7PxKG1Zoc_WVW5mfgqCW8eyua3gZ9yvRobF-L_58IdHigkrBKUJqjbxRWlyE3nPn4PL4Cl3B4HAz2-n', 2769, 'Congratulations 'YM'! Play now and win 770 Credits at no condition! Dont miss out!', 'CP_', 90, NOW()) ON DUPLICATE KEY UPDATE message = 'Congratulations 'YM'! Play now and win 770 Credits at no condition! Dont miss out!', send = 0, error = 0, request = 0, createdate = NOW(), senddate = 0 
useridx   : 10369  tbl_user_inbox ----  INSERT INTO tbl_user_inbox(useridx, sender_useridx, sender_name, sender_photourl, imageurl, category, title, gift, status, writedate) VALUES(10369, 0, 'Tina Scott', 'http://graph.facebook.com/100004597905307/picture?type=square', '', 6, Congratulations 'YM'! Play now and win 770 Credits at no condition! Dont miss out!, 770, 0, NOW())  
^Z
[1]+  Stopped                 ./GEngine_GCM
[root@localhost WBingo_GCMServer]# 
[root@localhost WBingo_GCMServer]# 
[root@localhost WBingo_GCMServer]# 
[root@localhost WBingo_GCMServer]# killall -9 GEngine_GCM
[root@localhost WBingo_GCMServer]# killall -9 GEngine_GCM
GEngine_GCM: no process killed
[1]+  죽었음               ./GEngine_GCM
[root@localhost WBingo_GCMServer]# ./GEngine_GCM




NOTI COUNT : 1
RES SQL : senidx(595), uuid(APA91bEtkZrqTZpTyT0Re9fDLNIoDwltalcEn10IZe7R3Tddzhm31qKJtu0uE7PxKG1Zoc_WVW5mfgqCW8eyua3gZ9yvRobF-L_58IdHigkrBKUJqjbxRWlyE3nPn4PL4Cl3B4HAz2-n), idx(2769), msg(Congratulations YM! Play now and win 770 Credits at no condition! Dont miss out!), eventcode(CP_), push_type(90), imageurl()
PUSH : 1
PUSHED : 1
NEW CURL
useridx : 10369  userid: 100000597867474   usercredit : 4416735  userlevel : 221 
tbl_user_notification_info : SELECT m.uuid, m.os_type, m.push_enabled FROM tbl_user_mobile AS m JOIN tbl_user_notification_info AS i ON m.useridx = i.useridx WHERE i.useridx = 10369 AND NOW() > IFNULL(DATE_ADD(lastpushdate, INTERVAL 1 DAY),0) AND pushcount <= 7 
useridx   : 10369  os_type : 0 push_enabled : 0 uuid :  

complete queue size : 1
COMPLETE : APA91bEtkZrqTZpTyT0Re9fDLNIoDwltalcEn10IZe7R3Tddzhm31qKJtu0uE7PxKG1Zoc_WVW5mfgqCW8eyua3gZ9yvRobF-L_58IdHigkrBKUJqjbxRWlyE3nPn4PL4Cl3B4HAz2-n
success list : 595
OK : INSERT INTO tbl_gcm_log(messageidx, status, log, writedate) VALUES (2769, 2, 'success:1, fail:0, invalid:0', NOW())
empty queue size(1), process queue size (0)
NOTI COUNT : 0
NOTI COUNT : 0
NOTI COUNT : 0
useridx : 10369  userid: 100000597867474   usercredit : 4416735  userlevel : 221 
tbl_user_notification_info : SELECT m.uuid, m.os_type, m.push_enabled FROM tbl_user_mobile AS m JOIN tbl_user_notification_info AS i ON m.useridx = i.useridx WHERE i.useridx = 10369 AND NOW() > IFNULL(DATE_ADD(lastpushdate, INTERVAL 1 DAY),0) AND pushcount <= 7 
useridx   : 10369  os_type : 0 push_enabled : 0 uuid :  
NOTI COUNT : 0
NOTI COUNT : 0
NOTI COUNT : 0
useridx : 10369  userid: 100000597867474   usercredit : 4417505  userlevel : 221 
tbl_user_notification_info : SELECT m.uuid, m.os_type, m.push_enabled FROM tbl_user_mobile AS m JOIN tbl_user_notification_info AS i ON m.useridx = i.useridx WHERE i.useridx = 10369 AND NOW() > IFNULL(DATE_ADD(lastpushdate, INTERVAL 1 DAY),0) AND pushcount <= 7 
useridx   : 10369  os_type : 0 push_enabled : 0 uuid :  
NOTI COUNT : 0
NOTI COUNT : 0
NOTI COUNT : 0
useridx : 10369  userid: 100000597867474   usercredit : 4417505  userlevel : 221 
tbl_user_notification_info : SELECT m.uuid, m.os_type, m.push_enabled FROM tbl_user_mobile AS m JOIN tbl_user_notification_info AS i ON m.useridx = i.useridx WHERE i.useridx = 10369 AND NOW() > IFNULL(DATE_ADD(lastpushdate, INTERVAL 1 DAY),0) AND pushcount <= 7 
useridx   : 10369  os_type : 0 push_enabled : 0 uuid :  
NOTI COUNT : 0
NOTI COUNT : 0
NOTI COUNT : 0
useridx : 10369  userid: 100000597867474   usercredit : 4417505  userlevel : 221 
tbl_user_notification_info : SELECT m.uuid, m.os_type, m.push_enabled FROM tbl_user_mobile AS m JOIN tbl_user_notification_info AS i ON m.useridx = i.useridx WHERE i.useridx = 10369 AND NOW() > IFNULL(DATE_ADD(lastpushdate, INTERVAL 1 DAY),0) AND pushcount <= 7 
useridx   : 10369  os_type : 0 push_enabled : 0 uuid :  
NOTI COUNT : 0
NOTI COUNT : 0
NOTI COUNT : 0
useridx : 10369  userid: 100000597867474   usercredit : 4417505  userlevel : 221 
tbl_user_notification_info : SELECT m.uuid, m.os_type, m.push_enabled FROM tbl_user_mobile AS m JOIN tbl_user_notification_info AS i ON m.useridx = i.useridx WHERE i.useridx = 10369 AND NOW() > IFNULL(DATE_ADD(lastpushdate, INTERVAL 1 DAY),0) AND pushcount <= 7 
useridx   : 10369  os_type : 0 push_enabled : 0 uuid :  
NOTI COUNT : 0
NOTI COUNT : 0
NOTI COUNT : 0
useridx : 10369  userid: 100000597867474   usercredit : 4417505  userlevel : 221 
tbl_user_notification_info : SELECT m.uuid, m.os_type, m.push_enabled FROM tbl_user_mobile AS m JOIN tbl_user_notification_info AS i ON m.useridx = i.useridx WHERE i.useridx = 10369 AND NOW() > IFNULL(DATE_ADD(lastpushdate, INTERVAL 1 DAY),0) AND pushcount <= 7 
useridx   : 10369  os_type : 0 push_enabled : 0 uuid :  
^Z
[1]+  Stopped                 ./GEngine_GCM
[root@localhost WBingo_GCMServer]# killall -9 GEngine_GCM
[root@localhost WBingo_GCMServer]# killall -9 GEngine_GCM
GEngine_GCM: no process killed
[1]+  죽었음               ./GEngine_GCM
[root@localhost WBingo_GCMServer]# ll -lat
합계 579484
-rwxrwxr-x  1 wadmin   dub_server      62975 2017-06-19 15:36 main.cpp
drwxrwxr-x  4 wadmin   dub_server       4096 2017-06-19 15:27 .
-rwxr-xr-x  1 root     root           347864 2017-06-19 15:27 GEngine_GCM
-rw-------  1 root     root       1192845312 2017-06-19 13:56 core.23130
-rw-------  1 mswbingo dub_server   82757443 2017-06-19 13:56 nohup.out
drwxrwxr-x  2 wadmin   dub_server      12288 2017-06-19 13:56 log
-rw-r--r--  1 mswbingo dub_server       2664 2017-06-14 11:58 main_gengine.cpp
-rw-------  1 mswbingo dub_server 1195319296 2017-06-13 14:19 core.3988
drwxrwxr-x 10 wadmin   dub_server       4096 2017-04-06 23:24 ..
drwxrwxr-x  2 wadmin   dub_server       4096 2016-03-11 19:09 conf
-rw-------  1 mswbingo dub_server 1121906688 2016-03-10 14:54 core.14289
-rw-------  1 mswbingo dub_server 1124941824 2016-03-10 14:45 core.10744
-rw-------  1 mswbingo dub_server 1131835392 2016-03-10 12:40 core.8730
-rw-------  1 mswbingo dub_server 1128513536 2016-03-09 12:40 core.3153
-rwxrwxr-x  1 wadmin   dub_server      12987 2016-03-09 12:13 DBPool.cpp
-rwxrwxr-x  1 wadmin   dub_server       1256 2016-03-09 12:05 MiscUtil.h
-rwxrwxr-x  1 wadmin   dub_server       8975 2016-03-09 12:05 MiscUtil.cpp
-rwxrwxr-x  1 wadmin   dub_server        476 2016-03-09 12:03 header.h
-rwxrwxr-x  1 wadmin   dub_server      90747 2016-03-09 12:03 emoji.cpp
-rwxrwxr-x  1 wadmin   dub_server       1100 2016-03-09 12:03 DBPool.h
-rwxrwxr-x  1 wadmin   dub_server        823 2015-03-19 12:50 Makefile
-rwxrwxr-x  1 wadmin   dub_server        128 2015-03-19 12:50 go.sh
-rwxrwxr-x  1 wadmin   dub_server         92 2015-03-19 12:50 GEngine_GCM.sh
-rwxrwxr-x  1 wadmin   dub_server         34 2015-03-19 12:50 emoji.h
[root@localhost WBingo_GCMServer]# make
g++ -Wall -g -c -D_REENTRANT -D_LARGEFILE_SOURCE -D_FILE_OFFSET_BITS=64 -I/usr/include/mysql MiscUtil.cpp
g++ -Wall -g -c -D_REENTRANT -D_LARGEFILE_SOURCE -D_FILE_OFFSET_BITS=64 -I/usr/include/mysql DBPool.cpp
g++ -Wall -g -c -D_REENTRANT -D_LARGEFILE_SOURCE -D_FILE_OFFSET_BITS=64 -I/usr/include/mysql emoji.cpp
g++ -Wall -g -c -D_REENTRANT -D_LARGEFILE_SOURCE -D_FILE_OFFSET_BITS=64 -I/usr/include/mysql main.cpp
main.cpp: In function ‘void* push_neworder_thread(void*)’:
main.cpp:1774: warning: unknown conversion type character ‘'’ in format
main.cpp:1786: warning: format ‘%s’ expects type ‘char*’, but argument 3 has type ‘char (*)[100]’
main.cpp:1825: warning: format ‘%lld’ expects type ‘long long int’, but argument 4 has type ‘int’
main.cpp:1860: warning: format ‘%d’ expects type ‘int’, but argument 6 has type ‘char*’
main.cpp:1860: warning: format ‘%s’ expects type ‘char*’, but argument 7 has type ‘int’
main.cpp:1860: warning: too many arguments for format
main.cpp: In function ‘void* push_newjoin_thread(void*)’:
main.cpp:1915: warning: unused variable ‘res_ptr’
main.cpp:1916: warning: unused variable ‘sqlrow’
main.cpp:1917: warning: unused variable ‘sql’
main.cpp:1918: warning: unused variable ‘res_ptr2’
main.cpp:1919: warning: unused variable ‘sqlrow2’
main.cpp: In function ‘void* push_bonusdaily_thread(void*)’:
main.cpp:1956: warning: unused variable ‘res_ptr’
main.cpp:1957: warning: unused variable ‘sqlrow’
main.cpp:1958: warning: unused variable ‘sql’
main.cpp:1959: warning: unused variable ‘res_ptr2’
main.cpp:1960: warning: unused variable ‘sqlrow2’
main.cpp: In function ‘void* push_2weekshigh_thread(void*)’:
main.cpp:1997: warning: unused variable ‘res_ptr’
main.cpp:1998: warning: unused variable ‘sqlrow’
main.cpp:1999: warning: unused variable ‘sql’
main.cpp:2000: warning: unused variable ‘res_ptr2’
main.cpp:2001: warning: unused variable ‘sqlrow2’
main.cpp: In function ‘void* push_2weekslow_thread(void*)’:
main.cpp:2038: warning: unused variable ‘res_ptr’
main.cpp:2039: warning: unused variable ‘sqlrow’
main.cpp:2040: warning: unused variable ‘sql’
main.cpp:2041: warning: unused variable ‘res_ptr2’
main.cpp:2042: warning: unused variable ‘sqlrow2’
g++ -Wall -g -o GEngine_GCM -D_REENTRANT -D_LARGEFILE_SOURCE -D_FILE_OFFSET_BITS=64 MiscUtil.o DBPool.o emoji.o main.o -lpthread -lmysqlclient_r -lcurl -ljson -lrt  -L/usr/lib64/mysql
rm -f MiscUtil.o DBPool.o emoji.o main.o
[root@localhost WBingo_GCMServer]# ./GEngine_GCM




NOTI COUNT : 0
useridx : 10369  userid: 100000597867474   usercredit : 4417505  userlevel : 221 
tbl_user_notification_info : SELECT m.uuid, m.os_type, m.push_enabled FROM tbl_user_mobile AS m JOIN tbl_user_notification_info AS i ON m.useridx = i.useridx WHERE i.useridx = 10369 AND NOW() > IFNULL(DATE_ADD(lastpushdate, INTERVAL 1 DAY),0) AND pushcount <= 7 
useridx   : 10369  os_type : 0 push_enabled : 0 uuid :  
NOTI COUNT : 0
NOTI COUNT : 0
NOTI COUNT : 0
useridx : 10369  userid: 100000597867474   usercredit : 4417505  userlevel : 221 
tbl_user_notification_info : SELECT m.uuid, m.os_type, m.push_enabled FROM tbl_user_mobile AS m JOIN tbl_user_notification_info AS i ON m.useridx = i.useridx WHERE i.useridx = 10369 AND NOW() > IFNULL(DATE_ADD(lastpushdate, INTERVAL 1 DAY),0) AND pushcount <= 7 
useridx   : 10369  os_type : 0 push_enabled : 0 uuid :  
NOTI COUNT : 0
NOTI COUNT : 0
NOTI COUNT : 0
useridx : 10369  userid: 100000597867474   usercredit : 4417505  userlevel : 221 
tbl_user_notification_info : SELECT m.uuid, m.os_type, m.push_enabled FROM tbl_user_mobile AS m JOIN tbl_user_notification_info AS i ON m.useridx = i.useridx WHERE i.useridx = 10369 AND NOW() > IFNULL(DATE_ADD(lastpushdate, INTERVAL 1 DAY),0) AND pushcount <= 7 
useridx   : 10369  os_type : 0 push_enabled : 0 uuid :  
NOTI COUNT : 0
NOTI COUNT : 0
NOTI COUNT : 0
useridx : 10369  userid: 100000597867474   usercredit : 4417505  userlevel : 221 
tbl_user_notification_info : SELECT m.uuid, m.os_type, m.push_enabled FROM tbl_user_mobile AS m JOIN tbl_user_notification_info AS i ON m.useridx = i.useridx WHERE i.useridx = 10369 AND NOW() > IFNULL(DATE_ADD(lastpushdate, INTERVAL 1 DAY),0) AND pushcount <= 7 
useridx   : 10369  os_type : 0 push_enabled : 0 uuid :  
NOTI COUNT : 0
NOTI COUNT : 0
NOTI COUNT : 0
useridx : 10369  userid: 100000597867474   usercredit : 4417505  userlevel : 221 
tbl_user_notification_info : SELECT m.uuid, m.os_type, m.push_enabled FROM tbl_user_mobile AS m JOIN tbl_user_notification_info AS i ON m.useridx = i.useridx WHERE i.useridx = 10369 AND NOW() > IFNULL(DATE_ADD(lastpushdate, INTERVAL 1 DAY),0) AND pushcount <= 7 
useridx   : 10369  os_type : 2 push_enabled : 1 uuid : APA91bEtkZrqTZpTyT0Re9fDLNIoDwltalcEn10IZe7R3Tddzhm31qKJtu0uE7PxKG1Zoc_WVW5mfgqCW8eyua3gZ9yvRobF-L_58IdHigkrBKUJqjbxRWlyE3nPn4PL4Cl3B4HAz2-n 
useridx   : 10369  os_type : 2 push_enabled : 1 uuid : APA91bEtkZrqTZpTyT0Re9fDLNIoDwltalcEn10IZe7R3Tddzhm31qKJtu0uE7PxKG1Zoc_WVW5mfgqCW8eyua3gZ9yvRobF-L_58IdHigkrBKUJqjbxRWlyE3nPn4PL4Cl3B4HAz2-n 
세그멘테이션 오류 (core dumped)
[root@localhost WBingo_GCMServer]# 
[root@localhost WBingo_GCMServer]# 
[root@localhost WBingo_GCMServer]# 
[root@localhost WBingo_GCMServer]# 
[root@localhost WBingo_GCMServer]# killall -9 GEngine_GCM
GEngine_GCM: no process killed
[root@localhost WBingo_GCMServer]# killall -9 GEngine_GCM
GEngine_GCM: no process killed
[root@localhost WBingo_GCMServer]# ./GEngine_GCM


NOTI COUNT : 0
useridx : 10369  userid: 100000597867474   usercredit : 4417505  userlevel : 221 
tbl_user_notification_info : SELECT m.uuid, m.os_type, m.push_enabled FROM tbl_user_mobile AS m JOIN tbl_user_notification_info AS i ON m.useridx = i.useridx WHERE i.useridx = 10369 AND NOW() > IFNULL(DATE_ADD(lastpushdate, INTERVAL 1 DAY),0) AND pushcount <= 7 
useridx   : 10369  os_type : 2 push_enabled : 1 uuid : APA91bEtkZrqTZpTyT0Re9fDLNIoDwltalcEn10IZe7R3Tddzhm31qKJtu0uE7PxKG1Zoc_WVW5mfgqCW8eyua3gZ9yvRobF-L_58IdHigkrBKUJqjbxRWlyE3nPn4PL4Cl3B4HAz2-n 
useridx   : 10369  os_type : 2 push_enabled : 1 uuid : APA91bEtkZrqTZpTyT0Re9fDLNIoDwltalcEn10IZe7R3Tddzhm31qKJtu0uE7PxKG1Zoc_WVW5mfgqCW8eyua3gZ9yvRobF-L_58IdHigkrBKUJqjbxRWlyE3nPn4PL4Cl3B4HAz2-n 
세그멘테이션 오류 (core dumped)
[root@localhost WBingo_GCMServer]# 
[root@localhost WBingo_GCMServer]# 
[root@localhost WBingo_GCMServer]# 
[root@localhost WBingo_GCMServer]# 
[root@localhost WBingo_GCMServer]# ll -lat
합계 724104
-rwxrwxr-x  1 wadmin   dub_server      62973 2017-06-19 15:39 main.cpp
-rw-------  1 root     root       1181798400 2017-06-19 15:38 core.27108
drwxrwxr-x  4 wadmin   dub_server       4096 2017-06-19 15:38 .
-rw-------  1 root     root       1181798400 2017-06-19 15:38 core.26919
-rwxr-xr-x  1 root     root           347864 2017-06-19 15:36 GEngine_GCM
-rw-------  1 root     root       1192845312 2017-06-19 13:56 core.23130
-rw-------  1 mswbingo dub_server   82757443 2017-06-19 13:56 nohup.out
drwxrwxr-x  2 wadmin   dub_server      12288 2017-06-19 13:56 log
-rw-r--r--  1 mswbingo dub_server       2664 2017-06-14 11:58 main_gengine.cpp
-rw-------  1 mswbingo dub_server 1195319296 2017-06-13 14:19 core.3988
drwxrwxr-x 10 wadmin   dub_server       4096 2017-04-06 23:24 ..
drwxrwxr-x  2 wadmin   dub_server       4096 2016-03-11 19:09 conf
-rw-------  1 mswbingo dub_server 1121906688 2016-03-10 14:54 core.14289
-rw-------  1 mswbingo dub_server 1124941824 2016-03-10 14:45 core.10744
-rw-------  1 mswbingo dub_server 1131835392 2016-03-10 12:40 core.8730
-rw-------  1 mswbingo dub_server 1128513536 2016-03-09 12:40 core.3153
-rwxrwxr-x  1 wadmin   dub_server      12987 2016-03-09 12:13 DBPool.cpp
-rwxrwxr-x  1 wadmin   dub_server       1256 2016-03-09 12:05 MiscUtil.h
-rwxrwxr-x  1 wadmin   dub_server       8975 2016-03-09 12:05 MiscUtil.cpp
-rwxrwxr-x  1 wadmin   dub_server        476 2016-03-09 12:03 header.h
-rwxrwxr-x  1 wadmin   dub_server      90747 2016-03-09 12:03 emoji.cpp
-rwxrwxr-x  1 wadmin   dub_server       1100 2016-03-09 12:03 DBPool.h
-rwxrwxr-x  1 wadmin   dub_server        823 2015-03-19 12:50 Makefile
-rwxrwxr-x  1 wadmin   dub_server        128 2015-03-19 12:50 go.sh
-rwxrwxr-x  1 wadmin   dub_server         92 2015-03-19 12:50 GEngine_GCM.sh
-rwxrwxr-x  1 wadmin   dub_server         34 2015-03-19 12:50 emoji.h
[root@localhost WBingo_GCMServer]# make
g++ -Wall -g -c -D_REENTRANT -D_LARGEFILE_SOURCE -D_FILE_OFFSET_BITS=64 -I/usr/include/mysql MiscUtil.cpp
g++ -Wall -g -c -D_REENTRANT -D_LARGEFILE_SOURCE -D_FILE_OFFSET_BITS=64 -I/usr/include/mysql DBPool.cpp
g++ -Wall -g -c -D_REENTRANT -D_LARGEFILE_SOURCE -D_FILE_OFFSET_BITS=64 -I/usr/include/mysql emoji.cpp
g++ -Wall -g -c -D_REENTRANT -D_LARGEFILE_SOURCE -D_FILE_OFFSET_BITS=64 -I/usr/include/mysql main.cpp
main.cpp: In function ‘void* push_neworder_thread(void*)’:
main.cpp:1774: warning: unknown conversion type character ‘'’ in format
main.cpp:1786: warning: format ‘%s’ expects type ‘char*’, but argument 3 has type ‘char (*)[100]’
main.cpp:1825: warning: format ‘%lld’ expects type ‘long long int’, but argument 4 has type ‘int’
main.cpp:1860: warning: format ‘%d’ expects type ‘int’, but argument 6 has type ‘char*’
main.cpp:1860: warning: format ‘%s’ expects type ‘char*’, but argument 7 has type ‘int’
main.cpp:1860: warning: too many arguments for format
main.cpp: In function ‘void* push_newjoin_thread(void*)’:
main.cpp:1915: warning: unused variable ‘res_ptr’
main.cpp:1916: warning: unused variable ‘sqlrow’
main.cpp:1917: warning: unused variable ‘sql’
main.cpp:1918: warning: unused variable ‘res_ptr2’
main.cpp:1919: warning: unused variable ‘sqlrow2’
main.cpp: In function ‘void* push_bonusdaily_thread(void*)’:
main.cpp:1956: warning: unused variable ‘res_ptr’
main.cpp:1957: warning: unused variable ‘sqlrow’
main.cpp:1958: warning: unused variable ‘sql’
main.cpp:1959: warning: unused variable ‘res_ptr2’
main.cpp:1960: warning: unused variable ‘sqlrow2’
main.cpp: In function ‘void* push_2weekshigh_thread(void*)’:
main.cpp:1997: warning: unused variable ‘res_ptr’
main.cpp:1998: warning: unused variable ‘sqlrow’
main.cpp:1999: warning: unused variable ‘sql’
main.cpp:2000: warning: unused variable ‘res_ptr2’
main.cpp:2001: warning: unused variable ‘sqlrow2’
main.cpp: In function ‘void* push_2weekslow_thread(void*)’:
main.cpp:2038: warning: unused variable ‘res_ptr’
main.cpp:2039: warning: unused variable ‘sqlrow’
main.cpp:2040: warning: unused variable ‘sql’
main.cpp:2041: warning: unused variable ‘res_ptr2’
main.cpp:2042: warning: unused variable ‘sqlrow2’
g++ -Wall -g -o GEngine_GCM -D_REENTRANT -D_LARGEFILE_SOURCE -D_FILE_OFFSET_BITS=64 MiscUtil.o DBPool.o emoji.o main.o -lpthread -lmysqlclient_r -lcurl -ljson -lrt  -L/usr/lib64/mysql
rm -f MiscUtil.o DBPool.o emoji.o main.o
[root@localhost WBingo_GCMServer]# killall -9 GEngine_GCM
GEngine_GCM: no process killed
[root@localhost WBingo_GCMServer]# killall -9 GEngine_GCM
GEngine_GCM: no process killed
[root@localhost WBingo_GCMServer]# ./GEngine_GCM



NOTI COUNT : 0
useridx : 10369  userid: 100000597867474   usercredit : 4417505  userlevel : 221 
tbl_user_notification_info : SELECT m.uuid, m.os_type, m.push_enabled FROM tbl_user_mobile AS m JOIN tbl_user_notification_info AS i ON m.useridx = i.useridx WHERE i.useridx = 10369 AND NOW() > IFNULL(DATE_ADD(lastpushdate, INTERVAL 1 DAY),0) AND pushcount <= 7 
useridx   : 10369  os_type : 2 push_enabled : 1 uuid : APA91bEtkZrqTZpTyT0Re9fDLNIoDwltalcEn10IZe7R3Tddzhm31qKJtu0uE7PxKG1Zoc_WVW5mfgqCW8eyua3gZ9yvRobF-L_58IdHigkrBKUJqjbxRWlyE3nPn4PL4Cl3B4HAz2-n 
useridx   : 10369  os_type : 2 push_enabled : 1 uuid : APA91bEtkZrqTZpTyT0Re9fDLNIoDwltalcEn10IZe7R3Tddzhm31qKJtu0uE7PxKG1Zoc_WVW5mfgqCW8eyua3gZ9yvRobF-L_58IdHigkrBKUJqjbxRWlyE3nPn4PL4Cl3B4HAz2-n 
세그멘테이션 오류 (core dumped)
[root@localhost WBingo_GCMServer]# 
[root@localhost WBingo_GCMServer]# 
[root@localhost WBingo_GCMServer]# 
[root@localhost WBingo_GCMServer]# 
[root@localhost WBingo_GCMServer]# 
[root@localhost WBingo_GCMServer]# killall -9 GEngine_GCM
GEngine_GCM: no process killed
[root@localhost WBingo_GCMServer]# killall -9 GEngine_GCM
GEngine_GCM: no process killed
[root@localhost WBingo_GCMServer]# ll -lat
합계 803308
-rwxrwxr-x  1 wadmin   dub_server      62967 2017-06-19 15:40 main.cpp
-rw-------  1 root     root       1181798400 2017-06-19 15:39 core.27273
drwxrwxr-x  4 wadmin   dub_server       4096 2017-06-19 15:39 .
-rwxr-xr-x  1 root     root           347864 2017-06-19 15:39 GEngine_GCM
-rw-------  1 root     root       1181798400 2017-06-19 15:38 core.27108
-rw-------  1 root     root       1181798400 2017-06-19 15:38 core.26919
-rw-------  1 root     root       1192845312 2017-06-19 13:56 core.23130
-rw-------  1 mswbingo dub_server   82757443 2017-06-19 13:56 nohup.out
drwxrwxr-x  2 wadmin   dub_server      12288 2017-06-19 13:56 log
-rw-r--r--  1 mswbingo dub_server       2664 2017-06-14 11:58 main_gengine.cpp
-rw-------  1 mswbingo dub_server 1195319296 2017-06-13 14:19 core.3988
drwxrwxr-x 10 wadmin   dub_server       4096 2017-04-06 23:24 ..
drwxrwxr-x  2 wadmin   dub_server       4096 2016-03-11 19:09 conf
-rw-------  1 mswbingo dub_server 1121906688 2016-03-10 14:54 core.14289
-rw-------  1 mswbingo dub_server 1124941824 2016-03-10 14:45 core.10744
-rw-------  1 mswbingo dub_server 1131835392 2016-03-10 12:40 core.8730
-rw-------  1 mswbingo dub_server 1128513536 2016-03-09 12:40 core.3153
-rwxrwxr-x  1 wadmin   dub_server      12987 2016-03-09 12:13 DBPool.cpp
-rwxrwxr-x  1 wadmin   dub_server       1256 2016-03-09 12:05 MiscUtil.h
-rwxrwxr-x  1 wadmin   dub_server       8975 2016-03-09 12:05 MiscUtil.cpp
-rwxrwxr-x  1 wadmin   dub_server        476 2016-03-09 12:03 header.h
-rwxrwxr-x  1 wadmin   dub_server      90747 2016-03-09 12:03 emoji.cpp
-rwxrwxr-x  1 wadmin   dub_server       1100 2016-03-09 12:03 DBPool.h
-rwxrwxr-x  1 wadmin   dub_server        823 2015-03-19 12:50 Makefile
-rwxrwxr-x  1 wadmin   dub_server        128 2015-03-19 12:50 go.sh
-rwxrwxr-x  1 wadmin   dub_server         92 2015-03-19 12:50 GEngine_GCM.sh
-rwxrwxr-x  1 wadmin   dub_server         34 2015-03-19 12:50 emoji.h
[root@localhost WBingo_GCMServer]# make
g++ -Wall -g -c -D_REENTRANT -D_LARGEFILE_SOURCE -D_FILE_OFFSET_BITS=64 -I/usr/include/mysql MiscUtil.cpp
g++ -Wall -g -c -D_REENTRANT -D_LARGEFILE_SOURCE -D_FILE_OFFSET_BITS=64 -I/usr/include/mysql DBPool.cpp
g++ -Wall -g -c -D_REENTRANT -D_LARGEFILE_SOURCE -D_FILE_OFFSET_BITS=64 -I/usr/include/mysql emoji.cpp
g++ -Wall -g -c -D_REENTRANT -D_LARGEFILE_SOURCE -D_FILE_OFFSET_BITS=64 -I/usr/include/mysql main.cpp
main.cpp: In function ‘void* push_neworder_thread(void*)’:
main.cpp:1774: warning: unknown conversion type character ‘'’ in format
main.cpp:1786: warning: format ‘%s’ expects type ‘char*’, but argument 3 has type ‘char (*)[100]’
main.cpp:1825: warning: format ‘%lld’ expects type ‘long long int’, but argument 4 has type ‘int’
main.cpp:1860: warning: format ‘%d’ expects type ‘int’, but argument 6 has type ‘char*’
main.cpp:1860: warning: format ‘%s’ expects type ‘char*’, but argument 7 has type ‘int’
main.cpp:1860: warning: too many arguments for format
main.cpp: In function ‘void* push_newjoin_thread(void*)’:
main.cpp:1915: warning: unused variable ‘res_ptr’
main.cpp:1916: warning: unused variable ‘sqlrow’
main.cpp:1917: warning: unused variable ‘sql’
main.cpp:1918: warning: unused variable ‘res_ptr2’
main.cpp:1919: warning: unused variable ‘sqlrow2’
main.cpp: In function ‘void* push_bonusdaily_thread(void*)’:
main.cpp:1956: warning: unused variable ‘res_ptr’
main.cpp:1957: warning: unused variable ‘sqlrow’
main.cpp:1958: warning: unused variable ‘sql’
main.cpp:1959: warning: unused variable ‘res_ptr2’
main.cpp:1960: warning: unused variable ‘sqlrow2’
main.cpp: In function ‘void* push_2weekshigh_thread(void*)’:
main.cpp:1997: warning: unused variable ‘res_ptr’
main.cpp:1998: warning: unused variable ‘sqlrow’
main.cpp:1999: warning: unused variable ‘sql’
main.cpp:2000: warning: unused variable ‘res_ptr2’
main.cpp:2001: warning: unused variable ‘sqlrow2’
main.cpp: In function ‘void* push_2weekslow_thread(void*)’:
main.cpp:2038: warning: unused variable ‘res_ptr’
main.cpp:2039: warning: unused variable ‘sqlrow’
main.cpp:2040: warning: unused variable ‘sql’
main.cpp:2041: warning: unused variable ‘res_ptr2’
main.cpp:2042: warning: unused variable ‘sqlrow2’
g++ -Wall -g -o GEngine_GCM -D_REENTRANT -D_LARGEFILE_SOURCE -D_FILE_OFFSET_BITS=64 MiscUtil.o DBPool.o emoji.o main.o -lpthread -lmysqlclient_r -lcurl -ljson -lrt  -L/usr/lib64/mysql
rm -f MiscUtil.o DBPool.o emoji.o main.o
[root@localhost WBingo_GCMServer]# ./GEngine_GCM
NOTI COUNT : 0
useridx : 10369  userid: 100000597867474   usercredit : 4417505  userlevel : 221 
tbl_user_notification_info : SELECT m.uuid, m.os_type, m.push_enabled FROM tbl_user_mobile AS m JOIN tbl_user_notification_info AS i ON m.useridx = i.useridx WHERE i.useridx = 10369 AND NOW() > IFNULL(DATE_ADD(lastpushdate, INTERVAL 1 DAY),0) AND pushcount <= 7 
useridx   : 10369  os_type : 2 push_enabled : 1 uuid : APA91bEtkZrqTZpTyT0Re9fDLNIoDwltalcEn10IZe7R3Tddzhm31qKJtu0uE7PxKG1Zoc_WVW5mfgqCW8eyua3gZ9yvRobF-L_58IdHigkrBKUJqjbxRWlyE3nPn4PL4Cl3B4HAz2-n 
useridx   : 10369  os_type : 2 push_enabled : 1 uuid : APA91bEtkZrqTZpTyT0Re9fDLNIoDwltalcEn10IZe7R3Tddzhm31qKJtu0uE7PxKG1Zoc_WVW5mfgqCW8eyua3gZ9yvRobF-L_58IdHigkrBKUJqjbxRWlyE3nPn4PL4Cl3B4HAz2-n 
세그멘테이션 오류 (core dumped)
[root@localhost WBingo_GCMServer]# 
[root@localhost WBingo_GCMServer]# killall -9 GEngine_GCM
GEngine_GCM: no process killed
[root@localhost WBingo_GCMServer]# killall -9 GEngine_GCM
GEngine_GCM: no process killed
[root@localhost WBingo_GCMServer]# make
g++ -Wall -g -c -D_REENTRANT -D_LARGEFILE_SOURCE -D_FILE_OFFSET_BITS=64 -I/usr/include/mysql MiscUtil.cpp
g++ -Wall -g -c -D_REENTRANT -D_LARGEFILE_SOURCE -D_FILE_OFFSET_BITS=64 -I/usr/include/mysql DBPool.cpp
g++ -Wall -g -c -D_REENTRANT -D_LARGEFILE_SOURCE -D_FILE_OFFSET_BITS=64 -I/usr/include/mysql emoji.cpp
g++ -Wall -g -c -D_REENTRANT -D_LARGEFILE_SOURCE -D_FILE_OFFSET_BITS=64 -I/usr/include/mysql main.cpp
main.cpp: In function ‘void* push_neworder_thread(void*)’:
main.cpp:1774: warning: unknown conversion type character ‘'’ in format
main.cpp:1786: warning: format ‘%s’ expects type ‘char*’, but argument 3 has type ‘char (*)[100]’
main.cpp:1825: warning: format ‘%lld’ expects type ‘long long int’, but argument 4 has type ‘int’
main.cpp:1860: warning: format ‘%d’ expects type ‘int’, but argument 6 has type ‘char*’
main.cpp:1860: warning: format ‘%s’ expects type ‘char*’, but argument 7 has type ‘int’
main.cpp:1860: warning: too many arguments for format
main.cpp: In function ‘void* push_newjoin_thread(void*)’:
main.cpp:1915: warning: unused variable ‘res_ptr’
main.cpp:1916: warning: unused variable ‘sqlrow’
main.cpp:1917: warning: unused variable ‘sql’
main.cpp:1918: warning: unused variable ‘res_ptr2’
main.cpp:1919: warning: unused variable ‘sqlrow2’
main.cpp: In function ‘void* push_bonusdaily_thread(void*)’:
main.cpp:1956: warning: unused variable ‘res_ptr’
main.cpp:1957: warning: unused variable ‘sqlrow’
main.cpp:1958: warning: unused variable ‘sql’
main.cpp:1959: warning: unused variable ‘res_ptr2’
main.cpp:1960: warning: unused variable ‘sqlrow2’
main.cpp: In function ‘void* push_2weekshigh_thread(void*)’:
main.cpp:1997: warning: unused variable ‘res_ptr’
main.cpp:1998: warning: unused variable ‘sqlrow’
main.cpp:1999: warning: unused variable ‘sql’
main.cpp:2000: warning: unused variable ‘res_ptr2’
main.cpp:2001: warning: unused variable ‘sqlrow2’
main.cpp: In function ‘void* push_2weekslow_thread(void*)’:
main.cpp:2038: warning: unused variable ‘res_ptr’
main.cpp:2039: warning: unused variable ‘sqlrow’
main.cpp:2040: warning: unused variable ‘sql’
main.cpp:2041: warning: unused variable ‘res_ptr2’
main.cpp:2042: warning: unused variable ‘sqlrow2’
g++ -Wall -g -o GEngine_GCM -D_REENTRANT -D_LARGEFILE_SOURCE -D_FILE_OFFSET_BITS=64 MiscUtil.o DBPool.o emoji.o main.o -lpthread -lmysqlclient_r -lcurl -ljson -lrt  -L/usr/lib64/mysql
rm -f MiscUtil.o DBPool.o emoji.o main.o
[root@localhost WBingo_GCMServer]# ./GEngine_GCM
NOTI COUNT : 0
useridx : 10369  userid: 100000597867474   usercredit : 4417505  userlevel : 221 
tbl_user_notification_info : SELECT m.uuid, m.os_type, m.push_enabled FROM tbl_user_mobile AS m JOIN tbl_user_notification_info AS i ON m.useridx = i.useridx WHERE i.useridx = 10369 AND NOW() > IFNULL(DATE_ADD(lastpushdate, INTERVAL 1 DAY),0) AND pushcount <= 7 
useridx   : 10369  os_type : 2 push_enabled : 1 uuid : APA91bEtkZrqTZpTyT0Re9fDLNIoDwltalcEn10IZe7R3Tddzhm31qKJtu0uE7PxKG1Zoc_WVW5mfgqCW8eyua3gZ9yvRobF-L_58IdHigkrBKUJqjbxRWlyE3nPn4PL4Cl3B4HAz2-n 
useridx   : 10369  os_type : 2 push_enabled : 1 uuid : APA91bEtkZrqTZpTyT0Re9fDLNIoDwltalcEn10IZe7R3Tddzhm31qKJtu0uE7PxKG1Zoc_WVW5mfgqCW8eyua3gZ9yvRobF-L_58IdHigkrBKUJqjbxRWlyE3nPn4PL4Cl3B4HAz2-n 
세그멘테이션 오류 (core dumped)
[root@localhost WBingo_GCMServer]# 
[root@localhost WBingo_GCMServer]# 
[root@localhost WBingo_GCMServer]# ll -lat
합계 955808
-rw-------  1 root     root       1181798400 2017-06-19 15:41 core.27589
drwxrwxr-x  4 wadmin   dub_server       4096 2017-06-19 15:41 .
-rwxr-xr-x  1 root     root           347864 2017-06-19 15:41 GEngine_GCM
-rwxrwxr-x  1 wadmin   dub_server      62965 2017-06-19 15:41 main.cpp
-rw-------  1 root     root       1181798400 2017-06-19 15:40 core.27433
-rw-------  1 root     root       1181798400 2017-06-19 15:39 core.27273
-rw-------  1 root     root       1181798400 2017-06-19 15:38 core.27108
-rw-------  1 root     root       1181798400 2017-06-19 15:38 core.26919
-rw-------  1 root     root       1192845312 2017-06-19 13:56 core.23130
-rw-------  1 mswbingo dub_server   82757443 2017-06-19 13:56 nohup.out
drwxrwxr-x  2 wadmin   dub_server      12288 2017-06-19 13:56 log
-rw-r--r--  1 mswbingo dub_server       2664 2017-06-14 11:58 main_gengine.cpp
-rw-------  1 mswbingo dub_server 1195319296 2017-06-13 14:19 core.3988
drwxrwxr-x 10 wadmin   dub_server       4096 2017-04-06 23:24 ..
drwxrwxr-x  2 wadmin   dub_server       4096 2016-03-11 19:09 conf
-rw-------  1 mswbingo dub_server 1121906688 2016-03-10 14:54 core.14289
-rw-------  1 mswbingo dub_server 1124941824 2016-03-10 14:45 core.10744
-rw-------  1 mswbingo dub_server 1131835392 2016-03-10 12:40 core.8730
-rw-------  1 mswbingo dub_server 1128513536 2016-03-09 12:40 core.3153
-rwxrwxr-x  1 wadmin   dub_server      12987 2016-03-09 12:13 DBPool.cpp
-rwxrwxr-x  1 wadmin   dub_server       1256 2016-03-09 12:05 MiscUtil.h
-rwxrwxr-x  1 wadmin   dub_server       8975 2016-03-09 12:05 MiscUtil.cpp
-rwxrwxr-x  1 wadmin   dub_server        476 2016-03-09 12:03 header.h
-rwxrwxr-x  1 wadmin   dub_server      90747 2016-03-09 12:03 emoji.cpp
-rwxrwxr-x  1 wadmin   dub_server       1100 2016-03-09 12:03 DBPool.h
-rwxrwxr-x  1 wadmin   dub_server        823 2015-03-19 12:50 Makefile
-rwxrwxr-x  1 wadmin   dub_server        128 2015-03-19 12:50 go.sh
-rwxrwxr-x  1 wadmin   dub_server         92 2015-03-19 12:50 GEngine_GCM.sh
-rwxrwxr-x  1 wadmin   dub_server         34 2015-03-19 12:50 emoji.h
[root@localhost WBingo_GCMServer]# make
g++ -Wall -g -c -D_REENTRANT -D_LARGEFILE_SOURCE -D_FILE_OFFSET_BITS=64 -I/usr/include/mysql MiscUtil.cpp
g++ -Wall -g -c -D_REENTRANT -D_LARGEFILE_SOURCE -D_FILE_OFFSET_BITS=64 -I/usr/include/mysql DBPool.cpp
g++ -Wall -g -c -D_REENTRANT -D_LARGEFILE_SOURCE -D_FILE_OFFSET_BITS=64 -I/usr/include/mysql emoji.cpp
g++ -Wall -g -c -D_REENTRANT -D_LARGEFILE_SOURCE -D_FILE_OFFSET_BITS=64 -I/usr/include/mysql main.cpp
main.cpp: In function ‘void* push_neworder_thread(void*)’:
main.cpp:1774: warning: unknown conversion type character ‘'’ in format
main.cpp:1786: warning: format ‘%s’ expects type ‘char*’, but argument 3 has type ‘char (*)[100]’
main.cpp:1825: warning: format ‘%lld’ expects type ‘long long int’, but argument 4 has type ‘int’
main.cpp:1860: warning: format ‘%d’ expects type ‘int’, but argument 6 has type ‘char*’
main.cpp:1860: warning: format ‘%s’ expects type ‘char*’, but argument 7 has type ‘int’
main.cpp:1860: warning: too many arguments for format
main.cpp: In function ‘void* push_newjoin_thread(void*)’:
main.cpp:1915: warning: unused variable ‘res_ptr’
main.cpp:1916: warning: unused variable ‘sqlrow’
main.cpp:1917: warning: unused variable ‘sql’
main.cpp:1918: warning: unused variable ‘res_ptr2’
main.cpp:1919: warning: unused variable ‘sqlrow2’
main.cpp: In function ‘void* push_bonusdaily_thread(void*)’:
main.cpp:1956: warning: unused variable ‘res_ptr’
main.cpp:1957: warning: unused variable ‘sqlrow’
main.cpp:1958: warning: unused variable ‘sql’
main.cpp:1959: warning: unused variable ‘res_ptr2’
main.cpp:1960: warning: unused variable ‘sqlrow2’
main.cpp: In function ‘void* push_2weekshigh_thread(void*)’:
main.cpp:1997: warning: unused variable ‘res_ptr’
main.cpp:1998: warning: unused variable ‘sqlrow’
main.cpp:1999: warning: unused variable ‘sql’
main.cpp:2000: warning: unused variable ‘res_ptr2’
main.cpp:2001: warning: unused variable ‘sqlrow2’
main.cpp: In function ‘void* push_2weekslow_thread(void*)’:
main.cpp:2038: warning: unused variable ‘res_ptr’
main.cpp:2039: warning: unused variable ‘sqlrow’
main.cpp:2040: warning: unused variable ‘sql’
main.cpp:2041: warning: unused variable ‘res_ptr2’
main.cpp:2042: warning: unused variable ‘sqlrow2’
g++ -Wall -g -o GEngine_GCM -D_REENTRANT -D_LARGEFILE_SOURCE -D_FILE_OFFSET_BITS=64 MiscUtil.o DBPool.o emoji.o main.o -lpthread -lmysqlclient_r -lcurl -ljson -lrt  -L/usr/lib64/mysql
rm -f MiscUtil.o DBPool.o emoji.o main.o
[root@localhost WBingo_GCMServer]# ll -lat
합계 955808
drwxrwxr-x  4 wadmin   dub_server       4096 2017-06-19 15:42 .
-rwxr-xr-x  1 root     root           347864 2017-06-19 15:42 GEngine_GCM
-rw-------  1 root     root       1181798400 2017-06-19 15:41 core.27589
-rwxrwxr-x  1 wadmin   dub_server      62965 2017-06-19 15:41 main.cpp
-rw-------  1 root     root       1181798400 2017-06-19 15:40 core.27433
-rw-------  1 root     root       1181798400 2017-06-19 15:39 core.27273
-rw-------  1 root     root       1181798400 2017-06-19 15:38 core.27108
-rw-------  1 root     root       1181798400 2017-06-19 15:38 core.26919
-rw-------  1 root     root       1192845312 2017-06-19 13:56 core.23130
-rw-------  1 mswbingo dub_server   82757443 2017-06-19 13:56 nohup.out
drwxrwxr-x  2 wadmin   dub_server      12288 2017-06-19 13:56 log
-rw-r--r--  1 mswbingo dub_server       2664 2017-06-14 11:58 main_gengine.cpp
-rw-------  1 mswbingo dub_server 1195319296 2017-06-13 14:19 core.3988
drwxrwxr-x 10 wadmin   dub_server       4096 2017-04-06 23:24 ..
drwxrwxr-x  2 wadmin   dub_server       4096 2016-03-11 19:09 conf
-rw-------  1 mswbingo dub_server 1121906688 2016-03-10 14:54 core.14289
-rw-------  1 mswbingo dub_server 1124941824 2016-03-10 14:45 core.10744
-rw-------  1 mswbingo dub_server 1131835392 2016-03-10 12:40 core.8730
-rw-------  1 mswbingo dub_server 1128513536 2016-03-09 12:40 core.3153
-rwxrwxr-x  1 wadmin   dub_server      12987 2016-03-09 12:13 DBPool.cpp
-rwxrwxr-x  1 wadmin   dub_server       1256 2016-03-09 12:05 MiscUtil.h
-rwxrwxr-x  1 wadmin   dub_server       8975 2016-03-09 12:05 MiscUtil.cpp
-rwxrwxr-x  1 wadmin   dub_server        476 2016-03-09 12:03 header.h
-rwxrwxr-x  1 wadmin   dub_server      90747 2016-03-09 12:03 emoji.cpp
-rwxrwxr-x  1 wadmin   dub_server       1100 2016-03-09 12:03 DBPool.h
-rwxrwxr-x  1 wadmin   dub_server        823 2015-03-19 12:50 Makefile
-rwxrwxr-x  1 wadmin   dub_server        128 2015-03-19 12:50 go.sh
-rwxrwxr-x  1 wadmin   dub_server         92 2015-03-19 12:50 GEngine_GCM.sh
-rwxrwxr-x  1 wadmin   dub_server         34 2015-03-19 12:50 emoji.h
[root@localhost WBingo_GCMServer]# killall -9 GEngine_GCM
GEngine_GCM: no process killed
[root@localhost WBingo_GCMServer]# killall -9 GEngine_GCM
GEngine_GCM: no process killed
[root@localhost WBingo_GCMServer]# ./GEngine_GCM
NOTI COUNT : 0
useridx : 10369  userid: 100000597867474   usercredit : 4417505  userlevel : 221 
tbl_user_notification_info : SELECT m.uuid, m.os_type, m.push_enabled FROM tbl_user_mobile AS m JOIN tbl_user_notification_info AS i ON m.useridx = i.useridx WHERE i.useridx = 10369 AND NOW() > IFNULL(DATE_ADD(lastpushdate, INTERVAL 1 DAY),0) AND pushcount <= 7 
useridx   : 10369  os_type : 2 push_enabled : 1 uuid : APA91bEtkZrqTZpTyT0Re9fDLNIoDwltalcEn10IZe7R3Tddzhm31qKJtu0uE7PxKG1Zoc_WVW5mfgqCW8eyua3gZ9yvRobF-L_58IdHigkrBKUJqjbxRWlyE3nPn4PL4Cl3B4HAz2-n 
useridx   : 10369  os_type : 2 push_enabled : 1 uuid : APA91bEtkZrqTZpTyT0Re9fDLNIoDwltalcEn10IZe7R3Tddzhm31qKJtu0uE7PxKG1Zoc_WVW5mfgqCW8eyua3gZ9yvRobF-L_58IdHigkrBKUJqjbxRWlyE3nPn4PL4Cl3B4HAz2-n 
세그멘테이션 오류 (core dumped)
[root@localhost WBingo_GCMServer]# ll -lat
합계 1029636
-rw-------  1 root     root       1181798400 2017-06-19 15:43 core.27775
drwxrwxr-x  4 wadmin   dub_server       4096 2017-06-19 15:43 .
-rwxr-xr-x  1 root     root           347864 2017-06-19 15:42 GEngine_GCM
-rw-------  1 root     root       1181798400 2017-06-19 15:41 core.27589
-rwxrwxr-x  1 wadmin   dub_server      62965 2017-06-19 15:41 main.cpp
-rw-------  1 root     root       1181798400 2017-06-19 15:40 core.27433
-rw-------  1 root     root       1181798400 2017-06-19 15:39 core.27273
-rw-------  1 root     root       1181798400 2017-06-19 15:38 core.27108
-rw-------  1 root     root       1181798400 2017-06-19 15:38 core.26919
-rw-------  1 root     root       1192845312 2017-06-19 13:56 core.23130
-rw-------  1 mswbingo dub_server   82757443 2017-06-19 13:56 nohup.out
drwxrwxr-x  2 wadmin   dub_server      12288 2017-06-19 13:56 log
-rw-r--r--  1 mswbingo dub_server       2664 2017-06-14 11:58 main_gengine.cpp
-rw-------  1 mswbingo dub_server 1195319296 2017-06-13 14:19 core.3988
drwxrwxr-x 10 wadmin   dub_server       4096 2017-04-06 23:24 ..
drwxrwxr-x  2 wadmin   dub_server       4096 2016-03-11 19:09 conf
-rw-------  1 mswbingo dub_server 1121906688 2016-03-10 14:54 core.14289
-rw-------  1 mswbingo dub_server 1124941824 2016-03-10 14:45 core.10744
-rw-------  1 mswbingo dub_server 1131835392 2016-03-10 12:40 core.8730
-rw-------  1 mswbingo dub_server 1128513536 2016-03-09 12:40 core.3153
-rwxrwxr-x  1 wadmin   dub_server      12987 2016-03-09 12:13 DBPool.cpp
-rwxrwxr-x  1 wadmin   dub_server       1256 2016-03-09 12:05 MiscUtil.h
-rwxrwxr-x  1 wadmin   dub_server       8975 2016-03-09 12:05 MiscUtil.cpp
-rwxrwxr-x  1 wadmin   dub_server        476 2016-03-09 12:03 header.h
-rwxrwxr-x  1 wadmin   dub_server      90747 2016-03-09 12:03 emoji.cpp
-rwxrwxr-x  1 wadmin   dub_server       1100 2016-03-09 12:03 DBPool.h
-rwxrwxr-x  1 wadmin   dub_server        823 2015-03-19 12:50 Makefile
-rwxrwxr-x  1 wadmin   dub_server        128 2015-03-19 12:50 go.sh
-rwxrwxr-x  1 wadmin   dub_server         92 2015-03-19 12:50 GEngine_GCM.sh
-rwxrwxr-x  1 wadmin   dub_server         34 2015-03-19 12:50 emoji.h
[root@localhost WBingo_GCMServer]# 
[root@localhost WBingo_GCMServer]# 
[root@localhost WBingo_GCMServer]# 
[root@localhost WBingo_GCMServer]# 
[root@localhost WBingo_GCMServer]# 
[root@localhost WBingo_GCMServer]# ll -lat
합계 81404
drwxrwxr-x  4 wadmin   dub_server     4096 2017-06-19 15:51 .
-rwxrwxr-x  1 wadmin   dub_server    62963 2017-06-19 15:50 main.cpp
-rwxr-xr-x  1 root     root         347864 2017-06-19 15:42 GEngine_GCM
-rw-------  1 mswbingo dub_server 82757443 2017-06-19 13:56 nohup.out
drwxrwxr-x  2 wadmin   dub_server    12288 2017-06-19 13:56 log
-rw-r--r--  1 mswbingo dub_server     2664 2017-06-14 11:58 main_gengine.cpp
drwxrwxr-x 10 wadmin   dub_server     4096 2017-04-06 23:24 ..
drwxrwxr-x  2 wadmin   dub_server     4096 2016-03-11 19:09 conf
-rwxrwxr-x  1 wadmin   dub_server    12987 2016-03-09 12:13 DBPool.cpp
-rwxrwxr-x  1 wadmin   dub_server     1256 2016-03-09 12:05 MiscUtil.h
-rwxrwxr-x  1 wadmin   dub_server     8975 2016-03-09 12:05 MiscUtil.cpp
-rwxrwxr-x  1 wadmin   dub_server      476 2016-03-09 12:03 header.h
-rwxrwxr-x  1 wadmin   dub_server    90747 2016-03-09 12:03 emoji.cpp
-rwxrwxr-x  1 wadmin   dub_server     1100 2016-03-09 12:03 DBPool.h
-rwxrwxr-x  1 wadmin   dub_server      823 2015-03-19 12:50 Makefile
-rwxrwxr-x  1 wadmin   dub_server      128 2015-03-19 12:50 go.sh
-rwxrwxr-x  1 wadmin   dub_server       92 2015-03-19 12:50 GEngine_GCM.sh
-rwxrwxr-x  1 wadmin   dub_server       34 2015-03-19 12:50 emoji.h
[root@localhost WBingo_GCMServer]# 
[root@localhost WBingo_GCMServer]# 
[root@localhost WBingo_GCMServer]# ll -lat
합계 81404
-rwxrwxr-x  1 wadmin   dub_server    62967 2017-06-19 15:52 main.cpp
drwxrwxr-x  4 wadmin   dub_server     4096 2017-06-19 15:51 .
-rwxr-xr-x  1 root     root         347864 2017-06-19 15:42 GEngine_GCM
-rw-------  1 mswbingo dub_server 82757443 2017-06-19 13:56 nohup.out
drwxrwxr-x  2 wadmin   dub_server    12288 2017-06-19 13:56 log
-rw-r--r--  1 mswbingo dub_server     2664 2017-06-14 11:58 main_gengine.cpp
drwxrwxr-x 10 wadmin   dub_server     4096 2017-04-06 23:24 ..
drwxrwxr-x  2 wadmin   dub_server     4096 2016-03-11 19:09 conf
-rwxrwxr-x  1 wadmin   dub_server    12987 2016-03-09 12:13 DBPool.cpp
-rwxrwxr-x  1 wadmin   dub_server     1256 2016-03-09 12:05 MiscUtil.h
-rwxrwxr-x  1 wadmin   dub_server     8975 2016-03-09 12:05 MiscUtil.cpp
-rwxrwxr-x  1 wadmin   dub_server      476 2016-03-09 12:03 header.h
-rwxrwxr-x  1 wadmin   dub_server    90747 2016-03-09 12:03 emoji.cpp
-rwxrwxr-x  1 wadmin   dub_server     1100 2016-03-09 12:03 DBPool.h
-rwxrwxr-x  1 wadmin   dub_server      823 2015-03-19 12:50 Makefile
-rwxrwxr-x  1 wadmin   dub_server      128 2015-03-19 12:50 go.sh
-rwxrwxr-x  1 wadmin   dub_server       92 2015-03-19 12:50 GEngine_GCM.sh
-rwxrwxr-x  1 wadmin   dub_server       34 2015-03-19 12:50 emoji.h
[root@localhost WBingo_GCMServer]# make
g++ -Wall -g -c -D_REENTRANT -D_LARGEFILE_SOURCE -D_FILE_OFFSET_BITS=64 -I/usr/include/mysql MiscUtil.cpp
g++ -Wall -g -c -D_REENTRANT -D_LARGEFILE_SOURCE -D_FILE_OFFSET_BITS=64 -I/usr/include/mysql DBPool.cpp
g++ -Wall -g -c -D_REENTRANT -D_LARGEFILE_SOURCE -D_FILE_OFFSET_BITS=64 -I/usr/include/mysql emoji.cpp
g++ -Wall -g -c -D_REENTRANT -D_LARGEFILE_SOURCE -D_FILE_OFFSET_BITS=64 -I/usr/include/mysql main.cpp
main.cpp: In function ‘void* push_neworder_thread(void*)’:
main.cpp:1774: warning: unknown conversion type character ‘'’ in format
main.cpp:1786: warning: format ‘%s’ expects type ‘char*’, but argument 3 has type ‘char (*)[100]’
main.cpp:1825: warning: format ‘%lld’ expects type ‘long long int’, but argument 4 has type ‘int’
main.cpp:1860: warning: format ‘%d’ expects type ‘int’, but argument 6 has type ‘char*’
main.cpp:1860: warning: format ‘%s’ expects type ‘char*’, but argument 7 has type ‘int’
main.cpp:1860: warning: too many arguments for format
main.cpp: In function ‘void* push_newjoin_thread(void*)’:
main.cpp:1915: warning: unused variable ‘res_ptr’
main.cpp:1916: warning: unused variable ‘sqlrow’
main.cpp:1917: warning: unused variable ‘sql’
main.cpp:1918: warning: unused variable ‘res_ptr2’
main.cpp:1919: warning: unused variable ‘sqlrow2’
main.cpp: In function ‘void* push_bonusdaily_thread(void*)’:
main.cpp:1956: warning: unused variable ‘res_ptr’
main.cpp:1957: warning: unused variable ‘sqlrow’
main.cpp:1958: warning: unused variable ‘sql’
main.cpp:1959: warning: unused variable ‘res_ptr2’
main.cpp:1960: warning: unused variable ‘sqlrow2’
main.cpp: In function ‘void* push_2weekshigh_thread(void*)’:
main.cpp:1997: warning: unused variable ‘res_ptr’
main.cpp:1998: warning: unused variable ‘sqlrow’
main.cpp:1999: warning: unused variable ‘sql’
main.cpp:2000: warning: unused variable ‘res_ptr2’
main.cpp:2001: warning: unused variable ‘sqlrow2’
main.cpp: In function ‘void* push_2weekslow_thread(void*)’:
main.cpp:2038: warning: unused variable ‘res_ptr’
main.cpp:2039: warning: unused variable ‘sqlrow’
main.cpp:2040: warning: unused variable ‘sql’
main.cpp:2041: warning: unused variable ‘res_ptr2’
main.cpp:2042: warning: unused variable ‘sqlrow2’
g++ -Wall -g -o GEngine_GCM -D_REENTRANT -D_LARGEFILE_SOURCE -D_FILE_OFFSET_BITS=64 MiscUtil.o DBPool.o emoji.o main.o -lpthread -lmysqlclient_r -lcurl -ljson -lrt  -L/usr/lib64/mysql
rm -f MiscUtil.o DBPool.o emoji.o main.o
[root@localhost WBingo_GCMServer]# killall -9 WB
WB: no process killed
[root@localhost WBingo_GCMServer]# killall -9 GEngine_GCM
GEngine_GCM: no process killed
[root@localhost WBingo_GCMServer]# killall -9 GEngine_GCM
GEngine_GCM: no process killed
[root@localhost WBingo_GCMServer]# ./GEngine_GCM
NOTI COUNT : 0
useridx : 10369  userid: 100000597867474   usercredit : 4417505  userlevel : 221 
tbl_user_notification_info : SELECT m.uuid, m.os_type, m.push_enabled FROM tbl_user_mobile AS m JOIN tbl_user_notification_info AS i ON m.useridx = i.useridx WHERE i.useridx = 10369 AND NOW() > IFNULL(DATE_ADD(lastpushdate, INTERVAL 1 DAY),0) AND pushcount <= 7 
useridx   : 10369  os_type : 2 push_enabled : 1 uuid : APA91bEtkZrqTZpTyT0Re9fDLNIoDwltalcEn10IZe7R3Tddzhm31qKJtu0uE7PxKG1Zoc_WVW5mfgqCW8eyua3gZ9yvRobF-L_58IdHigkrBKUJqjbxRWlyE3nPn4PL4Cl3B4HAz2-n 
세그멘테이션 오류 (core dumped)
[root@localhost WBingo_GCMServer]# killall -9 GEngine_GCM
GEngine_GCM: no process killed
[root@localhost WBingo_GCMServer]# killall -9 GEngine_GCM
GEngine_GCM: no process killed
[root@localhost WBingo_GCMServer]# ll -lat
합계 153696
-rwxrwxr-x  1 wadmin   dub_server      62963 2017-06-19 15:54 main.cpp
-rw-------  1 root     root       1181798400 2017-06-19 15:52 core.28243
drwxrwxr-x  4 wadmin   dub_server       4096 2017-06-19 15:52 .
-rwxr-xr-x  1 root     root           347856 2017-06-19 15:52 GEngine_GCM
-rw-------  1 mswbingo dub_server   82757443 2017-06-19 13:56 nohup.out
drwxrwxr-x  2 wadmin   dub_server      12288 2017-06-19 13:56 log
-rw-r--r--  1 mswbingo dub_server       2664 2017-06-14 11:58 main_gengine.cpp
drwxrwxr-x 10 wadmin   dub_server       4096 2017-04-06 23:24 ..
drwxrwxr-x  2 wadmin   dub_server       4096 2016-03-11 19:09 conf
-rwxrwxr-x  1 wadmin   dub_server      12987 2016-03-09 12:13 DBPool.cpp
-rwxrwxr-x  1 wadmin   dub_server       1256 2016-03-09 12:05 MiscUtil.h
-rwxrwxr-x  1 wadmin   dub_server       8975 2016-03-09 12:05 MiscUtil.cpp
-rwxrwxr-x  1 wadmin   dub_server        476 2016-03-09 12:03 header.h
-rwxrwxr-x  1 wadmin   dub_server      90747 2016-03-09 12:03 emoji.cpp
-rwxrwxr-x  1 wadmin   dub_server       1100 2016-03-09 12:03 DBPool.h
-rwxrwxr-x  1 wadmin   dub_server        823 2015-03-19 12:50 Makefile
-rwxrwxr-x  1 wadmin   dub_server        128 2015-03-19 12:50 go.sh
-rwxrwxr-x  1 wadmin   dub_server         92 2015-03-19 12:50 GEngine_GCM.sh
-rwxrwxr-x  1 wadmin   dub_server         34 2015-03-19 12:50 emoji.h
[root@localhost WBingo_GCMServer]# make
g++ -Wall -g -c -D_REENTRANT -D_LARGEFILE_SOURCE -D_FILE_OFFSET_BITS=64 -I/usr/include/mysql MiscUtil.cpp
g++ -Wall -g -c -D_REENTRANT -D_LARGEFILE_SOURCE -D_FILE_OFFSET_BITS=64 -I/usr/include/mysql DBPool.cpp
g++ -Wall -g -c -D_REENTRANT -D_LARGEFILE_SOURCE -D_FILE_OFFSET_BITS=64 -I/usr/include/mysql emoji.cpp
g++ -Wall -g -c -D_REENTRANT -D_LARGEFILE_SOURCE -D_FILE_OFFSET_BITS=64 -I/usr/include/mysql main.cpp
main.cpp: In function ‘void* push_neworder_thread(void*)’:
main.cpp:1774: warning: unknown conversion type character ‘'’ in format
main.cpp:1786: warning: format ‘%s’ expects type ‘char*’, but argument 3 has type ‘char (*)[100]’
main.cpp:1825: warning: format ‘%lld’ expects type ‘long long int’, but argument 4 has type ‘int’
main.cpp:1860: warning: format ‘%d’ expects type ‘int’, but argument 6 has type ‘char*’
main.cpp:1860: warning: format ‘%s’ expects type ‘char*’, but argument 7 has type ‘int’
main.cpp:1860: warning: too many arguments for format
main.cpp: In function ‘void* push_newjoin_thread(void*)’:
main.cpp:1915: warning: unused variable ‘res_ptr’
main.cpp:1916: warning: unused variable ‘sqlrow’
main.cpp:1917: warning: unused variable ‘sql’
main.cpp:1918: warning: unused variable ‘res_ptr2’
main.cpp:1919: warning: unused variable ‘sqlrow2’
main.cpp: In function ‘void* push_bonusdaily_thread(void*)’:
main.cpp:1956: warning: unused variable ‘res_ptr’
main.cpp:1957: warning: unused variable ‘sqlrow’
main.cpp:1958: warning: unused variable ‘sql’
main.cpp:1959: warning: unused variable ‘res_ptr2’
main.cpp:1960: warning: unused variable ‘sqlrow2’
main.cpp: In function ‘void* push_2weekshigh_thread(void*)’:
main.cpp:1997: warning: unused variable ‘res_ptr’
main.cpp:1998: warning: unused variable ‘sqlrow’
main.cpp:1999: warning: unused variable ‘sql’
main.cpp:2000: warning: unused variable ‘res_ptr2’
main.cpp:2001: warning: unused variable ‘sqlrow2’
main.cpp: In function ‘void* push_2weekslow_thread(void*)’:
main.cpp:2038: warning: unused variable ‘res_ptr’
main.cpp:2039: warning: unused variable ‘sqlrow’
main.cpp:2040: warning: unused variable ‘sql’
main.cpp:2041: warning: unused variable ‘res_ptr2’
main.cpp:2042: warning: unused variable ‘sqlrow2’
g++ -Wall -g -o GEngine_GCM -D_REENTRANT -D_LARGEFILE_SOURCE -D_FILE_OFFSET_BITS=64 MiscUtil.o DBPool.o emoji.o main.o -lpthread -lmysqlclient_r -lcurl -ljson -lrt  -L/usr/lib64/mysql
rm -f MiscUtil.o DBPool.o emoji.o main.o
[root@localhost WBingo_GCMServer]# ./GEngine_GCM
NOTI COUNT : 0
useridx : 10369  userid: 100000597867474   usercredit : 4417505  userlevel : 221 
tbl_user_notification_info : SELECT m.uuid, m.os_type, m.push_enabled FROM tbl_user_mobile AS m JOIN tbl_user_notification_info AS i ON m.useridx = i.useridx WHERE i.useridx = 10369 AND NOW() > IFNULL(DATE_ADD(lastpushdate, INTERVAL 1 DAY),0) AND pushcount <= 7 
useridx   : 10369  os_type : 2 push_enabled : 1 uuid : APA91bEtkZrqTZpTyT0Re9fDLNIoDwltalcEn10IZe7R3Tddzhm31qKJtu0uE7PxKG1Zoc_WVW5mfgqCW8eyua3gZ9yvRobF-L_58IdHigkrBKUJqjbxRWlyE3nPn4PL4Cl3B4HAz2-n 
useridx   : 10369  insert tbl_android_idx ----  INSERT INTO tbl_android_idx(type, writedate) VALUES(90, NOW()) 
useridx   : 10369  select tbl_android_idx ----  SELECT MAX(messageidx) FROM tbl_android_idx WHERE type = 90 
세그멘테이션 오류 (core dumped)
[root@localhost WBingo_GCMServer]# killall -9 GEngine_GCM
GEngine_GCM: no process killed
[root@localhost WBingo_GCMServer]# killall -9 GEngine_GCM
GEngine_GCM: no process killed
[root@localhost WBingo_GCMServer]# ll -lat
합계 225976
-rwxrwxr-x  1 wadmin   dub_server      62962 2017-06-19 15:59 main.cpp
-rw-------  1 root     root       1181937664 2017-06-19 15:55 core.28495
drwxrwxr-x  4 wadmin   dub_server       4096 2017-06-19 15:55 .
-rwxr-xr-x  1 root     root           347864 2017-06-19 15:55 GEngine_GCM
-rw-------  1 root     root       1181798400 2017-06-19 15:52 core.28243
-rw-------  1 mswbingo dub_server   82757443 2017-06-19 13:56 nohup.out
drwxrwxr-x  2 wadmin   dub_server      12288 2017-06-19 13:56 log
-rw-r--r--  1 mswbingo dub_server       2664 2017-06-14 11:58 main_gengine.cpp
drwxrwxr-x 10 wadmin   dub_server       4096 2017-04-06 23:24 ..
drwxrwxr-x  2 wadmin   dub_server       4096 2016-03-11 19:09 conf
-rwxrwxr-x  1 wadmin   dub_server      12987 2016-03-09 12:13 DBPool.cpp
-rwxrwxr-x  1 wadmin   dub_server       1256 2016-03-09 12:05 MiscUtil.h
-rwxrwxr-x  1 wadmin   dub_server       8975 2016-03-09 12:05 MiscUtil.cpp
-rwxrwxr-x  1 wadmin   dub_server        476 2016-03-09 12:03 header.h
-rwxrwxr-x  1 wadmin   dub_server      90747 2016-03-09 12:03 emoji.cpp
-rwxrwxr-x  1 wadmin   dub_server       1100 2016-03-09 12:03 DBPool.h
-rwxrwxr-x  1 wadmin   dub_server        823 2015-03-19 12:50 Makefile
-rwxrwxr-x  1 wadmin   dub_server        128 2015-03-19 12:50 go.sh
-rwxrwxr-x  1 wadmin   dub_server         92 2015-03-19 12:50 GEngine_GCM.sh
-rwxrwxr-x  1 wadmin   dub_server         34 2015-03-19 12:50 emoji.h
[root@localhost WBingo_GCMServer]# make
g++ -Wall -g -c -D_REENTRANT -D_LARGEFILE_SOURCE -D_FILE_OFFSET_BITS=64 -I/usr/include/mysql MiscUtil.cpp
g++ -Wall -g -c -D_REENTRANT -D_LARGEFILE_SOURCE -D_FILE_OFFSET_BITS=64 -I/usr/include/mysql DBPool.cpp
g++ -Wall -g -c -D_REENTRANT -D_LARGEFILE_SOURCE -D_FILE_OFFSET_BITS=64 -I/usr/include/mysql emoji.cpp
g++ -Wall -g -c -D_REENTRANT -D_LARGEFILE_SOURCE -D_FILE_OFFSET_BITS=64 -I/usr/include/mysql main.cpp
main.cpp: In function ‘void* push_neworder_thread(void*)’:
main.cpp:1774: warning: unknown conversion type character ‘'’ in format
main.cpp:1786: warning: format ‘%s’ expects type ‘char*’, but argument 3 has type ‘char (*)[100]’
main.cpp:1825: warning: format ‘%lld’ expects type ‘long long int’, but argument 4 has type ‘int’
main.cpp: In function ‘void* push_newjoin_thread(void*)’:
main.cpp:1915: warning: unused variable ‘res_ptr’
main.cpp:1916: warning: unused variable ‘sqlrow’
main.cpp:1917: warning: unused variable ‘sql’
main.cpp:1918: warning: unused variable ‘res_ptr2’
main.cpp:1919: warning: unused variable ‘sqlrow2’
main.cpp: In function ‘void* push_bonusdaily_thread(void*)’:
main.cpp:1956: warning: unused variable ‘res_ptr’
main.cpp:1957: warning: unused variable ‘sqlrow’
main.cpp:1958: warning: unused variable ‘sql’
main.cpp:1959: warning: unused variable ‘res_ptr2’
main.cpp:1960: warning: unused variable ‘sqlrow2’
main.cpp: In function ‘void* push_2weekshigh_thread(void*)’:
main.cpp:1997: warning: unused variable ‘res_ptr’
main.cpp:1998: warning: unused variable ‘sqlrow’
main.cpp:1999: warning: unused variable ‘sql’
main.cpp:2000: warning: unused variable ‘res_ptr2’
main.cpp:2001: warning: unused variable ‘sqlrow2’
main.cpp: In function ‘void* push_2weekslow_thread(void*)’:
main.cpp:2038: warning: unused variable ‘res_ptr’
main.cpp:2039: warning: unused variable ‘sqlrow’
main.cpp:2040: warning: unused variable ‘sql’
main.cpp:2041: warning: unused variable ‘res_ptr2’
main.cpp:2042: warning: unused variable ‘sqlrow2’
g++ -Wall -g -o GEngine_GCM -D_REENTRANT -D_LARGEFILE_SOURCE -D_FILE_OFFSET_BITS=64 MiscUtil.o DBPool.o emoji.o main.o -lpthread -lmysqlclient_r -lcurl -ljson -lrt  -L/usr/lib64/mysql
rm -f MiscUtil.o DBPool.o emoji.o main.o
[root@localhost WBingo_GCMServer]# ./GEngine_GCM
NOTI COUNT : 0
useridx : 10369  userid: 100000597867474   usercredit : 4417505  userlevel : 221 
tbl_user_notification_info : SELECT m.uuid, m.os_type, m.push_enabled FROM tbl_user_mobile AS m JOIN tbl_user_notification_info AS i ON m.useridx = i.useridx WHERE i.useridx = 10369 AND NOW() > IFNULL(DATE_ADD(lastpushdate, INTERVAL 1 DAY),0) AND pushcount <= 7 
useridx   : 10369  os_type : 2 push_enabled : 1 uuid : APA91bEtkZrqTZpTyT0Re9fDLNIoDwltalcEn10IZe7R3Tddzhm31qKJtu0uE7PxKG1Zoc_WVW5mfgqCW8eyua3gZ9yvRobF-L_58IdHigkrBKUJqjbxRWlyE3nPn4PL4Cl3B4HAz2-n 
useridx   : 10369  insert tbl_android_idx ----  INSERT INTO tbl_android_idx(type, writedate) VALUES(90, NOW()) 
useridx   : 10369  select tbl_android_idx ----  SELECT MAX(messageidx) FROM tbl_android_idx WHERE type = 90 
useridx   : 10369  tbl_user_notification_android_new ----  INSERT IGNORE INTO tbl_user_notification_android_new(uuid, messageidx, message, eventcode, push_type, createdate)  VALUES ('APA91bEtkZrqTZpTyT0Re9fDLNIoDwltalcEn10IZe7R3Tddzhm31qKJtu0uE7PxKG1Zoc_WVW5mfgqCW8eyua3gZ9yvRobF-L_58IdHigkrBKUJqjbxRWlyE3nPn4PL4Cl3B4HAz2-n', 2778, 'Congratulations YM! Play now and win 770 Credits at no condition! Dont miss out!', 'CP_NOW()', 90, NOW()) ON DUPLICATE KEY UPDATE message = 'Congratulations YM! Play now and win 770 Credits at no condition! Dont miss out!', send = 0, error = 0, request = 0, createdate = NOW(), senddate = 0 
useridx   : 10369  tbl_user_inbox ----  INSERT INTO tbl_user_inbox(useridx, sender_useridx, sender_name, sender_photourl, imageurl, category, title, gift, status, writedate) VALUES(10369, 0, 'Tina Scott', 'http://graph.facebook.com/100004597905307/picture?type=square', '', 6, Congratulations YM! Play now and win 770 Credits at no condition! Dont miss out!, 770, 0, NOW())  
NOTI COUNT : 1
RES SQL : senidx(596), uuid(APA91bEtkZrqTZpTyT0Re9fDLNIoDwltalcEn10IZe7R3Tddzhm31qKJtu0uE7PxKG1Zoc_WVW5mfgqCW8eyua3gZ9yvRobF-L_58IdHigkrBKUJqjbxRWlyE3nPn4PL4Cl3B4HAz2-n), idx(2778), msg(Congratulations YM! Play now and win 770 Credits at no condition! Dont miss out!), eventcode(CP_NOW()), push_type(90), imageurl()
PUSH : 1
PUSHED : 1
NEW CURL
complete queue size : 1
COMPLETE : APA91bEtkZrqTZpTyT0Re9fDLNIoDwltalcEn10IZe7R3Tddzhm31qKJtu0uE7PxKG1Zoc_WVW5mfgqCW8eyua3gZ9yvRobF-L_58IdHigkrBKUJqjbxRWlyE3nPn4PL4Cl3B4HAz2-n
success list : 596
OK : INSERT INTO tbl_gcm_log(messageidx, status, log, writedate) VALUES (2778, 2, 'success:1, fail:0, invalid:0', NOW())
empty queue size(1), process queue size (0)
NOTI COUNT : 0
NOTI COUNT : 0
useridx : 10369  userid: 100000597867474   usercredit : 4417505  userlevel : 221 
tbl_user_notification_info : SELECT m.uuid, m.os_type, m.push_enabled FROM tbl_user_mobile AS m JOIN tbl_user_notification_info AS i ON m.useridx = i.useridx WHERE i.useridx = 10369 AND NOW() > IFNULL(DATE_ADD(lastpushdate, INTERVAL 1 DAY),0) AND pushcount <= 7 
NOTI COUNT : 0
NOTI COUNT : 0
NOTI COUNT : 0
useridx : 10369  userid: 100000597867474   usercredit : 4417505  userlevel : 221 
tbl_user_notification_info : SELECT m.uuid, m.os_type, m.push_enabled FROM tbl_user_mobile AS m JOIN tbl_user_notification_info AS i ON m.useridx = i.useridx WHERE i.useridx = 10369 AND NOW() > IFNULL(DATE_ADD(lastpushdate, INTERVAL 1 DAY),0) AND pushcount <= 7 
NOTI COUNT : 0
NOTI COUNT : 0
NOTI COUNT : 0
useridx : 10369  userid: 100000597867474   usercredit : 4417505  userlevel : 221 
tbl_user_notification_info : SELECT m.uuid, m.os_type, m.push_enabled FROM tbl_user_mobile AS m JOIN tbl_user_notification_info AS i ON m.useridx = i.useridx WHERE i.useridx = 10369 AND NOW() > IFNULL(DATE_ADD(lastpushdate, INTERVAL 1 DAY),0) AND pushcount <= 7 
NOTI COUNT : 0
NOTI COUNT : 0
NOTI COUNT : 0
useridx : 10369  userid: 100000597867474   usercredit : 4417505  userlevel : 221 
tbl_user_notification_info : SELECT m.uuid, m.os_type, m.push_enabled FROM tbl_user_mobile AS m JOIN tbl_user_notification_info AS i ON m.useridx = i.useridx WHERE i.useridx = 10369 AND NOW() > IFNULL(DATE_ADD(lastpushdate, INTERVAL 1 DAY),0) AND pushcount <= 7 
NOTI COUNT : 0
NOTI COUNT : 0
NOTI COUNT : 0
useridx : 10369  userid: 100000597867474   usercredit : 4417505  userlevel : 221 
tbl_user_notification_info : SELECT m.uuid, m.os_type, m.push_enabled FROM tbl_user_mobile AS m JOIN tbl_user_notification_info AS i ON m.useridx = i.useridx WHERE i.useridx = 10369 AND NOW() > IFNULL(DATE_ADD(lastpushdate, INTERVAL 1 DAY),0) AND pushcount <= 7 
^Z
[1]+  Stopped                 ./GEngine_GCM
[root@localhost WBingo_GCMServer]# killall -9 GEngine_GCM
[root@localhost WBingo_GCMServer]# killall -9 GEngine_GCM
GEngine_GCM: no process killed
[1]+  죽었음               ./GEngine_GCM
[root@localhost WBingo_GCMServer]# ll -lat
합계 225976
-rwxrwxr-x  1 wadmin   dub_server      62974 2017-06-19 16:02 main.cpp
drwxrwxr-x  4 wadmin   dub_server       4096 2017-06-19 15:59 .
-rwxr-xr-x  1 root     root           347864 2017-06-19 15:59 GEngine_GCM
-rw-------  1 root     root       1181937664 2017-06-19 15:55 core.28495
-rw-------  1 root     root       1181798400 2017-06-19 15:52 core.28243
-rw-------  1 mswbingo dub_server   82757443 2017-06-19 13:56 nohup.out
drwxrwxr-x  2 wadmin   dub_server      12288 2017-06-19 13:56 log
-rw-r--r--  1 mswbingo dub_server       2664 2017-06-14 11:58 main_gengine.cpp
drwxrwxr-x 10 wadmin   dub_server       4096 2017-04-06 23:24 ..
drwxrwxr-x  2 wadmin   dub_server       4096 2016-03-11 19:09 conf
-rwxrwxr-x  1 wadmin   dub_server      12987 2016-03-09 12:13 DBPool.cpp
-rwxrwxr-x  1 wadmin   dub_server       1256 2016-03-09 12:05 MiscUtil.h
-rwxrwxr-x  1 wadmin   dub_server       8975 2016-03-09 12:05 MiscUtil.cpp
-rwxrwxr-x  1 wadmin   dub_server        476 2016-03-09 12:03 header.h
-rwxrwxr-x  1 wadmin   dub_server      90747 2016-03-09 12:03 emoji.cpp
-rwxrwxr-x  1 wadmin   dub_server       1100 2016-03-09 12:03 DBPool.h
-rwxrwxr-x  1 wadmin   dub_server        823 2015-03-19 12:50 Makefile
-rwxrwxr-x  1 wadmin   dub_server        128 2015-03-19 12:50 go.sh
-rwxrwxr-x  1 wadmin   dub_server         92 2015-03-19 12:50 GEngine_GCM.sh
-rwxrwxr-x  1 wadmin   dub_server         34 2015-03-19 12:50 emoji.h
[root@localhost WBingo_GCMServer]# make
g++ -Wall -g -c -D_REENTRANT -D_LARGEFILE_SOURCE -D_FILE_OFFSET_BITS=64 -I/usr/include/mysql MiscUtil.cpp
g++ -Wall -g -c -D_REENTRANT -D_LARGEFILE_SOURCE -D_FILE_OFFSET_BITS=64 -I/usr/include/mysql DBPool.cpp
g++ -Wall -g -c -D_REENTRANT -D_LARGEFILE_SOURCE -D_FILE_OFFSET_BITS=64 -I/usr/include/mysql emoji.cpp
g++ -Wall -g -c -D_REENTRANT -D_LARGEFILE_SOURCE -D_FILE_OFFSET_BITS=64 -I/usr/include/mysql main.cpp
main.cpp: In function ‘void* push_neworder_thread(void*)’:
main.cpp:1774: warning: unknown conversion type character ‘'’ in format
main.cpp:1786: warning: format ‘%s’ expects type ‘char*’, but argument 3 has type ‘char (*)[100]’
main.cpp:1825: warning: format ‘%lld’ expects type ‘long long int’, but argument 4 has type ‘int’
main.cpp: In function ‘void* push_newjoin_thread(void*)’:
main.cpp:1915: warning: unused variable ‘res_ptr’
main.cpp:1916: warning: unused variable ‘sqlrow’
main.cpp:1917: warning: unused variable ‘sql’
main.cpp:1918: warning: unused variable ‘res_ptr2’
main.cpp:1919: warning: unused variable ‘sqlrow2’
main.cpp: In function ‘void* push_bonusdaily_thread(void*)’:
main.cpp:1956: warning: unused variable ‘res_ptr’
main.cpp:1957: warning: unused variable ‘sqlrow’
main.cpp:1958: warning: unused variable ‘sql’
main.cpp:1959: warning: unused variable ‘res_ptr2’
main.cpp:1960: warning: unused variable ‘sqlrow2’
main.cpp: In function ‘void* push_2weekshigh_thread(void*)’:
main.cpp:1997: warning: unused variable ‘res_ptr’
main.cpp:1998: warning: unused variable ‘sqlrow’
main.cpp:1999: warning: unused variable ‘sql’
main.cpp:2000: warning: unused variable ‘res_ptr2’
main.cpp:2001: warning: unused variable ‘sqlrow2’
main.cpp: In function ‘void* push_2weekslow_thread(void*)’:
main.cpp:2038: warning: unused variable ‘res_ptr’
main.cpp:2039: warning: unused variable ‘sqlrow’
main.cpp:2040: warning: unused variable ‘sql’
main.cpp:2041: warning: unused variable ‘res_ptr2’
main.cpp:2042: warning: unused variable ‘sqlrow2’
g++ -Wall -g -o GEngine_GCM -D_REENTRANT -D_LARGEFILE_SOURCE -D_FILE_OFFSET_BITS=64 MiscUtil.o DBPool.o emoji.o main.o -lpthread -lmysqlclient_r -lcurl -ljson -lrt  -L/usr/lib64/mysql
rm -f MiscUtil.o DBPool.o emoji.o main.o
[root@localhost WBingo_GCMServer]# ./GEngine_GCM
NOTI COUNT : 0
useridx : 10369  userid: 100000597867474   usercredit : 4417505  userlevel : 221 
tbl_user_notification_info : SELECT m.uuid, m.os_type, m.push_enabled FROM tbl_user_mobile AS m JOIN tbl_user_notification_info AS i ON m.useridx = i.useridx WHERE i.useridx = 10369 AND NOW() > IFNULL(DATE_ADD(lastpushdate, INTERVAL 1 DAY),0) AND pushcount <= 7 
NOTI COUNT : 0
NOTI COUNT : 0
NOTI COUNT : 0
useridx : 10369  userid: 100000597867474   usercredit : 4417505  userlevel : 221 
tbl_user_notification_info : SELECT m.uuid, m.os_type, m.push_enabled FROM tbl_user_mobile AS m JOIN tbl_user_notification_info AS i ON m.useridx = i.useridx WHERE i.useridx = 10369 AND NOW() > IFNULL(DATE_ADD(lastpushdate, INTERVAL 1 DAY),0) AND pushcount <= 7 
NOTI COUNT : 0
NOTI COUNT : 0
NOTI COUNT : 0
useridx : 10369  userid: 100000597867474   usercredit : 4417505  userlevel : 221 
tbl_user_notification_info : SELECT m.uuid, m.os_type, m.push_enabled FROM tbl_user_mobile AS m JOIN tbl_user_notification_info AS i ON m.useridx = i.useridx WHERE i.useridx = 10369 AND NOW() > IFNULL(DATE_ADD(lastpushdate, INTERVAL 1 DAY),0) AND pushcount <= 7 
useridx   : 10369  tbl_user_inbox ----  INSERT INTO tbl_user_inbox(useridx, sender_useridx, sender_name, sender_photourl, imageurl, category, title, gift, status, writedate) VALUES(10369, 0, 'Tina Scott', 'http://graph.facebook.com/100004597905307/picture?type=square', '', 6, 'Congratulations YM! Play now and win 770 Credits at no condition! Don`t miss out!', 770, 0, NOW())  
NOTI COUNT : 1
RES SQL : senidx(597), uuid(APA91bEtkZrqTZpTyT0Re9fDLNIoDwltalcEn10IZe7R3Tddzhm31qKJtu0uE7PxKG1Zoc_WVW5mfgqCW8eyua3gZ9yvRobF-L_58IdHigkrBKUJqjbxRWlyE3nPn4PL4Cl3B4HAz2-n), idx(2779), msg(Congratulations YM! Play now and win 770 Credits at no condition! Don`t miss out!), eventcode(CP_NOW()), push_type(90), imageurl()
PUSH : 1
PUSHED : 1
NEW CURL
complete queue size : 1
COMPLETE : APA91bEtkZrqTZpTyT0Re9fDLNIoDwltalcEn10IZe7R3Tddzhm31qKJtu0uE7PxKG1Zoc_WVW5mfgqCW8eyua3gZ9yvRobF-L_58IdHigkrBKUJqjbxRWlyE3nPn4PL4Cl3B4HAz2-n
success list : 597
OK : INSERT INTO tbl_gcm_log(messageidx, status, log, writedate) VALUES (2779, 2, 'success:1, fail:0, invalid:0', NOW())
empty queue size(1), process queue size (0)
NOTI COUNT : 0
NOTI COUNT : 0
useridx : 10369  userid: 100000597867474   usercredit : 4417505  userlevel : 221 
tbl_user_notification_info : SELECT m.uuid, m.os_type, m.push_enabled FROM tbl_user_mobile AS m JOIN tbl_user_notification_info AS i ON m.useridx = i.useridx WHERE i.useridx = 10369 AND NOW() > IFNULL(DATE_ADD(lastpushdate, INTERVAL 1 DAY),0) AND pushcount <= 7 
NOTI COUNT : 0
NOTI COUNT : 0
NOTI COUNT : 0
useridx : 10369  userid: 100000597867474   usercredit : 4417505  userlevel : 221 
tbl_user_notification_info : SELECT m.uuid, m.os_type, m.push_enabled FROM tbl_user_mobile AS m JOIN tbl_user_notification_info AS i ON m.useridx = i.useridx WHERE i.useridx = 10369 AND NOW() > IFNULL(DATE_ADD(lastpushdate, INTERVAL 1 DAY),0) AND pushcount <= 7 
NOTI COUNT : 0
NOTI COUNT : 0
NOTI COUNT : 0
useridx : 10369  userid: 100000597867474   usercredit : 4418275  userlevel : 221 
tbl_user_notification_info : SELECT m.uuid, m.os_type, m.push_enabled FROM tbl_user_mobile AS m JOIN tbl_user_notification_info AS i ON m.useridx = i.useridx WHERE i.useridx = 10369 AND NOW() > IFNULL(DATE_ADD(lastpushdate, INTERVAL 1 DAY),0) AND pushcount <= 7 
NOTI COUNT : 0
NOTI COUNT : 0
NOTI COUNT : 0
useridx : 10369  userid: 100000597867474   usercredit : 4418275  userlevel : 221 
tbl_user_notification_info : SELECT m.uuid, m.os_type, m.push_enabled FROM tbl_user_mobile AS m JOIN tbl_user_notification_info AS i ON m.useridx = i.useridx WHERE i.useridx = 10369 AND NOW() > IFNULL(DATE_ADD(lastpushdate, INTERVAL 1 DAY),0) AND pushcount <= 7 
NOTI COUNT : 0
NOTI COUNT : 0
NOTI COUNT : 0
useridx : 10369  userid: 100000597867474   usercredit : 4418275  userlevel : 221 
tbl_user_notification_info : SELECT m.uuid, m.os_type, m.push_enabled FROM tbl_user_mobile AS m JOIN tbl_user_notification_info AS i ON m.useridx = i.useridx WHERE i.useridx = 10369 AND NOW() > IFNULL(DATE_ADD(lastpushdate, INTERVAL 1 DAY),0) AND pushcount <= 7 
NOTI COUNT : 0
NOTI COUNT : 0
NOTI COUNT : 0
useridx : 10369  userid: 100000597867474   usercredit : 4418275  userlevel : 221 
tbl_user_notification_info : SELECT m.uuid, m.os_type, m.push_enabled FROM tbl_user_mobile AS m JOIN tbl_user_notification_info AS i ON m.useridx = i.useridx WHERE i.useridx = 10369 AND NOW() > IFNULL(DATE_ADD(lastpushdate, INTERVAL 1 DAY),0) AND pushcount <= 7 
NOTI COUNT : 0
NOTI COUNT : 0
NOTI COUNT : 0
useridx : 10369  userid: 100000597867474   usercredit : 4418275  userlevel : 221 
tbl_user_notification_info : SELECT m.uuid, m.os_type, m.push_enabled FROM tbl_user_mobile AS m JOIN tbl_user_notification_info AS i ON m.useridx = i.useridx WHERE i.useridx = 10369 AND NOW() > IFNULL(DATE_ADD(lastpushdate, INTERVAL 1 DAY),0) AND pushcount <= 7 
NOTI COUNT : 0
NOTI COUNT : 0
NOTI COUNT : 0
useridx : 10369  userid: 100000597867474   usercredit : 4418275  userlevel : 221 
tbl_user_notification_info : SELECT m.uuid, m.os_type, m.push_enabled FROM tbl_user_mobile AS m JOIN tbl_user_notification_info AS i ON m.useridx = i.useridx WHERE i.useridx = 10369 AND NOW() > IFNULL(DATE_ADD(lastpushdate, INTERVAL 1 DAY),0) AND pushcount <= 7 
NOTI COUNT : 0
NOTI COUNT : 0
NOTI COUNT : 0
useridx : 10369  userid: 100000597867474   usercredit : 4418275  userlevel : 221 
tbl_user_notification_info : SELECT m.uuid, m.os_type, m.push_enabled FROM tbl_user_mobile AS m JOIN tbl_user_notification_info AS i ON m.useridx = i.useridx WHERE i.useridx = 10369 AND NOW() > IFNULL(DATE_ADD(lastpushdate, INTERVAL 1 DAY),0) AND pushcount <= 7 
NOTI COUNT : 0
NOTI COUNT : 0
NOTI COUNT : 0
useridx : 10369  userid: 100000597867474   usercredit : 4418275  userlevel : 221 
tbl_user_notification_info : SELECT m.uuid, m.os_type, m.push_enabled FROM tbl_user_mobile AS m JOIN tbl_user_notification_info AS i ON m.useridx = i.useridx WHERE i.useridx = 10369 AND NOW() > IFNULL(DATE_ADD(lastpushdate, INTERVAL 1 DAY),0) AND pushcount <= 7 
NOTI COUNT : 0
NOTI COUNT : 0
NOTI COUNT : 0
useridx : 10369  userid: 100000597867474   usercredit : 4418275  userlevel : 221 
tbl_user_notification_info : SELECT m.uuid, m.os_type, m.push_enabled FROM tbl_user_mobile AS m JOIN tbl_user_notification_info AS i ON m.useridx = i.useridx WHERE i.useridx = 10369 AND NOW() > IFNULL(DATE_ADD(lastpushdate, INTERVAL 1 DAY),0) AND pushcount <= 7 
NOTI COUNT : 0
NOTI COUNT : 0
NOTI COUNT : 0
useridx : 10369  userid: 100000597867474   usercredit : 4418275  userlevel : 221 
tbl_user_notification_info : SELECT m.uuid, m.os_type, m.push_enabled FROM tbl_user_mobile AS m JOIN tbl_user_notification_info AS i ON m.useridx = i.useridx WHERE i.useridx = 10369 AND NOW() > IFNULL(DATE_ADD(lastpushdate, INTERVAL 1 DAY),0) AND pushcount <= 7 
NOTI COUNT : 0
NOTI COUNT : 0
NOTI COUNT : 0
useridx : 10369  userid: 100000597867474   usercredit : 4418275  userlevel : 221 
tbl_user_notification_info : SELECT m.uuid, m.os_type, m.push_enabled FROM tbl_user_mobile AS m JOIN tbl_user_notification_info AS i ON m.useridx = i.useridx WHERE i.useridx = 10369 AND NOW() > IFNULL(DATE_ADD(lastpushdate, INTERVAL 1 DAY),0) AND pushcount <= 7 
NOTI COUNT : 0
NOTI COUNT : 0
NOTI COUNT : 0
useridx : 10369  userid: 100000597867474   usercredit : 4418275  userlevel : 221 
tbl_user_notification_info : SELECT m.uuid, m.os_type, m.push_enabled FROM tbl_user_mobile AS m JOIN tbl_user_notification_info AS i ON m.useridx = i.useridx WHERE i.useridx = 10369 AND NOW() > IFNULL(DATE_ADD(lastpushdate, INTERVAL 1 DAY),0) AND pushcount <= 7 
NOTI COUNT : 0
NOTI COUNT : 0
NOTI COUNT : 0
useridx : 10369  userid: 100000597867474   usercredit : 4418275  userlevel : 221 
tbl_user_notification_info : SELECT m.uuid, m.os_type, m.push_enabled FROM tbl_user_mobile AS m JOIN tbl_user_notification_info AS i ON m.useridx = i.useridx WHERE i.useridx = 10369 AND NOW() > IFNULL(DATE_ADD(lastpushdate, INTERVAL 1 DAY),0) AND pushcount <= 7 
NOTI COUNT : 0
NOTI COUNT : 0
NOTI COUNT : 0
useridx : 10369  userid: 100000597867474   usercredit : 4418275  userlevel : 221 
tbl_user_notification_info : SELECT m.uuid, m.os_type, m.push_enabled FROM tbl_user_mobile AS m JOIN tbl_user_notification_info AS i ON m.useridx = i.useridx WHERE i.useridx = 10369 AND NOW() > IFNULL(DATE_ADD(lastpushdate, INTERVAL 1 DAY),0) AND pushcount <= 7 
NOTI COUNT : 0
NOTI COUNT : 0
NOTI COUNT : 0
useridx : 10369  userid: 100000597867474   usercredit : 4418275  userlevel : 221 
tbl_user_notification_info : SELECT m.uuid, m.os_type, m.push_enabled FROM tbl_user_mobile AS m JOIN tbl_user_notification_info AS i ON m.useridx = i.useridx WHERE i.useridx = 10369 AND NOW() > IFNULL(DATE_ADD(lastpushdate, INTERVAL 1 DAY),0) AND pushcount <= 7 
NOTI COUNT : 0
NOTI COUNT : 0
NOTI COUNT : 0
useridx : 10369  userid: 100000597867474   usercredit : 4418275  userlevel : 221 
tbl_user_notification_info : SELECT m.uuid, m.os_type, m.push_enabled FROM tbl_user_mobile AS m JOIN tbl_user_notification_info AS i ON m.useridx = i.useridx WHERE i.useridx = 10369 AND NOW() > IFNULL(DATE_ADD(lastpushdate, INTERVAL 1 DAY),0) AND pushcount <= 7 
NOTI COUNT : 0
NOTI COUNT : 0
NOTI COUNT : 0
useridx : 10369  userid: 100000597867474   usercredit : 4418275  userlevel : 221 
tbl_user_notification_info : SELECT m.uuid, m.os_type, m.push_enabled FROM tbl_user_mobile AS m JOIN tbl_user_notification_info AS i ON m.useridx = i.useridx WHERE i.useridx = 10369 AND NOW() > IFNULL(DATE_ADD(lastpushdate, INTERVAL 1 DAY),0) AND pushcount <= 7 
NOTI COUNT : 0
NOTI COUNT : 0
NOTI COUNT : 0
useridx : 10369  userid: 100000597867474   usercredit : 4418275  userlevel : 221 
tbl_user_notification_info : SELECT m.uuid, m.os_type, m.push_enabled FROM tbl_user_mobile AS m JOIN tbl_user_notification_info AS i ON m.useridx = i.useridx WHERE i.useridx = 10369 AND NOW() > IFNULL(DATE_ADD(lastpushdate, INTERVAL 1 DAY),0) AND pushcount <= 7 
NOTI COUNT : 0
NOTI COUNT : 0
NOTI COUNT : 0
useridx : 10369  userid: 100000597867474   usercredit : 4418275  userlevel : 221 
tbl_user_notification_info : SELECT m.uuid, m.os_type, m.push_enabled FROM tbl_user_mobile AS m JOIN tbl_user_notification_info AS i ON m.useridx = i.useridx WHERE i.useridx = 10369 AND NOW() > IFNULL(DATE_ADD(lastpushdate, INTERVAL 1 DAY),0) AND pushcount <= 7 
NOTI COUNT : 0
NOTI COUNT : 0
NOTI COUNT : 0
useridx : 10369  userid: 100000597867474   usercredit : 4418275  userlevel : 221 
tbl_user_notification_info : SELECT m.uuid, m.os_type, m.push_enabled FROM tbl_user_mobile AS m JOIN tbl_user_notification_info AS i ON m.useridx = i.useridx WHERE i.useridx = 10369 AND NOW() > IFNULL(DATE_ADD(lastpushdate, INTERVAL 1 DAY),0) AND pushcount <= 7 
NOTI COUNT : 0
NOTI COUNT : 0
NOTI COUNT : 0
useridx : 10369  userid: 100000597867474   usercredit : 4418275  userlevel : 221 
tbl_user_notification_info : SELECT m.uuid, m.os_type, m.push_enabled FROM tbl_user_mobile AS m JOIN tbl_user_notification_info AS i ON m.useridx = i.useridx WHERE i.useridx = 10369 AND NOW() > IFNULL(DATE_ADD(lastpushdate, INTERVAL 1 DAY),0) AND pushcount <= 7 
NOTI COUNT : 0
NOTI COUNT : 0
NOTI COUNT : 0
useridx : 10369  userid: 100000597867474   usercredit : 4418275  userlevel : 221 
tbl_user_notification_info : SELECT m.uuid, m.os_type, m.push_enabled FROM tbl_user_mobile AS m JOIN tbl_user_notification_info AS i ON m.useridx = i.useridx WHERE i.useridx = 10369 AND NOW() > IFNULL(DATE_ADD(lastpushdate, INTERVAL 1 DAY),0) AND pushcount <= 7 
NOTI COUNT : 0
NOTI COUNT : 0
NOTI COUNT : 0
useridx : 10369  userid: 100000597867474   usercredit : 4418275  userlevel : 221 
tbl_user_notification_info : SELECT m.uuid, m.os_type, m.push_enabled FROM tbl_user_mobile AS m JOIN tbl_user_notification_info AS i ON m.useridx = i.useridx WHERE i.useridx = 10369 AND NOW() > IFNULL(DATE_ADD(lastpushdate, INTERVAL 1 DAY),0) AND pushcount <= 7 
NOTI COUNT : 0
NOTI COUNT : 0
NOTI COUNT : 0
useridx : 10369  userid: 100000597867474   usercredit : 4418275  userlevel : 221 
tbl_user_notification_info : SELECT m.uuid, m.os_type, m.push_enabled FROM tbl_user_mobile AS m JOIN tbl_user_notification_info AS i ON m.useridx = i.useridx WHERE i.useridx = 10369 AND NOW() > IFNULL(DATE_ADD(lastpushdate, INTERVAL 1 DAY),0) AND pushcount <= 7 
NOTI COUNT : 0
NOTI COUNT : 0
NOTI COUNT : 0
useridx : 10369  userid: 100000597867474   usercredit : 4418275  userlevel : 221 
tbl_user_notification_info : SELECT m.uuid, m.os_type, m.push_enabled FROM tbl_user_mobile AS m JOIN tbl_user_notification_info AS i ON m.useridx = i.useridx WHERE i.useridx = 10369 AND NOW() > IFNULL(DATE_ADD(lastpushdate, INTERVAL 1 DAY),0) AND pushcount <= 7 
NOTI COUNT : 0
NOTI COUNT : 0
NOTI COUNT : 0
useridx : 10369  userid: 100000597867474   usercredit : 4418275  userlevel : 221 
tbl_user_notification_info : SELECT m.uuid, m.os_type, m.push_enabled FROM tbl_user_mobile AS m JOIN tbl_user_notification_info AS i ON m.useridx = i.useridx WHERE i.useridx = 10369 AND NOW() > IFNULL(DATE_ADD(lastpushdate, INTERVAL 1 DAY),0) AND pushcount <= 7 
NOTI COUNT : 0
NOTI COUNT : 0
NOTI COUNT : 0
useridx : 10369  userid: 100000597867474   usercredit : 4418275  userlevel : 221 
tbl_user_notification_info : SELECT m.uuid, m.os_type, m.push_enabled FROM tbl_user_mobile AS m JOIN tbl_user_notification_info AS i ON m.useridx = i.useridx WHERE i.useridx = 10369 AND NOW() > IFNULL(DATE_ADD(lastpushdate, INTERVAL 1 DAY),0) AND pushcount <= 7 
NOTI COUNT : 0
NOTI COUNT : 0
NOTI COUNT : 0
useridx : 10369  userid: 100000597867474   usercredit : 4418275  userlevel : 221 
tbl_user_notification_info : SELECT m.uuid, m.os_type, m.push_enabled FROM tbl_user_mobile AS m JOIN tbl_user_notification_info AS i ON m.useridx = i.useridx WHERE i.useridx = 10369 AND NOW() > IFNULL(DATE_ADD(lastpushdate, INTERVAL 1 DAY),0) AND pushcount <= 7 
NOTI COUNT : 0
NOTI COUNT : 0
NOTI COUNT : 0
useridx : 10369  userid: 100000597867474   usercredit : 4418275  userlevel : 221 
tbl_user_notification_info : SELECT m.uuid, m.os_type, m.push_enabled FROM tbl_user_mobile AS m JOIN tbl_user_notification_info AS i ON m.useridx = i.useridx WHERE i.useridx = 10369 AND NOW() > IFNULL(DATE_ADD(lastpushdate, INTERVAL 1 DAY),0) AND pushcount <= 7 
NOTI COUNT : 0
NOTI COUNT : 0
NOTI COUNT : 0
useridx : 10369  userid: 100000597867474   usercredit : 4418275  userlevel : 221 
tbl_user_notification_info : SELECT m.uuid, m.os_type, m.push_enabled FROM tbl_user_mobile AS m JOIN tbl_user_notification_info AS i ON m.useridx = i.useridx WHERE i.useridx = 10369 AND NOW() > IFNULL(DATE_ADD(lastpushdate, INTERVAL 1 DAY),0) AND pushcount <= 7 
NOTI COUNT : 0
NOTI COUNT : 0
NOTI COUNT : 0
useridx : 10369  userid: 100000597867474   usercredit : 4418275  userlevel : 221 
tbl_user_notification_info : SELECT m.uuid, m.os_type, m.push_enabled FROM tbl_user_mobile AS m JOIN tbl_user_notification_info AS i ON m.useridx = i.useridx WHERE i.useridx = 10369 AND NOW() > IFNULL(DATE_ADD(lastpushdate, INTERVAL 1 DAY),0) AND pushcount <= 7 
NOTI COUNT : 0
NOTI COUNT : 0
NOTI COUNT : 0
useridx : 10369  userid: 100000597867474   usercredit : 4418275  userlevel : 221 
tbl_user_notification_info : SELECT m.uuid, m.os_type, m.push_enabled FROM tbl_user_mobile AS m JOIN tbl_user_notification_info AS i ON m.useridx = i.useridx WHERE i.useridx = 10369 AND NOW() > IFNULL(DATE_ADD(lastpushdate, INTERVAL 1 DAY),0) AND pushcount <= 7 
NOTI COUNT : 0
NOTI COUNT : 0
NOTI COUNT : 0
useridx : 10369  userid: 100000597867474   usercredit : 4418275  userlevel : 221 
tbl_user_notification_info : SELECT m.uuid, m.os_type, m.push_enabled FROM tbl_user_mobile AS m JOIN tbl_user_notification_info AS i ON m.useridx = i.useridx WHERE i.useridx = 10369 AND NOW() > IFNULL(DATE_ADD(lastpushdate, INTERVAL 1 DAY),0) AND pushcount <= 7 
NOTI COUNT : 0
NOTI COUNT : 0
NOTI COUNT : 0
useridx : 10369  userid: 100000597867474   usercredit : 4418275  userlevel : 221 
tbl_user_notification_info : SELECT m.uuid, m.os_type, m.push_enabled FROM tbl_user_mobile AS m JOIN tbl_user_notification_info AS i ON m.useridx = i.useridx WHERE i.useridx = 10369 AND NOW() > IFNULL(DATE_ADD(lastpushdate, INTERVAL 1 DAY),0) AND pushcount <= 7 
NOTI COUNT : 0
NOTI COUNT : 0
NOTI COUNT : 0
useridx : 10369  userid: 100000597867474   usercredit : 4418275  userlevel : 221 
tbl_user_notification_info : SELECT m.uuid, m.os_type, m.push_enabled FROM tbl_user_mobile AS m JOIN tbl_user_notification_info AS i ON m.useridx = i.useridx WHERE i.useridx = 10369 AND NOW() > IFNULL(DATE_ADD(lastpushdate, INTERVAL 1 DAY),0) AND pushcount <= 7 
NOTI COUNT : 0
NOTI COUNT : 0
NOTI COUNT : 0
useridx : 10369  userid: 100000597867474   usercredit : 4418275  userlevel : 221 
tbl_user_notification_info : SELECT m.uuid, m.os_type, m.push_enabled FROM tbl_user_mobile AS m JOIN tbl_user_notification_info AS i ON m.useridx = i.useridx WHERE i.useridx = 10369 AND NOW() > IFNULL(DATE_ADD(lastpushdate, INTERVAL 1 DAY),0) AND pushcount <= 7 
NOTI COUNT : 0
NOTI COUNT : 0
NOTI COUNT : 0
useridx : 10369  userid: 100000597867474   usercredit : 4418275  userlevel : 221 
tbl_user_notification_info : SELECT m.uuid, m.os_type, m.push_enabled FROM tbl_user_mobile AS m JOIN tbl_user_notification_info AS i ON m.useridx = i.useridx WHERE i.useridx = 10369 AND NOW() > IFNULL(DATE_ADD(lastpushdate, INTERVAL 1 DAY),0) AND pushcount <= 7 
NOTI COUNT : 0
NOTI COUNT : 0
NOTI COUNT : 0
useridx : 10369  userid: 100000597867474   usercredit : 4418275  userlevel : 221 
tbl_user_notification_info : SELECT m.uuid, m.os_type, m.push_enabled FROM tbl_user_mobile AS m JOIN tbl_user_notification_info AS i ON m.useridx = i.useridx WHERE i.useridx = 10369 AND NOW() > IFNULL(DATE_ADD(lastpushdate, INTERVAL 1 DAY),0) AND pushcount <= 7 
NOTI COUNT : 0
NOTI COUNT : 0
NOTI COUNT : 0
useridx : 10369  userid: 100000597867474   usercredit : 4418275  userlevel : 221 
tbl_user_notification_info : SELECT m.uuid, m.os_type, m.push_enabled FROM tbl_user_mobile AS m JOIN tbl_user_notification_info AS i ON m.useridx = i.useridx WHERE i.useridx = 10369 AND NOW() > IFNULL(DATE_ADD(lastpushdate, INTERVAL 1 DAY),0) AND pushcount <= 7 
NOTI COUNT : 0
NOTI COUNT : 0
NOTI COUNT : 0
useridx : 10369  userid: 100000597867474   usercredit : 4418275  userlevel : 221 
tbl_user_notification_info : SELECT m.uuid, m.os_type, m.push_enabled FROM tbl_user_mobile AS m JOIN tbl_user_notification_info AS i ON m.useridx = i.useridx WHERE i.useridx = 10369 AND NOW() > IFNULL(DATE_ADD(lastpushdate, INTERVAL 1 DAY),0) AND pushcount <= 7 
NOTI COUNT : 0
NOTI COUNT : 0
NOTI COUNT : 0
useridx : 10369  userid: 100000597867474   usercredit : 4418275  userlevel : 221 
tbl_user_notification_info : SELECT m.uuid, m.os_type, m.push_enabled FROM tbl_user_mobile AS m JOIN tbl_user_notification_info AS i ON m.useridx = i.useridx WHERE i.useridx = 10369 AND NOW() > IFNULL(DATE_ADD(lastpushdate, INTERVAL 1 DAY),0) AND pushcount <= 7 
NOTI COUNT : 0
NOTI COUNT : 0
NOTI COUNT : 0
useridx : 10369  userid: 100000597867474   usercredit : 4418275  userlevel : 221 
tbl_user_notification_info : SELECT m.uuid, m.os_type, m.push_enabled FROM tbl_user_mobile AS m JOIN tbl_user_notification_info AS i ON m.useridx = i.useridx WHERE i.useridx = 10369 AND NOW() > IFNULL(DATE_ADD(lastpushdate, INTERVAL 1 DAY),0) AND pushcount <= 7 
NOTI COUNT : 0
NOTI COUNT : 0
NOTI COUNT : 0
useridx : 10369  userid: 100000597867474   usercredit : 4418275  userlevel : 221 
tbl_user_notification_info : SELECT m.uuid, m.os_type, m.push_enabled FROM tbl_user_mobile AS m JOIN tbl_user_notification_info AS i ON m.useridx = i.useridx WHERE i.useridx = 10369 AND NOW() > IFNULL(DATE_ADD(lastpushdate, INTERVAL 1 DAY),0) AND pushcount <= 7 
NOTI COUNT : 0
NOTI COUNT : 0
NOTI COUNT : 0
useridx : 10369  userid: 100000597867474   usercredit : 4418275  userlevel : 221 
tbl_user_notification_info : SELECT m.uuid, m.os_type, m.push_enabled FROM tbl_user_mobile AS m JOIN tbl_user_notification_info AS i ON m.useridx = i.useridx WHERE i.useridx = 10369 AND NOW() > IFNULL(DATE_ADD(lastpushdate, INTERVAL 1 DAY),0) AND pushcount <= 7 
NOTI COUNT : 0
NOTI COUNT : 0
NOTI COUNT : 0
useridx : 10369  userid: 100000597867474   usercredit : 4418275  userlevel : 221 
tbl_user_notification_info : SELECT m.uuid, m.os_type, m.push_enabled FROM tbl_user_mobile AS m JOIN tbl_user_notification_info AS i ON m.useridx = i.useridx WHERE i.useridx = 10369 AND NOW() > IFNULL(DATE_ADD(lastpushdate, INTERVAL 1 DAY),0) AND pushcount <= 7 
NOTI COUNT : 0
NOTI COUNT : 0
NOTI COUNT : 0
useridx : 10369  userid: 100000597867474   usercredit : 4418275  userlevel : 221 
tbl_user_notification_info : SELECT m.uuid, m.os_type, m.push_enabled FROM tbl_user_mobile AS m JOIN tbl_user_notification_info AS i ON m.useridx = i.useridx WHERE i.useridx = 10369 AND NOW() > IFNULL(DATE_ADD(lastpushdate, INTERVAL 1 DAY),0) AND pushcount <= 7 
NOTI COUNT : 0
NOTI COUNT : 0
NOTI COUNT : 0
useridx : 10369  userid: 100000597867474   usercredit : 4418275  userlevel : 221 
tbl_user_notification_info : SELECT m.uuid, m.os_type, m.push_enabled FROM tbl_user_mobile AS m JOIN tbl_user_notification_info AS i ON m.useridx = i.useridx WHERE i.useridx = 10369 AND NOW() > IFNULL(DATE_ADD(lastpushdate, INTERVAL 1 DAY),0) AND pushcount <= 7 
NOTI COUNT : 0
NOTI COUNT : 0
NOTI COUNT : 0
useridx : 10369  userid: 100000597867474   usercredit : 4418275  userlevel : 221 
tbl_user_notification_info : SELECT m.uuid, m.os_type, m.push_enabled FROM tbl_user_mobile AS m JOIN tbl_user_notification_info AS i ON m.useridx = i.useridx WHERE i.useridx = 10369 AND NOW() > IFNULL(DATE_ADD(lastpushdate, INTERVAL 1 DAY),0) AND pushcount <= 7 
NOTI COUNT : 0
NOTI COUNT : 0
NOTI COUNT : 0
useridx : 10369  userid: 100000597867474   usercredit : 4418275  userlevel : 221 
tbl_user_notification_info : SELECT m.uuid, m.os_type, m.push_enabled FROM tbl_user_mobile AS m JOIN tbl_user_notification_info AS i ON m.useridx = i.useridx WHERE i.useridx = 10369 AND NOW() > IFNULL(DATE_ADD(lastpushdate, INTERVAL 1 DAY),0) AND pushcount <= 7 
NOTI COUNT : 0
NOTI COUNT : 0
NOTI COUNT : 0
useridx : 10369  userid: 100000597867474   usercredit : 4418275  userlevel : 221 
tbl_user_notification_info : SELECT m.uuid, m.os_type, m.push_enabled FROM tbl_user_mobile AS m JOIN tbl_user_notification_info AS i ON m.useridx = i.useridx WHERE i.useridx = 10369 AND NOW() > IFNULL(DATE_ADD(lastpushdate, INTERVAL 1 DAY),0) AND pushcount <= 7 
NOTI COUNT : 0
NOTI COUNT : 0
NOTI COUNT : 0
useridx : 10369  userid: 100000597867474   usercredit : 4418275  userlevel : 221 
tbl_user_notification_info : SELECT m.uuid, m.os_type, m.push_enabled FROM tbl_user_mobile AS m JOIN tbl_user_notification_info AS i ON m.useridx = i.useridx WHERE i.useridx = 10369 AND NOW() > IFNULL(DATE_ADD(lastpushdate, INTERVAL 1 DAY),0) AND pushcount <= 7 
NOTI COUNT : 0
NOTI COUNT : 0
NOTI COUNT : 0
useridx : 10369  userid: 100000597867474   usercredit : 4418275  userlevel : 221 
tbl_user_notification_info : SELECT m.uuid, m.os_type, m.push_enabled FROM tbl_user_mobile AS m JOIN tbl_user_notification_info AS i ON m.useridx = i.useridx WHERE i.useridx = 10369 AND NOW() > IFNULL(DATE_ADD(lastpushdate, INTERVAL 1 DAY),0) AND pushcount <= 7 
NOTI COUNT : 0
NOTI COUNT : 0
NOTI COUNT : 0
useridx : 10369  userid: 100000597867474   usercredit : 4418275  userlevel : 221 
tbl_user_notification_info : SELECT m.uuid, m.os_type, m.push_enabled FROM tbl_user_mobile AS m JOIN tbl_user_notification_info AS i ON m.useridx = i.useridx WHERE i.useridx = 10369 AND NOW() > IFNULL(DATE_ADD(lastpushdate, INTERVAL 1 DAY),0) AND pushcount <= 7 
NOTI COUNT : 0
NOTI COUNT : 0
NOTI COUNT : 0
useridx : 10369  userid: 100000597867474   usercredit : 4418275  userlevel : 221 
tbl_user_notification_info : SELECT m.uuid, m.os_type, m.push_enabled FROM tbl_user_mobile AS m JOIN tbl_user_notification_info AS i ON m.useridx = i.useridx WHERE i.useridx = 10369 AND NOW() > IFNULL(DATE_ADD(lastpushdate, INTERVAL 1 DAY),0) AND pushcount <= 7 
NOTI COUNT : 0
NOTI COUNT : 0
NOTI COUNT : 0
useridx : 10369  userid: 100000597867474   usercredit : 4418275  userlevel : 221 
tbl_user_notification_info : SELECT m.uuid, m.os_type, m.push_enabled FROM tbl_user_mobile AS m JOIN tbl_user_notification_info AS i ON m.useridx = i.useridx WHERE i.useridx = 10369 AND NOW() > IFNULL(DATE_ADD(lastpushdate, INTERVAL 1 DAY),0) AND pushcount <= 7 
NOTI COUNT : 0
NOTI COUNT : 0
NOTI COUNT : 0
useridx : 10369  userid: 100000597867474   usercredit : 4418275  userlevel : 221 
tbl_user_notification_info : SELECT m.uuid, m.os_type, m.push_enabled FROM tbl_user_mobile AS m JOIN tbl_user_notification_info AS i ON m.useridx = i.useridx WHERE i.useridx = 10369 AND NOW() > IFNULL(DATE_ADD(lastpushdate, INTERVAL 1 DAY),0) AND pushcount <= 7 
NOTI COUNT : 0
NOTI COUNT : 0
NOTI COUNT : 0
useridx : 10369  userid: 100000597867474   usercredit : 4418275  userlevel : 221 
tbl_user_notification_info : SELECT m.uuid, m.os_type, m.push_enabled FROM tbl_user_mobile AS m JOIN tbl_user_notification_info AS i ON m.useridx = i.useridx WHERE i.useridx = 10369 AND NOW() > IFNULL(DATE_ADD(lastpushdate, INTERVAL 1 DAY),0) AND pushcount <= 7 
NOTI COUNT : 0
NOTI COUNT : 0
NOTI COUNT : 0
useridx : 10369  userid: 100000597867474   usercredit : 4418275  userlevel : 221 
tbl_user_notification_info : SELECT m.uuid, m.os_type, m.push_enabled FROM tbl_user_mobile AS m JOIN tbl_user_notification_info AS i ON m.useridx = i.useridx WHERE i.useridx = 10369 AND NOW() > IFNULL(DATE_ADD(lastpushdate, INTERVAL 1 DAY),0) AND pushcount <= 7 
NOTI COUNT : 0
NOTI COUNT : 0
NOTI COUNT : 0
useridx : 10369  userid: 100000597867474   usercredit : 4418275  userlevel : 221 
tbl_user_notification_info : SELECT m.uuid, m.os_type, m.push_enabled FROM tbl_user_mobile AS m JOIN tbl_user_notification_info AS i ON m.useridx = i.useridx WHERE i.useridx = 10369 AND NOW() > IFNULL(DATE_ADD(lastpushdate, INTERVAL 1 DAY),0) AND pushcount <= 7 
NOTI COUNT : 0
NOTI COUNT : 0
NOTI COUNT : 0
useridx : 10369  userid: 100000597867474   usercredit : 4418275  userlevel : 221 
tbl_user_notification_info : SELECT m.uuid, m.os_type, m.push_enabled FROM tbl_user_mobile AS m JOIN tbl_user_notification_info AS i ON m.useridx = i.useridx WHERE i.useridx = 10369 AND NOW() > IFNULL(DATE_ADD(lastpushdate, INTERVAL 1 DAY),0) AND pushcount <= 7 
NOTI COUNT : 0
NOTI COUNT : 0
NOTI COUNT : 0
useridx : 10369  userid: 100000597867474   usercredit : 4418275  userlevel : 221 
tbl_user_notification_info : SELECT m.uuid, m.os_type, m.push_enabled FROM tbl_user_mobile AS m JOIN tbl_user_notification_info AS i ON m.useridx = i.useridx WHERE i.useridx = 10369 AND NOW() > IFNULL(DATE_ADD(lastpushdate, INTERVAL 1 DAY),0) AND pushcount <= 7 
NOTI COUNT : 0
NOTI COUNT : 0
useridx : 10369  userid: 100000597867474   usercredit : 4418275  userlevel : 221 
tbl_user_notification_info : SELECT m.uuid, m.os_type, m.push_enabled FROM tbl_user_mobile AS m JOIN tbl_user_notification_info AS i ON m.useridx = i.useridx WHERE i.useridx = 10369 AND NOW() > IFNULL(DATE_ADD(lastpushdate, INTERVAL 1 DAY),0) AND pushcount <= 7 
NOTI COUNT : 0
NOTI COUNT : 0
NOTI COUNT : 0
useridx : 10369  userid: 100000597867474   usercredit : 4418275  userlevel : 221 
tbl_user_notification_info : SELECT m.uuid, m.os_type, m.push_enabled FROM tbl_user_mobile AS m JOIN tbl_user_notification_info AS i ON m.useridx = i.useridx WHERE i.useridx = 10369 AND NOW() > IFNULL(DATE_ADD(lastpushdate, INTERVAL 1 DAY),0) AND pushcount <= 7 
NOTI COUNT : 0
NOTI COUNT : 0
NOTI COUNT : 0
useridx : 10369  userid: 100000597867474   usercredit : 4418275  userlevel : 221 
tbl_user_notification_info : SELECT m.uuid, m.os_type, m.push_enabled FROM tbl_user_mobile AS m JOIN tbl_user_notification_info AS i ON m.useridx = i.useridx WHERE i.useridx = 10369 AND NOW() > IFNULL(DATE_ADD(lastpushdate, INTERVAL 1 DAY),0) AND pushcount <= 7 
NOTI COUNT : 0
NOTI COUNT : 0
NOTI COUNT : 0
useridx : 10369  userid: 100000597867474   usercredit : 4418275  userlevel : 221 
tbl_user_notification_info : SELECT m.uuid, m.os_type, m.push_enabled FROM tbl_user_mobile AS m JOIN tbl_user_notification_info AS i ON m.useridx = i.useridx WHERE i.useridx = 10369 AND NOW() > IFNULL(DATE_ADD(lastpushdate, INTERVAL 1 DAY),0) AND pushcount <= 7 
NOTI COUNT : 0
NOTI COUNT : 0
NOTI COUNT : 0
useridx : 10369  userid: 100000597867474   usercredit : 4418275  userlevel : 221 
tbl_user_notification_info : SELECT m.uuid, m.os_type, m.push_enabled FROM tbl_user_mobile AS m JOIN tbl_user_notification_info AS i ON m.useridx = i.useridx WHERE i.useridx = 10369 AND NOW() > IFNULL(DATE_ADD(lastpushdate, INTERVAL 1 DAY),0) AND pushcount <= 7 
NOTI COUNT : 0
NOTI COUNT : 0
NOTI COUNT : 0
useridx : 10369  userid: 100000597867474   usercredit : 4418275  userlevel : 221 
tbl_user_notification_info : SELECT m.uuid, m.os_type, m.push_enabled FROM tbl_user_mobile AS m JOIN tbl_user_notification_info AS i ON m.useridx = i.useridx WHERE i.useridx = 10369 AND NOW() > IFNULL(DATE_ADD(lastpushdate, INTERVAL 1 DAY),0) AND pushcount <= 7 
NOTI COUNT : 0
NOTI COUNT : 0
NOTI COUNT : 0
useridx : 10369  userid: 100000597867474   usercredit : 4418275  userlevel : 221 
tbl_user_notification_info : SELECT m.uuid, m.os_type, m.push_enabled FROM tbl_user_mobile AS m JOIN tbl_user_notification_info AS i ON m.useridx = i.useridx WHERE i.useridx = 10369 AND NOW() > IFNULL(DATE_ADD(lastpushdate, INTERVAL 1 DAY),0) AND pushcount <= 7 
NOTI COUNT : 0
NOTI COUNT : 0
NOTI COUNT : 0
useridx : 10369  userid: 100000597867474   usercredit : 4418275  userlevel : 221 
tbl_user_notification_info : SELECT m.uuid, m.os_type, m.push_enabled FROM tbl_user_mobile AS m JOIN tbl_user_notification_info AS i ON m.useridx = i.useridx WHERE i.useridx = 10369 AND NOW() > IFNULL(DATE_ADD(lastpushdate, INTERVAL 1 DAY),0) AND pushcount <= 7 
NOTI COUNT : 0
NOTI COUNT : 0
NOTI COUNT : 0
useridx : 10369  userid: 100000597867474   usercredit : 4418275  userlevel : 221 
tbl_user_notification_info : SELECT m.uuid, m.os_type, m.push_enabled FROM tbl_user_mobile AS m JOIN tbl_user_notification_info AS i ON m.useridx = i.useridx WHERE i.useridx = 10369 AND NOW() > IFNULL(DATE_ADD(lastpushdate, INTERVAL 1 DAY),0) AND pushcount <= 7 
NOTI COUNT : 0
NOTI COUNT : 0
NOTI COUNT : 0
useridx : 10369  userid: 100000597867474   usercredit : 4418275  userlevel : 221 
tbl_user_notification_info : SELECT m.uuid, m.os_type, m.push_enabled FROM tbl_user_mobile AS m JOIN tbl_user_notification_info AS i ON m.useridx = i.useridx WHERE i.useridx = 10369 AND NOW() > IFNULL(DATE_ADD(lastpushdate, INTERVAL 1 DAY),0) AND pushcount <= 7 
NOTI COUNT : 0
NOTI COUNT : 0
NOTI COUNT : 0
useridx : 10369  userid: 100000597867474   usercredit : 4418275  userlevel : 221 
tbl_user_notification_info : SELECT m.uuid, m.os_type, m.push_enabled FROM tbl_user_mobile AS m JOIN tbl_user_notification_info AS i ON m.useridx = i.useridx WHERE i.useridx = 10369 AND NOW() > IFNULL(DATE_ADD(lastpushdate, INTERVAL 1 DAY),0) AND pushcount <= 7 
NOTI COUNT : 0
NOTI COUNT : 0
NOTI COUNT : 0
useridx : 10369  userid: 100000597867474   usercredit : 4418275  userlevel : 221 
tbl_user_notification_info : SELECT m.uuid, m.os_type, m.push_enabled FROM tbl_user_mobile AS m JOIN tbl_user_notification_info AS i ON m.useridx = i.useridx WHERE i.useridx = 10369 AND NOW() > IFNULL(DATE_ADD(lastpushdate, INTERVAL 1 DAY),0) AND pushcount <= 7 
NOTI COUNT : 0
NOTI COUNT : 0
NOTI COUNT : 0
useridx : 10369  userid: 100000597867474   usercredit : 4418275  userlevel : 221 
tbl_user_notification_info : SELECT m.uuid, m.os_type, m.push_enabled FROM tbl_user_mobile AS m JOIN tbl_user_notification_info AS i ON m.useridx = i.useridx WHERE i.useridx = 10369 AND NOW() > IFNULL(DATE_ADD(lastpushdate, INTERVAL 1 DAY),0) AND pushcount <= 7 
NOTI COUNT : 0
NOTI COUNT : 0
NOTI COUNT : 0
useridx : 10369  userid: 100000597867474   usercredit : 4418275  userlevel : 221 
tbl_user_notification_info : SELECT m.uuid, m.os_type, m.push_enabled FROM tbl_user_mobile AS m JOIN tbl_user_notification_info AS i ON m.useridx = i.useridx WHERE i.useridx = 10369 AND NOW() > IFNULL(DATE_ADD(lastpushdate, INTERVAL 1 DAY),0) AND pushcount <= 7 
NOTI COUNT : 0
NOTI COUNT : 0
NOTI COUNT : 0
useridx : 10369  userid: 100000597867474   usercredit : 4418275  userlevel : 221 
tbl_user_notification_info : SELECT m.uuid, m.os_type, m.push_enabled FROM tbl_user_mobile AS m JOIN tbl_user_notification_info AS i ON m.useridx = i.useridx WHERE i.useridx = 10369 AND NOW() > IFNULL(DATE_ADD(lastpushdate, INTERVAL 1 DAY),0) AND pushcount <= 7 
NOTI COUNT : 0
NOTI COUNT : 0
NOTI COUNT : 0
useridx : 10369  userid: 100000597867474   usercredit : 4418275  userlevel : 221 
tbl_user_notification_info : SELECT m.uuid, m.os_type, m.push_enabled FROM tbl_user_mobile AS m JOIN tbl_user_notification_info AS i ON m.useridx = i.useridx WHERE i.useridx = 10369 AND NOW() > IFNULL(DATE_ADD(lastpushdate, INTERVAL 1 DAY),0) AND pushcount <= 7 
NOTI COUNT : 0
NOTI COUNT : 0
NOTI COUNT : 0
useridx : 10369  userid: 100000597867474   usercredit : 4418275  userlevel : 221 
tbl_user_notification_info : SELECT m.uuid, m.os_type, m.push_enabled FROM tbl_user_mobile AS m JOIN tbl_user_notification_info AS i ON m.useridx = i.useridx WHERE i.useridx = 10369 AND NOW() > IFNULL(DATE_ADD(lastpushdate, INTERVAL 1 DAY),0) AND pushcount <= 7 
NOTI COUNT : 0
NOTI COUNT : 0
NOTI COUNT : 0
useridx : 10369  userid: 100000597867474   usercredit : 4418275  userlevel : 221 
tbl_user_notification_info : SELECT m.uuid, m.os_type, m.push_enabled FROM tbl_user_mobile AS m JOIN tbl_user_notification_info AS i ON m.useridx = i.useridx WHERE i.useridx = 10369 AND NOW() > IFNULL(DATE_ADD(lastpushdate, INTERVAL 1 DAY),0) AND pushcount <= 7 
NOTI COUNT : 0
NOTI COUNT : 0
NOTI COUNT : 0
useridx : 10369  userid: 100000597867474   usercredit : 4418275  userlevel : 221 
tbl_user_notification_info : SELECT m.uuid, m.os_type, m.push_enabled FROM tbl_user_mobile AS m JOIN tbl_user_notification_info AS i ON m.useridx = i.useridx WHERE i.useridx = 10369 AND NOW() > IFNULL(DATE_ADD(lastpushdate, INTERVAL 1 DAY),0) AND pushcount <= 7 
NOTI COUNT : 0
NOTI COUNT : 0
NOTI COUNT : 0
useridx : 10369  userid: 100000597867474   usercredit : 4418275  userlevel : 221 
tbl_user_notification_info : SELECT m.uuid, m.os_type, m.push_enabled FROM tbl_user_mobile AS m JOIN tbl_user_notification_info AS i ON m.useridx = i.useridx WHERE i.useridx = 10369 AND NOW() > IFNULL(DATE_ADD(lastpushdate, INTERVAL 1 DAY),0) AND pushcount <= 7 
NOTI COUNT : 0
NOTI COUNT : 0
NOTI COUNT : 0
useridx : 10369  userid: 100000597867474   usercredit : 4418275  userlevel : 221 
tbl_user_notification_info : SELECT m.uuid, m.os_type, m.push_enabled FROM tbl_user_mobile AS m JOIN tbl_user_notification_info AS i ON m.useridx = i.useridx WHERE i.useridx = 10369 AND NOW() > IFNULL(DATE_ADD(lastpushdate, INTERVAL 1 DAY),0) AND pushcount <= 7 
NOTI COUNT : 0
NOTI COUNT : 0
NOTI COUNT : 0
useridx : 10369  userid: 100000597867474   usercredit : 4418275  userlevel : 221 
tbl_user_notification_info : SELECT m.uuid, m.os_type, m.push_enabled FROM tbl_user_mobile AS m JOIN tbl_user_notification_info AS i ON m.useridx = i.useridx WHERE i.useridx = 10369 AND NOW() > IFNULL(DATE_ADD(lastpushdate, INTERVAL 1 DAY),0) AND pushcount <= 7 
NOTI COUNT : 0
NOTI COUNT : 0
NOTI COUNT : 0
useridx : 10369  userid: 100000597867474   usercredit : 4418275  userlevel : 221 
tbl_user_notification_info : SELECT m.uuid, m.os_type, m.push_enabled FROM tbl_user_mobile AS m JOIN tbl_user_notification_info AS i ON m.useridx = i.useridx WHERE i.useridx = 10369 AND NOW() > IFNULL(DATE_ADD(lastpushdate, INTERVAL 1 DAY),0) AND pushcount <= 7 
NOTI COUNT : 0
NOTI COUNT : 0
NOTI COUNT : 0
useridx : 10369  userid: 100000597867474   usercredit : 4418275  userlevel : 221 
tbl_user_notification_info : SELECT m.uuid, m.os_type, m.push_enabled FROM tbl_user_mobile AS m JOIN tbl_user_notification_info AS i ON m.useridx = i.useridx WHERE i.useridx = 10369 AND NOW() > IFNULL(DATE_ADD(lastpushdate, INTERVAL 1 DAY),0) AND pushcount <= 7 
NOTI COUNT : 0
NOTI COUNT : 0
NOTI COUNT : 0
useridx : 10369  userid: 100000597867474   usercredit : 4418275  userlevel : 221 
tbl_user_notification_info : SELECT m.uuid, m.os_type, m.push_enabled FROM tbl_user_mobile AS m JOIN tbl_user_notification_info AS i ON m.useridx = i.useridx WHERE i.useridx = 10369 AND NOW() > IFNULL(DATE_ADD(lastpushdate, INTERVAL 1 DAY),0) AND pushcount <= 7 
NOTI COUNT : 0
NOTI COUNT : 0
NOTI COUNT : 0
useridx : 10369  userid: 100000597867474   usercredit : 4418275  userlevel : 221 
tbl_user_notification_info : SELECT m.uuid, m.os_type, m.push_enabled FROM tbl_user_mobile AS m JOIN tbl_user_notification_info AS i ON m.useridx = i.useridx WHERE i.useridx = 10369 AND NOW() > IFNULL(DATE_ADD(lastpushdate, INTERVAL 1 DAY),0) AND pushcount <= 7 
NOTI COUNT : 0
NOTI COUNT : 0
NOTI COUNT : 0
useridx : 10369  userid: 100000597867474   usercredit : 4418275  userlevel : 221 
tbl_user_notification_info : SELECT m.uuid, m.os_type, m.push_enabled FROM tbl_user_mobile AS m JOIN tbl_user_notification_info AS i ON m.useridx = i.useridx WHERE i.useridx = 10369 AND NOW() > IFNULL(DATE_ADD(lastpushdate, INTERVAL 1 DAY),0) AND pushcount <= 7 
NOTI COUNT : 0
NOTI COUNT : 0
NOTI COUNT : 0
NOTI COUNT : 0
useridx : 10369  userid: 100000597867474   usercredit : 4418275  userlevel : 221 
tbl_user_notification_info : SELECT m.uuid, m.os_type, m.push_enabled FROM tbl_user_mobile AS m JOIN tbl_user_notification_info AS i ON m.useridx = i.useridx WHERE i.useridx = 10369 AND NOW() > IFNULL(DATE_ADD(lastpushdate, INTERVAL 1 DAY),0) AND pushcount <= 7 
NOTI COUNT : 0
NOTI COUNT : 0
NOTI COUNT : 0
useridx : 10369  userid: 100000597867474   usercredit : 4418275  userlevel : 221 
tbl_user_notification_info : SELECT m.uuid, m.os_type, m.push_enabled FROM tbl_user_mobile AS m JOIN tbl_user_notification_info AS i ON m.useridx = i.useridx WHERE i.useridx = 10369 AND NOW() > IFNULL(DATE_ADD(lastpushdate, INTERVAL 1 DAY),0) AND pushcount <= 7 
NOTI COUNT : 0
NOTI COUNT : 0
NOTI COUNT : 0
useridx : 10369  userid: 100000597867474   usercredit : 4418275  userlevel : 221 
tbl_user_notification_info : SELECT m.uuid, m.os_type, m.push_enabled FROM tbl_user_mobile AS m JOIN tbl_user_notification_info AS i ON m.useridx = i.useridx WHERE i.useridx = 10369 AND NOW() > IFNULL(DATE_ADD(lastpushdate, INTERVAL 1 DAY),0) AND pushcount <= 7 
NOTI COUNT : 0
NOTI COUNT : 0
NOTI COUNT : 0
useridx : 10369  userid: 100000597867474   usercredit : 4418275  userlevel : 221 
tbl_user_notification_info : SELECT m.uuid, m.os_type, m.push_enabled FROM tbl_user_mobile AS m JOIN tbl_user_notification_info AS i ON m.useridx = i.useridx WHERE i.useridx = 10369 AND NOW() > IFNULL(DATE_ADD(lastpushdate, INTERVAL 1 DAY),0) AND pushcount <= 7 
NOTI COUNT : 0
NOTI COUNT : 0
NOTI COUNT : 0
useridx : 10369  userid: 100000597867474   usercredit : 4418275  userlevel : 221 
tbl_user_notification_info : SELECT m.uuid, m.os_type, m.push_enabled FROM tbl_user_mobile AS m JOIN tbl_user_notification_info AS i ON m.useridx = i.useridx WHERE i.useridx = 10369 AND NOW() > IFNULL(DATE_ADD(lastpushdate, INTERVAL 1 DAY),0) AND pushcount <= 7 
NOTI COUNT : 0
NOTI COUNT : 0
NOTI COUNT : 0
useridx : 10369  userid: 100000597867474   usercredit : 4418275  userlevel : 221 
tbl_user_notification_info : SELECT m.uuid, m.os_type, m.push_enabled FROM tbl_user_mobile AS m JOIN tbl_user_notification_info AS i ON m.useridx = i.useridx WHERE i.useridx = 10369 AND NOW() > IFNULL(DATE_ADD(lastpushdate, INTERVAL 1 DAY),0) AND pushcount <= 7 
NOTI COUNT : 0
NOTI COUNT : 0
NOTI COUNT : 0
useridx : 10369  userid: 100000597867474   usercredit : 4418275  userlevel : 221 
tbl_user_notification_info : SELECT m.uuid, m.os_type, m.push_enabled FROM tbl_user_mobile AS m JOIN tbl_user_notification_info AS i ON m.useridx = i.useridx WHERE i.useridx = 10369 AND NOW() > IFNULL(DATE_ADD(lastpushdate, INTERVAL 1 DAY),0) AND pushcount <= 7 
NOTI COUNT : 0
NOTI COUNT : 0
NOTI COUNT : 0
useridx : 10369  userid: 100000597867474   usercredit : 4418275  userlevel : 221 
tbl_user_notification_info : SELECT m.uuid, m.os_type, m.push_enabled FROM tbl_user_mobile AS m JOIN tbl_user_notification_info AS i ON m.useridx = i.useridx WHERE i.useridx = 10369 AND NOW() > IFNULL(DATE_ADD(lastpushdate, INTERVAL 1 DAY),0) AND pushcount <= 7 
NOTI COUNT : 0
NOTI COUNT : 0
NOTI COUNT : 0
useridx : 10369  userid: 100000597867474   usercredit : 4418275  userlevel : 221 
tbl_user_notification_info : SELECT m.uuid, m.os_type, m.push_enabled FROM tbl_user_mobile AS m JOIN tbl_user_notification_info AS i ON m.useridx = i.useridx WHERE i.useridx = 10369 AND NOW() > IFNULL(DATE_ADD(lastpushdate, INTERVAL 1 DAY),0) AND pushcount <= 7 
NOTI COUNT : 0
NOTI COUNT : 0
NOTI COUNT : 0
useridx : 10369  userid: 100000597867474   usercredit : 4418275  userlevel : 221 
tbl_user_notification_info : SELECT m.uuid, m.os_type, m.push_enabled FROM tbl_user_mobile AS m JOIN tbl_user_notification_info AS i ON m.useridx = i.useridx WHERE i.useridx = 10369 AND NOW() > IFNULL(DATE_ADD(lastpushdate, INTERVAL 1 DAY),0) AND pushcount <= 7 
NOTI COUNT : 0
NOTI COUNT : 0
NOTI COUNT : 0
useridx : 10369  userid: 100000597867474   usercredit : 4418275  userlevel : 221 
tbl_user_notification_info : SELECT m.uuid, m.os_type, m.push_enabled FROM tbl_user_mobile AS m JOIN tbl_user_notification_info AS i ON m.useridx = i.useridx WHERE i.useridx = 10369 AND NOW() > IFNULL(DATE_ADD(lastpushdate, INTERVAL 1 DAY),0) AND pushcount <= 7 
NOTI COUNT : 0
NOTI COUNT : 0
NOTI COUNT : 0
useridx : 10369  userid: 100000597867474   usercredit : 4418275  userlevel : 221 
tbl_user_notification_info : SELECT m.uuid, m.os_type, m.push_enabled FROM tbl_user_mobile AS m JOIN tbl_user_notification_info AS i ON m.useridx = i.useridx WHERE i.useridx = 10369 AND NOW() > IFNULL(DATE_ADD(lastpushdate, INTERVAL 1 DAY),0) AND pushcount <= 7 
NOTI COUNT : 0
NOTI COUNT : 0
NOTI COUNT : 0
useridx : 10369  userid: 100000597867474   usercredit : 4418275  userlevel : 221 
tbl_user_notification_info : SELECT m.uuid, m.os_type, m.push_enabled FROM tbl_user_mobile AS m JOIN tbl_user_notification_info AS i ON m.useridx = i.useridx WHERE i.useridx = 10369 AND NOW() > IFNULL(DATE_ADD(lastpushdate, INTERVAL 1 DAY),0) AND pushcount <= 7 
NOTI COUNT : 0
NOTI COUNT : 0
NOTI COUNT : 0
useridx : 10369  userid: 100000597867474   usercredit : 4418275  userlevel : 221 
tbl_user_notification_info : SELECT m.uuid, m.os_type, m.push_enabled FROM tbl_user_mobile AS m JOIN tbl_user_notification_info AS i ON m.useridx = i.useridx WHERE i.useridx = 10369 AND NOW() > IFNULL(DATE_ADD(lastpushdate, INTERVAL 1 DAY),0) AND pushcount <= 7 
NOTI COUNT : 0
NOTI COUNT : 0
NOTI COUNT : 0
useridx : 10369  userid: 100000597867474   usercredit : 4418275  userlevel : 221 
tbl_user_notification_info : SELECT m.uuid, m.os_type, m.push_enabled FROM tbl_user_mobile AS m JOIN tbl_user_notification_info AS i ON m.useridx = i.useridx WHERE i.useridx = 10369 AND NOW() > IFNULL(DATE_ADD(lastpushdate, INTERVAL 1 DAY),0) AND pushcount <= 7 
NOTI COUNT : 0
NOTI COUNT : 0
NOTI COUNT : 0
useridx : 10369  userid: 100000597867474   usercredit : 4418275  userlevel : 221 
tbl_user_notification_info : SELECT m.uuid, m.os_type, m.push_enabled FROM tbl_user_mobile AS m JOIN tbl_user_notification_info AS i ON m.useridx = i.useridx WHERE i.useridx = 10369 AND NOW() > IFNULL(DATE_ADD(lastpushdate, INTERVAL 1 DAY),0) AND pushcount <= 7 
NOTI COUNT : 0
NOTI COUNT : 0
NOTI COUNT : 0
useridx : 10369  userid: 100000597867474   usercredit : 4418275  userlevel : 221 
tbl_user_notification_info : SELECT m.uuid, m.os_type, m.push_enabled FROM tbl_user_mobile AS m JOIN tbl_user_notification_info AS i ON m.useridx = i.useridx WHERE i.useridx = 10369 AND NOW() > IFNULL(DATE_ADD(lastpushdate, INTERVAL 1 DAY),0) AND pushcount <= 7 
NOTI COUNT : 0
NOTI COUNT : 0
NOTI COUNT : 0
useridx : 10369  userid: 100000597867474   usercredit : 4418275  userlevel : 221 
tbl_user_notification_info : SELECT m.uuid, m.os_type, m.push_enabled FROM tbl_user_mobile AS m JOIN tbl_user_notification_info AS i ON m.useridx = i.useridx WHERE i.useridx = 10369 AND NOW() > IFNULL(DATE_ADD(lastpushdate, INTERVAL 1 DAY),0) AND pushcount <= 7 
NOTI COUNT : 0
NOTI COUNT : 0
NOTI COUNT : 0
useridx : 10369  userid: 100000597867474   usercredit : 4418275  userlevel : 221 
tbl_user_notification_info : SELECT m.uuid, m.os_type, m.push_enabled FROM tbl_user_mobile AS m JOIN tbl_user_notification_info AS i ON m.useridx = i.useridx WHERE i.useridx = 10369 AND NOW() > IFNULL(DATE_ADD(lastpushdate, INTERVAL 1 DAY),0) AND pushcount <= 7 
NOTI COUNT : 0
NOTI COUNT : 0
NOTI COUNT : 0
useridx : 10369  userid: 100000597867474   usercredit : 4418275  userlevel : 221 
tbl_user_notification_info : SELECT m.uuid, m.os_type, m.push_enabled FROM tbl_user_mobile AS m JOIN tbl_user_notification_info AS i ON m.useridx = i.useridx WHERE i.useridx = 10369 AND NOW() > IFNULL(DATE_ADD(lastpushdate, INTERVAL 1 DAY),0) AND pushcount <= 7 
NOTI COUNT : 0
NOTI COUNT : 0
NOTI COUNT : 0
useridx : 10369  userid: 100000597867474   usercredit : 4418275  userlevel : 221 
tbl_user_notification_info : SELECT m.uuid, m.os_type, m.push_enabled FROM tbl_user_mobile AS m JOIN tbl_user_notification_info AS i ON m.useridx = i.useridx WHERE i.useridx = 10369 AND NOW() > IFNULL(DATE_ADD(lastpushdate, INTERVAL 1 DAY),0) AND pushcount <= 7 
NOTI COUNT : 0
NOTI COUNT : 0
NOTI COUNT : 0
useridx : 10369  userid: 100000597867474   usercredit : 4418275  userlevel : 221 
tbl_user_notification_info : SELECT m.uuid, m.os_type, m.push_enabled FROM tbl_user_mobile AS m JOIN tbl_user_notification_info AS i ON m.useridx = i.useridx WHERE i.useridx = 10369 AND NOW() > IFNULL(DATE_ADD(lastpushdate, INTERVAL 1 DAY),0) AND pushcount <= 7 
NOTI COUNT : 0
NOTI COUNT : 0
NOTI COUNT : 0
useridx : 10369  userid: 100000597867474   usercredit : 4418275  userlevel : 221 
tbl_user_notification_info : SELECT m.uuid, m.os_type, m.push_enabled FROM tbl_user_mobile AS m JOIN tbl_user_notification_info AS i ON m.useridx = i.useridx WHERE i.useridx = 10369 AND NOW() > IFNULL(DATE_ADD(lastpushdate, INTERVAL 1 DAY),0) AND pushcount <= 7 
NOTI COUNT : 0
NOTI COUNT : 0
NOTI COUNT : 0
useridx : 10369  userid: 100000597867474   usercredit : 4418275  userlevel : 221 
tbl_user_notification_info : SELECT m.uuid, m.os_type, m.push_enabled FROM tbl_user_mobile AS m JOIN tbl_user_notification_info AS i ON m.useridx = i.useridx WHERE i.useridx = 10369 AND NOW() > IFNULL(DATE_ADD(lastpushdate, INTERVAL 1 DAY),0) AND pushcount <= 7 
NOTI COUNT : 0
NOTI COUNT : 0
NOTI COUNT : 0
useridx : 10369  userid: 100000597867474   usercredit : 4418275  userlevel : 221 
tbl_user_notification_info : SELECT m.uuid, m.os_type, m.push_enabled FROM tbl_user_mobile AS m JOIN tbl_user_notification_info AS i ON m.useridx = i.useridx WHERE i.useridx = 10369 AND NOW() > IFNULL(DATE_ADD(lastpushdate, INTERVAL 1 DAY),0) AND pushcount <= 7 
NOTI COUNT : 0
NOTI COUNT : 0
NOTI COUNT : 0
useridx : 10369  userid: 100000597867474   usercredit : 4418275  userlevel : 221 
tbl_user_notification_info : SELECT m.uuid, m.os_type, m.push_enabled FROM tbl_user_mobile AS m JOIN tbl_user_notification_info AS i ON m.useridx = i.useridx WHERE i.useridx = 10369 AND NOW() > IFNULL(DATE_ADD(lastpushdate, INTERVAL 1 DAY),0) AND pushcount <= 7 
NOTI COUNT : 0
NOTI COUNT : 0
NOTI COUNT : 0
useridx : 10369  userid: 100000597867474   usercredit : 4418275  userlevel : 221 
tbl_user_notification_info : SELECT m.uuid, m.os_type, m.push_enabled FROM tbl_user_mobile AS m JOIN tbl_user_notification_info AS i ON m.useridx = i.useridx WHERE i.useridx = 10369 AND NOW() > IFNULL(DATE_ADD(lastpushdate, INTERVAL 1 DAY),0) AND pushcount <= 7 
NOTI COUNT : 0
NOTI COUNT : 0
NOTI COUNT : 0
useridx : 10369  userid: 100000597867474   usercredit : 4418275  userlevel : 221 
tbl_user_notification_info : SELECT m.uuid, m.os_type, m.push_enabled FROM tbl_user_mobile AS m JOIN tbl_user_notification_info AS i ON m.useridx = i.useridx WHERE i.useridx = 10369 AND NOW() > IFNULL(DATE_ADD(lastpushdate, INTERVAL 1 DAY),0) AND pushcount <= 7 
NOTI COUNT : 0
NOTI COUNT : 0
NOTI COUNT : 0
useridx : 10369  userid: 100000597867474   usercredit : 4418275  userlevel : 221 
tbl_user_notification_info : SELECT m.uuid, m.os_type, m.push_enabled FROM tbl_user_mobile AS m JOIN tbl_user_notification_info AS i ON m.useridx = i.useridx WHERE i.useridx = 10369 AND NOW() > IFNULL(DATE_ADD(lastpushdate, INTERVAL 1 DAY),0) AND pushcount <= 7 
NOTI COUNT : 0
NOTI COUNT : 0
NOTI COUNT : 0
useridx : 10369  userid: 100000597867474   usercredit : 4418275  userlevel : 221 
tbl_user_notification_info : SELECT m.uuid, m.os_type, m.push_enabled FROM tbl_user_mobile AS m JOIN tbl_user_notification_info AS i ON m.useridx = i.useridx WHERE i.useridx = 10369 AND NOW() > IFNULL(DATE_ADD(lastpushdate, INTERVAL 1 DAY),0) AND pushcount <= 7 
NOTI COUNT : 0
NOTI COUNT : 0
NOTI COUNT : 0
useridx : 10369  userid: 100000597867474   usercredit : 4418275  userlevel : 221 
tbl_user_notification_info : SELECT m.uuid, m.os_type, m.push_enabled FROM tbl_user_mobile AS m JOIN tbl_user_notification_info AS i ON m.useridx = i.useridx WHERE i.useridx = 10369 AND NOW() > IFNULL(DATE_ADD(lastpushdate, INTERVAL 1 DAY),0) AND pushcount <= 7 
NOTI COUNT : 0
NOTI COUNT : 0
NOTI COUNT : 0
useridx : 10369  userid: 100000597867474   usercredit : 4418275  userlevel : 221 
tbl_user_notification_info : SELECT m.uuid, m.os_type, m.push_enabled FROM tbl_user_mobile AS m JOIN tbl_user_notification_info AS i ON m.useridx = i.useridx WHERE i.useridx = 10369 AND NOW() > IFNULL(DATE_ADD(lastpushdate, INTERVAL 1 DAY),0) AND pushcount <= 7 
NOTI COUNT : 0
NOTI COUNT : 0
NOTI COUNT : 0
useridx : 10369  userid: 100000597867474   usercredit : 4418275  userlevel : 221 
tbl_user_notification_info : SELECT m.uuid, m.os_type, m.push_enabled FROM tbl_user_mobile AS m JOIN tbl_user_notification_info AS i ON m.useridx = i.useridx WHERE i.useridx = 10369 AND NOW() > IFNULL(DATE_ADD(lastpushdate, INTERVAL 1 DAY),0) AND pushcount <= 7 
NOTI COUNT : 0
NOTI COUNT : 0
NOTI COUNT : 0
useridx : 10369  userid: 100000597867474   usercredit : 4418275  userlevel : 221 
tbl_user_notification_info : SELECT m.uuid, m.os_type, m.push_enabled FROM tbl_user_mobile AS m JOIN tbl_user_notification_info AS i ON m.useridx = i.useridx WHERE i.useridx = 10369 AND NOW() > IFNULL(DATE_ADD(lastpushdate, INTERVAL 1 DAY),0) AND pushcount <= 7 
NOTI COUNT : 0
NOTI COUNT : 0
NOTI COUNT : 0
useridx : 10369  userid: 100000597867474   usercredit : 4418275  userlevel : 221 
tbl_user_notification_info : SELECT m.uuid, m.os_type, m.push_enabled FROM tbl_user_mobile AS m JOIN tbl_user_notification_info AS i ON m.useridx = i.useridx WHERE i.useridx = 10369 AND NOW() > IFNULL(DATE_ADD(lastpushdate, INTERVAL 1 DAY),0) AND pushcount <= 7 
NOTI COUNT : 0
NOTI COUNT : 0
NOTI COUNT : 0
useridx : 10369  userid: 100000597867474   usercredit : 4418275  userlevel : 221 
tbl_user_notification_info : SELECT m.uuid, m.os_type, m.push_enabled FROM tbl_user_mobile AS m JOIN tbl_user_notification_info AS i ON m.useridx = i.useridx WHERE i.useridx = 10369 AND NOW() > IFNULL(DATE_ADD(lastpushdate, INTERVAL 1 DAY),0) AND pushcount <= 7 
NOTI COUNT : 0
NOTI COUNT : 0
NOTI COUNT : 0
useridx : 10369  userid: 100000597867474   usercredit : 4418275  userlevel : 221 
tbl_user_notification_info : SELECT m.uuid, m.os_type, m.push_enabled FROM tbl_user_mobile AS m JOIN tbl_user_notification_info AS i ON m.useridx = i.useridx WHERE i.useridx = 10369 AND NOW() > IFNULL(DATE_ADD(lastpushdate, INTERVAL 1 DAY),0) AND pushcount <= 7 
NOTI COUNT : 0
NOTI COUNT : 0
NOTI COUNT : 0
useridx : 10369  userid: 100000597867474   usercredit : 4418275  userlevel : 221 
tbl_user_notification_info : SELECT m.uuid, m.os_type, m.push_enabled FROM tbl_user_mobile AS m JOIN tbl_user_notification_info AS i ON m.useridx = i.useridx WHERE i.useridx = 10369 AND NOW() > IFNULL(DATE_ADD(lastpushdate, INTERVAL 1 DAY),0) AND pushcount <= 7 
NOTI COUNT : 0
NOTI COUNT : 0
NOTI COUNT : 0
useridx : 10369  userid: 100000597867474   usercredit : 4418275  userlevel : 221 
tbl_user_notification_info : SELECT m.uuid, m.os_type, m.push_enabled FROM tbl_user_mobile AS m JOIN tbl_user_notification_info AS i ON m.useridx = i.useridx WHERE i.useridx = 10369 AND NOW() > IFNULL(DATE_ADD(lastpushdate, INTERVAL 1 DAY),0) AND pushcount <= 7 
NOTI COUNT : 0
NOTI COUNT : 0
NOTI COUNT : 0
useridx : 10369  userid: 100000597867474   usercredit : 4418275  userlevel : 221 
tbl_user_notification_info : SELECT m.uuid, m.os_type, m.push_enabled FROM tbl_user_mobile AS m JOIN tbl_user_notification_info AS i ON m.useridx = i.useridx WHERE i.useridx = 10369 AND NOW() > IFNULL(DATE_ADD(lastpushdate, INTERVAL 1 DAY),0) AND pushcount <= 7 
NOTI COUNT : 0
NOTI COUNT : 0
NOTI COUNT : 0
useridx : 10369  userid: 100000597867474   usercredit : 4418275  userlevel : 221 
tbl_user_notification_info : SELECT m.uuid, m.os_type, m.push_enabled FROM tbl_user_mobile AS m JOIN tbl_user_notification_info AS i ON m.useridx = i.useridx WHERE i.useridx = 10369 AND NOW() > IFNULL(DATE_ADD(lastpushdate, INTERVAL 1 DAY),0) AND pushcount <= 7 
NOTI COUNT : 0
NOTI COUNT : 0
NOTI COUNT : 0
useridx : 10369  userid: 100000597867474   usercredit : 4418275  userlevel : 221 
tbl_user_notification_info : SELECT m.uuid, m.os_type, m.push_enabled FROM tbl_user_mobile AS m JOIN tbl_user_notification_info AS i ON m.useridx = i.useridx WHERE i.useridx = 10369 AND NOW() > IFNULL(DATE_ADD(lastpushdate, INTERVAL 1 DAY),0) AND pushcount <= 7 
NOTI COUNT : 0
NOTI COUNT : 0
NOTI COUNT : 0
useridx : 10369  userid: 100000597867474   usercredit : 4418275  userlevel : 221 
tbl_user_notification_info : SELECT m.uuid, m.os_type, m.push_enabled FROM tbl_user_mobile AS m JOIN tbl_user_notification_info AS i ON m.useridx = i.useridx WHERE i.useridx = 10369 AND NOW() > IFNULL(DATE_ADD(lastpushdate, INTERVAL 1 DAY),0) AND pushcount <= 7 
NOTI COUNT : 0
NOTI COUNT : 0
NOTI COUNT : 0
useridx : 10369  userid: 100000597867474   usercredit : 4418275  userlevel : 221 
tbl_user_notification_info : SELECT m.uuid, m.os_type, m.push_enabled FROM tbl_user_mobile AS m JOIN tbl_user_notification_info AS i ON m.useridx = i.useridx WHERE i.useridx = 10369 AND NOW() > IFNULL(DATE_ADD(lastpushdate, INTERVAL 1 DAY),0) AND pushcount <= 7 
NOTI COUNT : 0
NOTI COUNT : 0
NOTI COUNT : 0
useridx : 10369  userid: 100000597867474   usercredit : 4418275  userlevel : 221 
tbl_user_notification_info : SELECT m.uuid, m.os_type, m.push_enabled FROM tbl_user_mobile AS m JOIN tbl_user_notification_info AS i ON m.useridx = i.useridx WHERE i.useridx = 10369 AND NOW() > IFNULL(DATE_ADD(lastpushdate, INTERVAL 1 DAY),0) AND pushcount <= 7 
NOTI COUNT : 0
NOTI COUNT : 0
NOTI COUNT : 0
useridx : 10369  userid: 100000597867474   usercredit : 4418275  userlevel : 221 
tbl_user_notification_info : SELECT m.uuid, m.os_type, m.push_enabled FROM tbl_user_mobile AS m JOIN tbl_user_notification_info AS i ON m.useridx = i.useridx WHERE i.useridx = 10369 AND NOW() > IFNULL(DATE_ADD(lastpushdate, INTERVAL 1 DAY),0) AND pushcount <= 7 
NOTI COUNT : 0
NOTI COUNT : 0
NOTI COUNT : 0
useridx : 10369  userid: 100000597867474   usercredit : 4418275  userlevel : 221 
tbl_user_notification_info : SELECT m.uuid, m.os_type, m.push_enabled FROM tbl_user_mobile AS m JOIN tbl_user_notification_info AS i ON m.useridx = i.useridx WHERE i.useridx = 10369 AND NOW() > IFNULL(DATE_ADD(lastpushdate, INTERVAL 1 DAY),0) AND pushcount <= 7 
NOTI COUNT : 0
NOTI COUNT : 0
NOTI COUNT : 0
useridx : 10369  userid: 100000597867474   usercredit : 4418275  userlevel : 221 
tbl_user_notification_info : SELECT m.uuid, m.os_type, m.push_enabled FROM tbl_user_mobile AS m JOIN tbl_user_notification_info AS i ON m.useridx = i.useridx WHERE i.useridx = 10369 AND NOW() > IFNULL(DATE_ADD(lastpushdate, INTERVAL 1 DAY),0) AND pushcount <= 7 
NOTI COUNT : 0
NOTI COUNT : 0
NOTI COUNT : 0
useridx : 10369  userid: 100000597867474   usercredit : 4418275  userlevel : 221 
tbl_user_notification_info : SELECT m.uuid, m.os_type, m.push_enabled FROM tbl_user_mobile AS m JOIN tbl_user_notification_info AS i ON m.useridx = i.useridx WHERE i.useridx = 10369 AND NOW() > IFNULL(DATE_ADD(lastpushdate, INTERVAL 1 DAY),0) AND pushcount <= 7 
NOTI COUNT : 0
NOTI COUNT : 0
NOTI COUNT : 0
useridx : 10369  userid: 100000597867474   usercredit : 4418275  userlevel : 221 
tbl_user_notification_info : SELECT m.uuid, m.os_type, m.push_enabled FROM tbl_user_mobile AS m JOIN tbl_user_notification_info AS i ON m.useridx = i.useridx WHERE i.useridx = 10369 AND NOW() > IFNULL(DATE_ADD(lastpushdate, INTERVAL 1 DAY),0) AND pushcount <= 7 
NOTI COUNT : 0
NOTI COUNT : 0
NOTI COUNT : 0
useridx : 10369  userid: 100000597867474   usercredit : 4418275  userlevel : 221 
tbl_user_notification_info : SELECT m.uuid, m.os_type, m.push_enabled FROM tbl_user_mobile AS m JOIN tbl_user_notification_info AS i ON m.useridx = i.useridx WHERE i.useridx = 10369 AND NOW() > IFNULL(DATE_ADD(lastpushdate, INTERVAL 1 DAY),0) AND pushcount <= 7 
NOTI COUNT : 0
NOTI COUNT : 0
NOTI COUNT : 0
useridx : 10369  userid: 100000597867474   usercredit : 4418275  userlevel : 221 
tbl_user_notification_info : SELECT m.uuid, m.os_type, m.push_enabled FROM tbl_user_mobile AS m JOIN tbl_user_notification_info AS i ON m.useridx = i.useridx WHERE i.useridx = 10369 AND NOW() > IFNULL(DATE_ADD(lastpushdate, INTERVAL 1 DAY),0) AND pushcount <= 7 
NOTI COUNT : 0
NOTI COUNT : 0
NOTI COUNT : 0
useridx : 10369  userid: 100000597867474   usercredit : 4418275  userlevel : 221 
tbl_user_notification_info : SELECT m.uuid, m.os_type, m.push_enabled FROM tbl_user_mobile AS m JOIN tbl_user_notification_info AS i ON m.useridx = i.useridx WHERE i.useridx = 10369 AND NOW() > IFNULL(DATE_ADD(lastpushdate, INTERVAL 1 DAY),0) AND pushcount <= 7 
NOTI COUNT : 0
NOTI COUNT : 0
NOTI COUNT : 0
useridx : 10369  userid: 100000597867474   usercredit : 4418275  userlevel : 221 
tbl_user_notification_info : SELECT m.uuid, m.os_type, m.push_enabled FROM tbl_user_mobile AS m JOIN tbl_user_notification_info AS i ON m.useridx = i.useridx WHERE i.useridx = 10369 AND NOW() > IFNULL(DATE_ADD(lastpushdate, INTERVAL 1 DAY),0) AND pushcount <= 7 
NOTI COUNT : 0
NOTI COUNT : 0
NOTI COUNT : 0
useridx : 10369  userid: 100000597867474   usercredit : 4418275  userlevel : 221 
tbl_user_notification_info : SELECT m.uuid, m.os_type, m.push_enabled FROM tbl_user_mobile AS m JOIN tbl_user_notification_info AS i ON m.useridx = i.useridx WHERE i.useridx = 10369 AND NOW() > IFNULL(DATE_ADD(lastpushdate, INTERVAL 1 DAY),0) AND pushcount <= 7 
NOTI COUNT : 0
NOTI COUNT : 0
NOTI COUNT : 0
useridx : 10369  userid: 100000597867474   usercredit : 4418275  userlevel : 221 
tbl_user_notification_info : SELECT m.uuid, m.os_type, m.push_enabled FROM tbl_user_mobile AS m JOIN tbl_user_notification_info AS i ON m.useridx = i.useridx WHERE i.useridx = 10369 AND NOW() > IFNULL(DATE_ADD(lastpushdate, INTERVAL 1 DAY),0) AND pushcount <= 7 
NOTI COUNT : 0
NOTI COUNT : 0
NOTI COUNT : 0
useridx : 10369  userid: 100000597867474   usercredit : 4418275  userlevel : 221 
tbl_user_notification_info : SELECT m.uuid, m.os_type, m.push_enabled FROM tbl_user_mobile AS m JOIN tbl_user_notification_info AS i ON m.useridx = i.useridx WHERE i.useridx = 10369 AND NOW() > IFNULL(DATE_ADD(lastpushdate, INTERVAL 1 DAY),0) AND pushcount <= 7 
NOTI COUNT : 0
NOTI COUNT : 0
NOTI COUNT : 0
useridx : 10369  userid: 100000597867474   usercredit : 4418275  userlevel : 221 
tbl_user_notification_info : SELECT m.uuid, m.os_type, m.push_enabled FROM tbl_user_mobile AS m JOIN tbl_user_notification_info AS i ON m.useridx = i.useridx WHERE i.useridx = 10369 AND NOW() > IFNULL(DATE_ADD(lastpushdate, INTERVAL 1 DAY),0) AND pushcount <= 7 
NOTI COUNT : 0
NOTI COUNT : 0
NOTI COUNT : 0
useridx : 10369  userid: 100000597867474   usercredit : 4418275  userlevel : 221 
tbl_user_notification_info : SELECT m.uuid, m.os_type, m.push_enabled FROM tbl_user_mobile AS m JOIN tbl_user_notification_info AS i ON m.useridx = i.useridx WHERE i.useridx = 10369 AND NOW() > IFNULL(DATE_ADD(lastpushdate, INTERVAL 1 DAY),0) AND pushcount <= 7 
NOTI COUNT : 0
NOTI COUNT : 0
NOTI COUNT : 0
useridx : 10369  userid: 100000597867474   usercredit : 4418275  userlevel : 221 
tbl_user_notification_info : SELECT m.uuid, m.os_type, m.push_enabled FROM tbl_user_mobile AS m JOIN tbl_user_notification_info AS i ON m.useridx = i.useridx WHERE i.useridx = 10369 AND NOW() > IFNULL(DATE_ADD(lastpushdate, INTERVAL 1 DAY),0) AND pushcount <= 7 
NOTI COUNT : 0
NOTI COUNT : 0
NOTI COUNT : 0
useridx : 10369  userid: 100000597867474   usercredit : 4418275  userlevel : 221 
tbl_user_notification_info : SELECT m.uuid, m.os_type, m.push_enabled FROM tbl_user_mobile AS m JOIN tbl_user_notification_info AS i ON m.useridx = i.useridx WHERE i.useridx = 10369 AND NOW() > IFNULL(DATE_ADD(lastpushdate, INTERVAL 1 DAY),0) AND pushcount <= 7 
NOTI COUNT : 0
^Z
[1]+  Stopped                 ./GEngine_GCM
[root@localhost WBingo_GCMServer]# killall -9 GEngine_GCM
[root@localhost WBingo_GCMServer]# killall -9 GEngine_GCM
GEngine_GCM: no process killed
[1]+  죽었음               ./GEngine_GCM
[root@localhost WBingo_GCMServer]# ll -lat
합계 225976
drwxrwxr-x  4 wadmin   dub_server       4096 2017-06-19 16:02 .
-rwxr-xr-x  1 root     root           347856 2017-06-19 16:02 GEngine_GCM
-rwxrwxr-x  1 wadmin   dub_server      62974 2017-06-19 16:02 main.cpp
-rw-------  1 root     root       1181937664 2017-06-19 15:55 core.28495
-rw-------  1 root     root       1181798400 2017-06-19 15:52 core.28243
-rw-------  1 mswbingo dub_server   82757443 2017-06-19 13:56 nohup.out
drwxrwxr-x  2 wadmin   dub_server      12288 2017-06-19 13:56 log
-rw-r--r--  1 mswbingo dub_server       2664 2017-06-14 11:58 main_gengine.cpp
drwxrwxr-x 10 wadmin   dub_server       4096 2017-04-06 23:24 ..
drwxrwxr-x  2 wadmin   dub_server       4096 2016-03-11 19:09 conf
-rwxrwxr-x  1 wadmin   dub_server      12987 2016-03-09 12:13 DBPool.cpp
-rwxrwxr-x  1 wadmin   dub_server       1256 2016-03-09 12:05 MiscUtil.h
-rwxrwxr-x  1 wadmin   dub_server       8975 2016-03-09 12:05 MiscUtil.cpp
-rwxrwxr-x  1 wadmin   dub_server        476 2016-03-09 12:03 header.h
-rwxrwxr-x  1 wadmin   dub_server      90747 2016-03-09 12:03 emoji.cpp
-rwxrwxr-x  1 wadmin   dub_server       1100 2016-03-09 12:03 DBPool.h
-rwxrwxr-x  1 wadmin   dub_server        823 2015-03-19 12:50 Makefile
-rwxrwxr-x  1 wadmin   dub_server        128 2015-03-19 12:50 go.sh
-rwxrwxr-x  1 wadmin   dub_server         92 2015-03-19 12:50 GEngine_GCM.sh
-rwxrwxr-x  1 wadmin   dub_server         34 2015-03-19 12:50 emoji.h
[root@localhost WBingo_GCMServer]# make
g++ -Wall -g -c -D_REENTRANT -D_LARGEFILE_SOURCE -D_FILE_OFFSET_BITS=64 -I/usr/include/mysql MiscUtil.cpp
g++ -Wall -g -c -D_REENTRANT -D_LARGEFILE_SOURCE -D_FILE_OFFSET_BITS=64 -I/usr/include/mysql DBPool.cpp
g++ -Wall -g -c -D_REENTRANT -D_LARGEFILE_SOURCE -D_FILE_OFFSET_BITS=64 -I/usr/include/mysql emoji.cpp
g++ -Wall -g -c -D_REENTRANT -D_LARGEFILE_SOURCE -D_FILE_OFFSET_BITS=64 -I/usr/include/mysql main.cpp
main.cpp: In function ‘void* push_neworder_thread(void*)’:
main.cpp:1774: warning: unknown conversion type character ‘'’ in format
main.cpp:1786: warning: format ‘%s’ expects type ‘char*’, but argument 3 has type ‘char (*)[100]’
main.cpp:1825: warning: format ‘%lld’ expects type ‘long long int’, but argument 4 has type ‘int’
main.cpp: In function ‘void* push_newjoin_thread(void*)’:
main.cpp:1915: warning: unused variable ‘res_ptr’
main.cpp:1916: warning: unused variable ‘sqlrow’
main.cpp:1917: warning: unused variable ‘sql’
main.cpp:1918: warning: unused variable ‘res_ptr2’
main.cpp:1919: warning: unused variable ‘sqlrow2’
main.cpp: In function ‘void* push_bonusdaily_thread(void*)’:
main.cpp:1956: warning: unused variable ‘res_ptr’
main.cpp:1957: warning: unused variable ‘sqlrow’
main.cpp:1958: warning: unused variable ‘sql’
main.cpp:1959: warning: unused variable ‘res_ptr2’
main.cpp:1960: warning: unused variable ‘sqlrow2’
main.cpp: In function ‘void* push_2weekshigh_thread(void*)’:
main.cpp:1997: warning: unused variable ‘res_ptr’
main.cpp:1998: warning: unused variable ‘sqlrow’
main.cpp:1999: warning: unused variable ‘sql’
main.cpp:2000: warning: unused variable ‘res_ptr2’
main.cpp:2001: warning: unused variable ‘sqlrow2’
main.cpp: In function ‘void* push_2weekslow_thread(void*)’:
main.cpp:2038: warning: unused variable ‘res_ptr’
main.cpp:2039: warning: unused variable ‘sqlrow’
main.cpp:2040: warning: unused variable ‘sql’
main.cpp:2041: warning: unused variable ‘res_ptr2’
main.cpp:2042: warning: unused variable ‘sqlrow2’
g++ -Wall -g -o GEngine_GCM -D_REENTRANT -D_LARGEFILE_SOURCE -D_FILE_OFFSET_BITS=64 MiscUtil.o DBPool.o emoji.o main.o -lpthread -lmysqlclient_r -lcurl -ljson -lrt  -L/usr/lib64/mysql
rm -f MiscUtil.o DBPool.o emoji.o main.o
[root@localhost WBingo_GCMServer]# 
